Archive member included to satisfy reference by file (symbol)

c:/vsarm/armcc/102021~1.10/bin/../lib/gcc/arm-none-eabi/10.3.1/thumb/v6-m/nofp\libgcc.a(_dvmd_tls.o)
                              CMakeFiles/2104_Project.dir/C_/VSARM/sdk/pico/pico-sdk/src/rp2_common/pico_divider/divider.S.obj (__aeabi_idiv0)
c:/vsarm/armcc/102021~1.10/bin/../lib/gcc/arm-none-eabi/10.3.1/../../../../arm-none-eabi/lib/thumb/v6-m/nofp\libg.a(lib_a-calloc.o)
                              CMakeFiles/2104_Project.dir/C_/VSARM/sdk/pico/pico-sdk/src/rp2_common/pico_malloc/pico_malloc.c.obj (calloc)
c:/vsarm/armcc/102021~1.10/bin/../lib/gcc/arm-none-eabi/10.3.1/../../../../arm-none-eabi/lib/thumb/v6-m/nofp\libg.a(lib_a-callocr.o)
                              c:/vsarm/armcc/102021~1.10/bin/../lib/gcc/arm-none-eabi/10.3.1/../../../../arm-none-eabi/lib/thumb/v6-m/nofp\libg.a(lib_a-calloc.o) (_calloc_r)
c:/vsarm/armcc/102021~1.10/bin/../lib/gcc/arm-none-eabi/10.3.1/../../../../arm-none-eabi/lib/thumb/v6-m/nofp\libg.a(lib_a-ctype_.o)
                              CMakeFiles/2104_Project.dir/C_/VSARM/sdk/pico/pico-sdk/lib/tinyusb/src/tusb.c.obj (_ctype_)
c:/vsarm/armcc/102021~1.10/bin/../lib/gcc/arm-none-eabi/10.3.1/../../../../arm-none-eabi/lib/thumb/v6-m/nofp\libg.a(lib_a-errno.o)
                              c:/vsarm/armcc/102021~1.10/bin/../lib/gcc/arm-none-eabi/10.3.1/../../../../arm-none-eabi/lib/thumb/v6-m/nofp\libg.a(lib_a-callocr.o) (__errno)
c:/vsarm/armcc/102021~1.10/bin/../lib/gcc/arm-none-eabi/10.3.1/../../../../arm-none-eabi/lib/thumb/v6-m/nofp\libg.a(lib_a-impure.o)
                              c:/vsarm/armcc/102021~1.10/bin/../lib/gcc/arm-none-eabi/10.3.1/../../../../arm-none-eabi/lib/thumb/v6-m/nofp\libg.a(lib_a-calloc.o) (_impure_ptr)
c:/vsarm/armcc/102021~1.10/bin/../lib/gcc/arm-none-eabi/10.3.1/../../../../arm-none-eabi/lib/thumb/v6-m/nofp\libg.a(lib_a-init.o)
                              c:/vsarm/armcc/102021~1.10/bin/../lib/gcc/arm-none-eabi/10.3.1/../../../../arm-none-eabi/lib/thumb/v6-m/nofp/crt0.o (__libc_init_array)
c:/vsarm/armcc/102021~1.10/bin/../lib/gcc/arm-none-eabi/10.3.1/../../../../arm-none-eabi/lib/thumb/v6-m/nofp\libg.a(lib_a-malloc.o)
                              CMakeFiles/2104_Project.dir/C_/VSARM/sdk/pico/pico-sdk/src/rp2_common/pico_malloc/pico_malloc.c.obj (malloc)
c:/vsarm/armcc/102021~1.10/bin/../lib/gcc/arm-none-eabi/10.3.1/../../../../arm-none-eabi/lib/thumb/v6-m/nofp\libg.a(lib_a-mallocr.o)
                              c:/vsarm/armcc/102021~1.10/bin/../lib/gcc/arm-none-eabi/10.3.1/../../../../arm-none-eabi/lib/thumb/v6-m/nofp\libg.a(lib_a-callocr.o) (_malloc_r)
c:/vsarm/armcc/102021~1.10/bin/../lib/gcc/arm-none-eabi/10.3.1/../../../../arm-none-eabi/lib/thumb/v6-m/nofp\libg.a(lib_a-mlock.o)
                              c:/vsarm/armcc/102021~1.10/bin/../lib/gcc/arm-none-eabi/10.3.1/../../../../arm-none-eabi/lib/thumb/v6-m/nofp\libg.a(lib_a-mallocr.o) (__malloc_lock)
c:/vsarm/armcc/102021~1.10/bin/../lib/gcc/arm-none-eabi/10.3.1/../../../../arm-none-eabi/lib/thumb/v6-m/nofp\libg.a(lib_a-realloc.o)
                              CMakeFiles/2104_Project.dir/C_/VSARM/sdk/pico/pico-sdk/src/rp2_common/pico_malloc/pico_malloc.c.obj (realloc)
c:/vsarm/armcc/102021~1.10/bin/../lib/gcc/arm-none-eabi/10.3.1/../../../../arm-none-eabi/lib/thumb/v6-m/nofp\libg.a(lib_a-reallocr.o)
                              c:/vsarm/armcc/102021~1.10/bin/../lib/gcc/arm-none-eabi/10.3.1/../../../../arm-none-eabi/lib/thumb/v6-m/nofp\libg.a(lib_a-realloc.o) (_realloc_r)
c:/vsarm/armcc/102021~1.10/bin/../lib/gcc/arm-none-eabi/10.3.1/../../../../arm-none-eabi/lib/thumb/v6-m/nofp\libg.a(lib_a-sbrkr.o)
                              c:/vsarm/armcc/102021~1.10/bin/../lib/gcc/arm-none-eabi/10.3.1/../../../../arm-none-eabi/lib/thumb/v6-m/nofp\libg.a(lib_a-mallocr.o) (_sbrk_r)
c:/vsarm/armcc/102021~1.10/bin/../lib/gcc/arm-none-eabi/10.3.1/../../../../arm-none-eabi/lib/thumb/v6-m/nofp\libg.a(lib_a-strlen-stub.o)
                              CMakeFiles/2104_Project.dir/C_/VSARM/sdk/pico/pico-sdk/src/rp2_common/pico_stdio/stdio.c.obj (strlen)
c:/vsarm/armcc/102021~1.10/bin/../lib/gcc/arm-none-eabi/10.3.1/../../../../arm-none-eabi/lib/thumb/v6-m/nofp\libg.a(lib_a-freer.o)
                              c:/vsarm/armcc/102021~1.10/bin/../lib/gcc/arm-none-eabi/10.3.1/../../../../arm-none-eabi/lib/thumb/v6-m/nofp\libg.a(lib_a-malloc.o) (_free_r)
c:/vsarm/armcc/102021~1.10/bin/../lib/gcc/arm-none-eabi/10.3.1/../../../../arm-none-eabi/lib/thumb/v6-m/nofp\libg.a(lib_a-lock.o)
                              c:/vsarm/armcc/102021~1.10/bin/../lib/gcc/arm-none-eabi/10.3.1/../../../../arm-none-eabi/lib/thumb/v6-m/nofp\libg.a(lib_a-mlock.o) (__retarget_lock_acquire_recursive)
c:/vsarm/armcc/102021~1.10/bin/../lib/gcc/arm-none-eabi/10.3.1/../../../../arm-none-eabi/lib/thumb/v6-m/nofp\libg.a(lib_a-memmove.o)
[...]
Memory Configuration

Name             Origin             Length             Attributes
FLASH            0x10000000         0x00200000         xr
RAM              0x20000000         0x00040000         xrw
SCRATCH_X        0x20040000         0x00001000         xrw
SCRATCH_Y        0x20041000         0x00001000         xrw
*default*        0x00000000         0xffffffff

Linker script and memory map

LOAD c:/vsarm/armcc/102021~1.10/bin/../lib/gcc/arm-none-eabi/10.3.1/thumb/v6-m/nofp/crti.o
LOAD c:/vsarm/armcc/102021~1.10/bin/../lib/gcc/arm-none-eabi/10.3.1/thumb/v6-m/nofp/crtbegin.o
LOAD c:/vsarm/armcc/102021~1.10/bin/../lib/gcc/arm-none-eabi/10.3.1/../../../../arm-none-eabi/lib/thumb/v6-m/nofp/crt0.o

.flash_begin    0x10000000        0x0
                0x10000000                __flash_binary_start = .

.boot2          0x10000000      0x100
                0x10000000                __boot2_start__ = .
 *(.boot2)
 .boot2         0x10000000      0x100 C:\Users\png_b\AppData\Local\Temp\ccEUiopY.o
                0x10000100                __boot2_end__ = .
                0x00000001                ASSERT (((__boot2_end__ - __boot2_start__) == 0x100), ERROR: Pico second stage bootloader must be 256 bytes in size)

.text           0x10000100     0xa910
                0x10000100                __logical_binary_start = .
 *(.vectors)
 .vectors       0x10000100       0xd4 CMakeFiles/2104_Project.dir/C_/VSARM/sdk/pico/pico-sdk/src/rp2_common/pico_standard_link/crt0.S.obj
                0x10000100                __VECTOR_TABLE
                0x10000100                __vectors
                0x100001c0                isr_invalid
                0x100001c0                __default_isrs_start
                0x100001c2                isr_nmi
                0x100001c4                isr_hardfault
                0x100001c6                isr_svcall
                0x100001c8                isr_pendsv
                0x100001ca                isr_systick
                0x100001cc                isr_irq23
                0x100001cc                isr_irq18
                0x100001cc                isr_irq11
                0x100001cc                isr_irq28
                0x100001cc                isr_irq19
                0x100001cc                isr_irq0
                0x100001cc                isr_irq6
                0x100001cc                isr_irq5
                0x100001cc                isr_irq12
                0x100001cc                isr_irq22
                0x100001cc                isr_irq31
                0x100001cc                isr_irq17
                0x100001cc                isr_irq27
                0x100001cc                isr_irq30
                0x100001cc                isr_irq2
                0x100001cc                isr_irq10
                0x100001cc                isr_irq8
                0x100001cc                isr_irq24
                0x100001cc                isr_irq1
                0x100001cc                isr_irq7
                0x100001cc                isr_irq21
                0x100001cc                isr_irq20
                0x100001cc                isr_irq15
                0x100001cc                isr_irq25
                0x100001cc                isr_irq13
                0x100001cc                __unhandled_user_irq
                0x100001cc                isr_irq4
                0x100001cc                isr_irq16
                0x100001cc                isr_irq29
                0x100001cc                isr_irq26
                0x100001cc                __default_isrs_end
                0x100001cc                isr_irq3
                0x100001cc                isr_irq14
                0x100001cc                isr_irq9
                0x100001d2                unhandled_user_irq_num_in_r0
 *(.binary_info_header)
 .binary_info_header
                0x100001d4       0x14 CMakeFiles/2104_Project.dir/C_/VSARM/sdk/pico/pico-sdk/src/rp2_common/pico_standard_link/crt0.S.obj
                0x100001e8                __binary_info_header_end = .
 *(.reset)
 .reset         0x100001e8       0xa8 CMakeFiles/2104_Project.dir/C_/VSARM/sdk/pico/pico-sdk/src/rp2_common/pico_standard_link/crt0.S.obj
                0x100001e8                _entry_point
                0x10000266                __get_current_exception
 .reset         0x10000290       0x30 CMakeFiles/2104_Project.dir/C_/VSARM/sdk/pico/pico-sdk/src/rp2_common/pico_standard_link/binary_info.c.obj
 *(.init)
 .init          0x100002c0        0x4 c:/vsarm/armcc/102021~1.10/bin/../lib/gcc/arm-none-eabi/10.3.1/thumb/v6-m/nofp/crti.o
                0x100002c0                _init
 *(EXCLUDE_FILE(*libm.a: *libc.a:*lib_a-mem*.o *libgcc.a:) .text*)
 .text          0x100002c4       0x48 c:/vsarm/armcc/102021~1.10/bin/../lib/gcc/arm-none-eabi/10.3.1/thumb/v6-m/nofp/crtbegin.o
 .text.add_repeating_timer_ms
                0x1000030c       0x3c CMakeFiles/2104_Project.dir/main.c.obj
 .text.main     0x10000348       0x70 CMakeFiles/2104_Project.dir/main.c.obj
                0x10000348                main
 .text.SavePrevXYToCurrentNode
                0x100003b8       0x70 CMakeFiles/2104_Project.dir/mapping.c.obj
                0x100003b8                SavePrevXYToCurrentNode
 .text.Push     0x10000428       0x30 CMakeFiles/2104_Project.dir/mapping.c.obj
                0x10000428                Push
 .text.Pop      0x10000458       0x38 CMakeFiles/2104_Project.dir/mapping.c.obj
                0x10000458                Pop
 .text.Peek     0x10000490       0x30 CMakeFiles/2104_Project.dir/mapping.c.obj
                0x10000490                Peek
 .text.AddStackIfNotExist
                0x100004c0       0x40 CMakeFiles/2104_Project.dir/mapping.c.obj
                0x100004c0                AddStackIfNotExist
 .text.MarkWall
                0x10000500      0x130 CMakeFiles/2104_Project.dir/mapping.c.obj
                0x10000500                MarkWall
 .text.SetCar   0x10000630       0x14 CMakeFiles/2104_Project.dir/mapping.c.obj
                0x10000630                SetCar
 .text.SetCarWallPointers
                0x10000644      0x13c CMakeFiles/2104_Project.dir/mapping.c.obj
                0x10000644                SetCarWallPointers
 .text.AddDirectionToStack
                0x10000780       0xec CMakeFiles/2104_Project.dir/mapping.c.obj
                0x10000780                AddDirectionToStack
 .text.CheckDirectionOfNode
                0x1000086c       0x38 CMakeFiles/2104_Project.dir/mapping.c.obj
                0x1000086c                CheckDirectionOfNode
 .text.GetLeftDirection
                0x100008a4       0x22 CMakeFiles/2104_Project.dir/mapping.c.obj
                0x100008a4                GetLeftDirection
 .text.GetRightDirection
                0x100008c6       0x22 CMakeFiles/2104_Project.dir/mapping.c.obj
                0x100008c6                GetRightDirection
 .text.GetBackDirection
                0x100008e8       0x22 CMakeFiles/2104_Project.dir/mapping.c.obj
                0x100008e8                GetBackDirection
 *fill*         0x1000090a        0x2 
 .text.CheckUltrasonic
                0x1000090c       0x74 CMakeFiles/2104_Project.dir/mapping.c.obj
                0x1000090c                CheckUltrasonic
 .text.CheckCurrentNode
                0x10000980       0xa4 CMakeFiles/2104_Project.dir/mapping.c.obj
                0x10000980                CheckCurrentNode
 .text.ChangeCarDirection
                0x10000a24       0xa0 CMakeFiles/2104_Project.dir/mapping.c.obj
                0x10000a24                ChangeCarDirection
 .text.Backtrack
                0x10000ac4       0x40 CMakeFiles/2104_Project.dir/mapping.c.obj
                0x10000ac4                Backtrack
 .text.MoveCarToStackPos
                0x10000b04      0x180 CMakeFiles/2104_Project.dir/mapping.c.obj
                0x10000b04                MoveCarToStackPos
 .text.ConvertMappedGrid
                0x10000c84       0xe0 CMakeFiles/2104_Project.dir/mapping.c.obj
                0x10000c84                ConvertMappedGrid
 .text.conversionConstructor
                0x10000d64      0x18c CMakeFiles/2104_Project.dir/mapping.c.obj
                0x10000d64                conversionConstructor
 .text.setCoord
                0x10000ef0       0x34 CMakeFiles/2104_Project.dir/mapping.c.obj
                0x10000ef0                setCoord
 .text.validMove
                0x10000f24       0x36 CMakeFiles/2104_Project.dir/mapping.c.obj
                0x10000f24                validMove
 *fill*         0x10000f5a        0x2 
 .text.navigateTo
                0x10000f5c      0x124 CMakeFiles/2104_Project.dir/mapping.c.obj
                0x10000f5c                navigateTo
 .text.targetLocator
                0x10001080      0x1f8 CMakeFiles/2104_Project.dir/mapping.c.obj
                0x10001080                targetLocator
 .text.receiveCoordinate
                0x10001278       0x80 CMakeFiles/2104_Project.dir/mapping.c.obj
                0x10001278                receiveCoordinate
 .text.MappingMain
                0x100012f8       0x88 CMakeFiles/2104_Project.dir/mapping.c.obj
                0x100012f8                MappingMain
 .text.uart_start
                0x10001380       0x24 CMakeFiles/2104_Project.dir/comms_uart.c.obj
                0x10001380                uart_start
 .text.uart_send_float
                0x100013a4       0x54 CMakeFiles/2104_Project.dir/comms_uart.c.obj
                0x100013a4                uart_send_float
 .text.uart_send_map
                0x100013f8       0x60 CMakeFiles/2104_Project.dir/comms_uart.c.obj
                0x100013f8                uart_send_map
 .text.uart_read_data
                0x10001458       0x6c CMakeFiles/2104_Project.dir/comms_uart.c.obj
                0x10001458                uart_read_data
 .text.ISR_rightEncoder
                0x100014c4       0x28 CMakeFiles/2104_Project.dir/encoder.c.obj
                0x100014c4                ISR_rightEncoder
 .text.ISR_leftEncoder
                0x100014ec       0x1c CMakeFiles/2104_Project.dir/encoder.c.obj
                0x100014ec                ISR_leftEncoder
 .text.get_RightNotches
                0x10001508        0xc CMakeFiles/2104_Project.dir/encoder.c.obj
                0x10001508                get_RightNotches
 .text.get_LeftNotches
                0x10001514        0xc CMakeFiles/2104_Project.dir/encoder.c.obj
                0x10001514                get_LeftNotches
 .text.get_RightCounter
                0x10001520        0xc CMakeFiles/2104_Project.dir/encoder.c.obj
                0x10001520                get_RightCounter
 .text.get_LeftCounter
                0x1000152c        0xc CMakeFiles/2104_Project.dir/encoder.c.obj
                0x1000152c                get_LeftCounter
 .text.get_current_notches
                0x10001538       0x10 CMakeFiles/2104_Project.dir/encoder.c.obj
                0x10001538                get_current_notches
 .text.reset_notches
                0x10001548        0xc CMakeFiles/2104_Project.dir/encoder.c.obj
                0x10001548                reset_notches
 .text.reset_RightCounter
                0x10001554        0xc CMakeFiles/2104_Project.dir/encoder.c.obj
                0x10001554                reset_RightCounter
 .text.reset_LeftCounter
                0x10001560        0xc CMakeFiles/2104_Project.dir/encoder.c.obj
                0x10001560                reset_LeftCounter
 .text.reset_RightNotches
                0x1000156c        0xc CMakeFiles/2104_Project.dir/encoder.c.obj
                0x1000156c                reset_RightNotches
 .text.reset_LeftNotches
                0x10001578        0xc CMakeFiles/2104_Project.dir/encoder.c.obj
                0x10001578                reset_LeftNotches
 .text.CMtoSteps
                0x10001584       0x14 CMakeFiles/2104_Project.dir/encoder.c.obj
                0x10001584                CMtoSteps
 .text.gpio_callback
                0x10001598       0x18 CMakeFiles/2104_Project.dir/encoder.c.obj
                0x10001598                gpio_callback
 .text.init_pins
                0x100015b0       0x44 CMakeFiles/2104_Project.dir/encoder.c.obj
                0x100015b0                init_pins
 .text.init_motor
                0x100015f4       0x32 CMakeFiles/2104_Project.dir/motor.c.obj
                0x100015f4                init_motor
 *fill*         0x10001626        0x2 
 .text.init_pwmChanA
                0x10001628       0x9c CMakeFiles/2104_Project.dir/motor.c.obj
                0x10001628                init_pwmChanA
 .text.init_pwmChanB
                0x100016c4       0x9c CMakeFiles/2104_Project.dir/motor.c.obj
                0x100016c4                init_pwmChanB
 .text.ISR_PID  0x10001760       0xec CMakeFiles/2104_Project.dir/motor.c.obj
                0x10001760                ISR_PID
 .text.moveForward
                0x1000184c       0x30 CMakeFiles/2104_Project.dir/motor.c.obj
                0x1000184c                moveForward
 .text.stop     0x1000187c       0x18 CMakeFiles/2104_Project.dir/motor.c.obj
                0x1000187c                stop
 .text.turnLeft180
                0x10001894       0x4c CMakeFiles/2104_Project.dir/motor.c.obj
                0x10001894                turnLeft180
 .text.turnLeft90
                0x100018e0       0x4c CMakeFiles/2104_Project.dir/motor.c.obj
                0x100018e0                turnLeft90
 .text.turnRight90
                0x1000192c       0x4c CMakeFiles/2104_Project.dir/motor.c.obj
                0x1000192c                turnRight90
 .text.moveForwardBY
                0x10001978       0x80 CMakeFiles/2104_Project.dir/motor.c.obj
                0x10001978                moveForwardBY
 .text.moveBackwardBY
                0x100019f8       0x80 CMakeFiles/2104_Project.dir/motor.c.obj
                0x100019f8                moveBackwardBY
 .text.getPulse
                0x10001a78       0xa8 CMakeFiles/2104_Project.dir/ultrasonic.c.obj
                0x10001a78                getPulse
 .text.init_ultrasonic
                0x10001b20       0x32 CMakeFiles/2104_Project.dir/ultrasonic.c.obj
                0x10001b20                init_ultrasonic
 *fill*         0x10001b52        0x2 
 .text.ultrasonicPulse
                0x10001b54       0x54 CMakeFiles/2104_Project.dir/ultrasonic.c.obj
                0x10001b54                ultrasonicPulse
 .text.mpu6050_reset
                0x10001ba8       0x24 CMakeFiles/2104_Project.dir/mpu.c.obj
 .text.mpu6050_read_rawA
                0x10001bcc       0x50 CMakeFiles/2104_Project.dir/mpu.c.obj
 .text.calcAccAngle
                0x10001c1c       0x1c CMakeFiles/2104_Project.dir/mpu.c.obj
                0x10001c1c                calcAccAngle
 .text.calcTiltAngleX
                0x10001c38       0x34 CMakeFiles/2104_Project.dir/mpu.c.obj
                0x10001c38                calcTiltAngleX
 .text.calcHeight
                0x10001c6c       0x1c CMakeFiles/2104_Project.dir/mpu.c.obj
                0x10001c6c                calcHeight
 .text.mpu6050_calibration
                0x10001c88      0x100 CMakeFiles/2104_Project.dir/mpu.c.obj
                0x10001c88                mpu6050_calibration
 .text.getHeight
                0x10001d88       0x8c CMakeFiles/2104_Project.dir/mpu.c.obj
                0x10001d88                getHeight
 .text.init_accel
                0x10001e14       0x44 CMakeFiles/2104_Project.dir/mpu.c.obj
                0x10001e14                init_accel
 .text.checkBumpISR
                0x10001e58       0x84 CMakeFiles/2104_Project.dir/mpu.c.obj
                0x10001e58                checkBumpISR
 .text.init_barcode
                0x10001edc       0x38 CMakeFiles/2104_Project.dir/barcode.c.obj
                0x10001edc                init_barcode
 .text.combineArray
                0x10001f14       0x24 CMakeFiles/2104_Project.dir/barcode.c.obj
                0x10001f14                combineArray
 .text.decipherBarcode
                0x10001f38       0x48 CMakeFiles/2104_Project.dir/barcode.c.obj
                0x10001f38                decipherBarcode
 .text.printArray
                0x10001f80       0x2c CMakeFiles/2104_Project.dir/barcode.c.obj
                0x10001f80                printArray
 .text.compareArray
                0x10001fac       0x1c CMakeFiles/2104_Project.dir/barcode.c.obj
                0x10001fac                compareArray
 .text.decodeBarcode
                0x10001fc8      0x48c CMakeFiles/2104_Project.dir/barcode.c.obj
                0x10001fc8                decodeBarcode
 .text.detectBar_raw
                0x10002454      0x1c0 CMakeFiles/2104_Project.dir/barcode.c.obj
                0x10002454                detectBar_raw
 .text.barcode_sampling
                0x10002614       0xd8 CMakeFiles/2104_Project.dir/barcode.c.obj
                0x10002614                barcode_sampling
 .text.barcode_IRQ
                0x100026ec        0x8 CMakeFiles/2104_Project.dir/barcode.c.obj
                0x100026ec                barcode_IRQ
 .text.gpio_set_function
                0x100026f4       0x30 CMakeFiles/2104_Project.dir/C_/VSARM/sdk/pico/pico-sdk/src/rp2_common/hardware_gpio/gpio.c.obj
                0x100026f4                gpio_set_function
 .text.gpio_set_pulls
                0x10002724       0x34 CMakeFiles/2104_Project.dir/C_/VSARM/sdk/pico/pico-sdk/src/rp2_common/hardware_gpio/gpio.c.obj
                0x10002724                gpio_set_pulls
 .text.gpio_set_irq_callback
                0x10002758       0x48 CMakeFiles/2104_Project.dir/C_/VSARM/sdk/pico/pico-sdk/src/rp2_common/hardware_gpio/gpio.c.obj
                0x10002758                gpio_set_irq_callback
 .text.gpio_acknowledge_irq
                0x100027a0       0x18 CMakeFiles/2104_Project.dir/C_/VSARM/sdk/pico/pico-sdk/src/rp2_common/hardware_gpio/gpio.c.obj
                0x100027a0                gpio_acknowledge_irq
 .text._gpio_set_irq_enabled
                0x100027b8       0x34 CMakeFiles/2104_Project.dir/C_/VSARM/sdk/pico/pico-sdk/src/rp2_common/hardware_gpio/gpio.c.obj
 .text.gpio_set_irq_enabled
                0x100027ec       0x20 CMakeFiles/2104_Project.dir/C_/VSARM/sdk/pico/pico-sdk/src/rp2_common/hardware_gpio/gpio.c.obj
                0x100027ec                gpio_set_irq_enabled
 .text.gpio_set_irq_enabled_with_callback
                0x1000280c       0x20 CMakeFiles/2104_Project.dir/C_/VSARM/sdk/pico/pico-sdk/src/rp2_common/hardware_gpio/gpio.c.obj
                0x1000280c                gpio_set_irq_enabled_with_callback
 .text.gpio_default_irq_handler
                0x1000282c       0x98 CMakeFiles/2104_Project.dir/C_/VSARM/sdk/pico/pico-sdk/src/rp2_common/hardware_gpio/gpio.c.obj
 .text.gpio_set_input_enabled
                0x100028c4       0x30 CMakeFiles/2104_Project.dir/C_/VSARM/sdk/pico/pico-sdk/src/rp2_common/hardware_gpio/gpio.c.obj
                0x100028c4                gpio_set_input_enabled
 .text.gpio_init
                0x100028f4       0x16 CMakeFiles/2104_Project.dir/C_/VSARM/sdk/pico/pico-sdk/src/rp2_common/hardware_gpio/gpio.c.obj
                0x100028f4                gpio_init
 *fill*         0x1000290a        0x2 
 .text.hw_claim_lock
                0x1000290c       0x18 CMakeFiles/2104_Project.dir/C_/VSARM/sdk/pico/pico-sdk/src/rp2_common/hardware_claim/claim.c.obj
                0x1000290c                hw_claim_lock
 .text.hw_claim_unlock
                0x10002924       0x14 CMakeFiles/2104_Project.dir/C_/VSARM/sdk/pico/pico-sdk/src/rp2_common/hardware_claim/claim.c.obj
                0x10002924                hw_claim_unlock
 .text.hw_claim_or_assert
                0x10002938       0x32 CMakeFiles/2104_Project.dir/C_/VSARM/sdk/pico/pico-sdk/src/rp2_common/hardware_claim/claim.c.obj
                0x10002938                hw_claim_or_assert
 .text.hw_claim_unused_from_range
                0x1000296a       0x50 CMakeFiles/2104_Project.dir/C_/VSARM/sdk/pico/pico-sdk/src/rp2_common/hardware_claim/claim.c.obj
                0x1000296a                hw_claim_unused_from_range
 *fill*         0x100029ba        0x2 
 .text.running_on_fpga
                0x100029bc       0x14 CMakeFiles/2104_Project.dir/C_/VSARM/sdk/pico/pico-sdk/src/rp2_common/pico_platform/platform.c.obj
                0x100029bc                running_on_fpga
 .text.spin_locks_reset
                0x100029d0       0x20 CMakeFiles/2104_Project.dir/C_/VSARM/sdk/pico/pico-sdk/src/rp2_common/hardware_sync/sync.c.obj
                0x100029d0                spin_locks_reset
 .text.next_striped_spin_lock_num
                0x100029f0       0x1c CMakeFiles/2104_Project.dir/C_/VSARM/sdk/pico/pico-sdk/src/rp2_common/hardware_sync/sync.c.obj
                0x100029f0                next_striped_spin_lock_num
 .text.spin_lock_claim_unused
                0x10002a0c       0x20 CMakeFiles/2104_Project.dir/C_/VSARM/sdk/pico/pico-sdk/src/rp2_common/hardware_sync/sync.c.obj
                0x10002a0c                spin_lock_claim_unused
 .text.set_raw_irq_handler_and_unlock
                0x10002a2c       0x28 CMakeFiles/2104_Project.dir/C_/VSARM/sdk/pico/pico-sdk/src/rp2_common/hardware_irq/irq.c.obj
 .text.make_branch
                0x10002a54       0x48 CMakeFiles/2104_Project.dir/C_/VSARM/sdk/pico/pico-sdk/src/rp2_common/hardware_irq/irq.c.obj
 .text.insert_branch_and_link
                0x10002a9c       0x40 CMakeFiles/2104_Project.dir/C_/VSARM/sdk/pico/pico-sdk/src/rp2_common/hardware_irq/irq.c.obj
 .text.irq_is_enabled
                0x10002adc       0x18 CMakeFiles/2104_Project.dir/C_/VSARM/sdk/pico/pico-sdk/src/rp2_common/hardware_irq/irq.c.obj
                0x10002adc                irq_is_enabled
 .text.irq_set_mask_enabled
                0x10002af4       0x20 CMakeFiles/2104_Project.dir/C_/VSARM/sdk/pico/pico-sdk/src/rp2_common/hardware_irq/irq.c.obj
                0x10002af4                irq_set_mask_enabled
 .text.irq_set_enabled
                0x10002b14        0xe CMakeFiles/2104_Project.dir/C_/VSARM/sdk/pico/pico-sdk/src/rp2_common/hardware_irq/irq.c.obj
                0x10002b14                irq_set_enabled
 *fill*         0x10002b22        0x2 
 .text.irq_set_pending
                0x10002b24       0x10 CMakeFiles/2104_Project.dir/C_/VSARM/sdk/pico/pico-sdk/src/rp2_common/hardware_irq/irq.c.obj
                0x10002b24                irq_set_pending
 .text.irq_get_vtable_handler
                0x10002b34       0x10 CMakeFiles/2104_Project.dir/C_/VSARM/sdk/pico/pico-sdk/src/rp2_common/hardware_irq/irq.c.obj
                0x10002b34                irq_get_vtable_handler
 .text.irq_has_shared_handler
                0x10002b44       0x24 CMakeFiles/2104_Project.dir/C_/VSARM/sdk/pico/pico-sdk/src/rp2_common/hardware_irq/irq.c.obj
                0x10002b44                irq_has_shared_handler
 .text.irq_set_exclusive_handler
                0x10002b68       0x54 CMakeFiles/2104_Project.dir/C_/VSARM/sdk/pico/pico-sdk/src/rp2_common/hardware_irq/irq.c.obj
                0x10002b68                irq_set_exclusive_handler
 .text.irq_add_shared_handler
                0x10002bbc      0x230 CMakeFiles/2104_Project.dir/C_/VSARM/sdk/pico/pico-sdk/src/rp2_common/hardware_irq/irq.c.obj
                0x10002bbc                irq_add_shared_handler
 .text.irq_remove_handler
                0x10002dec      0x1a8 CMakeFiles/2104_Project.dir/C_/VSARM/sdk/pico/pico-sdk/src/rp2_common/hardware_irq/irq.c.obj
                0x10002dec                irq_remove_handler
 .text.irq_add_tail_to_free_list
                0x10002f94       0xf0 CMakeFiles/2104_Project.dir/C_/VSARM/sdk/pico/pico-sdk/src/rp2_common/hardware_irq/irq.c.obj
                0x10002f94                irq_add_tail_to_free_list
 .text.irq_init_priorities
                0x10003084       0x1c CMakeFiles/2104_Project.dir/C_/VSARM/sdk/pico/pico-sdk/src/rp2_common/hardware_irq/irq.c.obj
                0x10003084                irq_init_priorities
 .text.user_irq_claim_unused
                0x100030a0       0x30 CMakeFiles/2104_Project.dir/C_/VSARM/sdk/pico/pico-sdk/src/rp2_common/hardware_irq/irq.c.obj
                0x100030a0                user_irq_claim_unused
 .text.lock_init
                0x100030d0       0x10 CMakeFiles/2104_Project.dir/C_/VSARM/sdk/pico/pico-sdk/src/common/pico_sync/lock_core.c.obj
                0x100030d0                lock_init
 .text.repeating_timer_callback
                0x100030e0       0x40 CMakeFiles/2104_Project.dir/C_/VSARM/sdk/pico/pico-sdk/src/common/pico_time/time.c.obj
 .text.alarm_pool_post_alloc_init
                0x10003120       0x40 CMakeFiles/2104_Project.dir/C_/VSARM/sdk/pico/pico-sdk/src/common/pico_time/time.c.obj
 .text.sleep_until_callback
                0x10003160       0x30 CMakeFiles/2104_Project.dir/C_/VSARM/sdk/pico/pico-sdk/src/common/pico_time/time.c.obj
 .text.timer_pool_entry_comparator
                0x10003190       0x7c CMakeFiles/2104_Project.dir/C_/VSARM/sdk/pico/pico-sdk/src/common/pico_time/time.c.obj
                0x10003190                timer_pool_entry_comparator
 .text.ph_add_child_node
                0x1000320c       0xa4 CMakeFiles/2104_Project.dir/C_/VSARM/sdk/pico/pico-sdk/src/common/pico_time/time.c.obj
 .text.ph_merge_nodes
                0x100032b0       0x3e CMakeFiles/2104_Project.dir/C_/VSARM/sdk/pico/pico-sdk/src/common/pico_time/time.c.obj
 *fill*         0x100032ee        0x2 
 .text.add_alarm_under_lock
                0x100032f0      0x174 CMakeFiles/2104_Project.dir/C_/VSARM/sdk/pico/pico-sdk/src/common/pico_time/time.c.obj
 .text.alarm_pool_alarm_callback
                0x10003464      0x328 CMakeFiles/2104_Project.dir/C_/VSARM/sdk/pico/pico-sdk/src/common/pico_time/time.c.obj
 .text.alarm_pool_init_default
                0x1000378c       0x38 CMakeFiles/2104_Project.dir/C_/VSARM/sdk/pico/pico-sdk/src/common/pico_time/time.c.obj
                0x1000378c                alarm_pool_init_default
 .text.alarm_pool_get_default
                0x100037c4       0x2c CMakeFiles/2104_Project.dir/C_/VSARM/sdk/pico/pico-sdk/src/common/pico_time/time.c.obj
                0x100037c4                alarm_pool_get_default
 .text.alarm_pool_add_alarm_at
                0x100037f0      0x170 CMakeFiles/2104_Project.dir/C_/VSARM/sdk/pico/pico-sdk/src/common/pico_time/time.c.obj
                0x100037f0                alarm_pool_add_alarm_at
 .text.alarm_pool_cancel_alarm
                0x10003960       0xf0 CMakeFiles/2104_Project.dir/C_/VSARM/sdk/pico/pico-sdk/src/common/pico_time/time.c.obj
                0x10003960                alarm_pool_cancel_alarm
 .text.alarm_pool_add_repeating_timer_us
                0x10003a50       0x9c CMakeFiles/2104_Project.dir/C_/VSARM/sdk/pico/pico-sdk/src/common/pico_time/time.c.obj
                0x10003a50                alarm_pool_add_repeating_timer_us
 .text.sleep_until
                0x10003aec       0xfc CMakeFiles/2104_Project.dir/C_/VSARM/sdk/pico/pico-sdk/src/common/pico_time/time.c.obj
                0x10003aec                sleep_until
 .text.sleep_us
                0x10003be8       0x58 CMakeFiles/2104_Project.dir/C_/VSARM/sdk/pico/pico-sdk/src/common/pico_time/time.c.obj
                0x10003be8                sleep_us
 .text.sleep_ms
                0x10003c40       0x14 CMakeFiles/2104_Project.dir/C_/VSARM/sdk/pico/pico-sdk/src/common/pico_time/time.c.obj
                0x10003c40                sleep_ms
 .text.best_effort_wfe_or_timeout
                0x10003c54       0x80 CMakeFiles/2104_Project.dir/C_/VSARM/sdk/pico/pico-sdk/src/common/pico_time/time.c.obj
                0x10003c54                best_effort_wfe_or_timeout
 .text.hardware_alarm_irq_handler
                0x10003cd4       0x8c CMakeFiles/2104_Project.dir/C_/VSARM/sdk/pico/pico-sdk/src/rp2_common/hardware_timer/timer.c.obj
 .text.hardware_alarm_claim
                0x10003d60       0x18 CMakeFiles/2104_Project.dir/C_/VSARM/sdk/pico/pico-sdk/src/rp2_common/hardware_timer/timer.c.obj
                0x10003d60                hardware_alarm_claim
 .text.time_us_64
                0x10003d78       0x18 CMakeFiles/2104_Project.dir/C_/VSARM/sdk/pico/pico-sdk/src/rp2_common/hardware_timer/timer.c.obj
                0x10003d78                time_us_64
 .text.busy_wait_until
                0x10003d90       0x28 CMakeFiles/2104_Project.dir/C_/VSARM/sdk/pico/pico-sdk/src/rp2_common/hardware_timer/timer.c.obj
                0x10003d90                busy_wait_until
 .text.hardware_alarm_set_callback
                0x10003db8       0x90 CMakeFiles/2104_Project.dir/C_/VSARM/sdk/pico/pico-sdk/src/rp2_common/hardware_timer/timer.c.obj
                0x10003db8                hardware_alarm_set_callback
 .text.hardware_alarm_set_target
                0x10003e48       0xe8 CMakeFiles/2104_Project.dir/C_/VSARM/sdk/pico/pico-sdk/src/rp2_common/hardware_timer/timer.c.obj
                0x10003e48                hardware_alarm_set_target
 .text.hardware_alarm_cancel
                0x10003f30       0x40 CMakeFiles/2104_Project.dir/C_/VSARM/sdk/pico/pico-sdk/src/rp2_common/hardware_timer/timer.c.obj
                0x10003f30                hardware_alarm_cancel
 .text.ph_add_child_node
                0x10003f70       0xa4 CMakeFiles/2104_Project.dir/C_/VSARM/sdk/pico/pico-sdk/src/common/pico_util/pheap.c.obj
 .text.ph_merge_nodes
                0x10004014       0x3e CMakeFiles/2104_Project.dir/C_/VSARM/sdk/pico/pico-sdk/src/common/pico_util/pheap.c.obj
 *fill*         0x10004052        0x2 
 .text.ph_clear
                0x10004054       0x70 CMakeFiles/2104_Project.dir/C_/VSARM/sdk/pico/pico-sdk/src/common/pico_util/pheap.c.obj
                0x10004054                ph_clear
 .text.ph_post_alloc_init
                0x100040c4        0xe CMakeFiles/2104_Project.dir/C_/VSARM/sdk/pico/pico-sdk/src/common/pico_util/pheap.c.obj
                0x100040c4                ph_post_alloc_init
 *fill*         0x100040d2        0x2 
 .text.ph_merge_two_pass
                0x100040d4       0xa8 CMakeFiles/2104_Project.dir/C_/VSARM/sdk/pico/pico-sdk/src/common/pico_util/pheap.c.obj
                0x100040d4                ph_merge_two_pass
 .text.ph_remove_any_head
                0x1000417c      0x108 CMakeFiles/2104_Project.dir/C_/VSARM/sdk/pico/pico-sdk/src/common/pico_util/pheap.c.obj
 .text.ph_remove_head
                0x10004284       0x14 CMakeFiles/2104_Project.dir/C_/VSARM/sdk/pico/pico-sdk/src/common/pico_util/pheap.c.obj
                0x10004284                ph_remove_head
 .text.ph_remove_and_free_node
                0x10004298       0xf8 CMakeFiles/2104_Project.dir/C_/VSARM/sdk/pico/pico-sdk/src/common/pico_util/pheap.c.obj
                0x10004298                ph_remove_and_free_node
 .text.mutex_init
                0x10004390       0x1a CMakeFiles/2104_Project.dir/C_/VSARM/sdk/pico/pico-sdk/src/common/pico_sync/mutex.c.obj
                0x10004390                mutex_init
 .text.recursive_mutex_init
                0x100043aa       0x1e CMakeFiles/2104_Project.dir/C_/VSARM/sdk/pico/pico-sdk/src/common/pico_sync/mutex.c.obj
                0x100043aa                recursive_mutex_init
 .text.critical_section_init_with_lock_num
                0x100043c8       0x14 CMakeFiles/2104_Project.dir/C_/VSARM/sdk/pico/pico-sdk/src/common/pico_sync/critical_section.c.obj
                0x100043c8                critical_section_init_with_lock_num
 .text.critical_section_init
                0x100043dc       0x14 CMakeFiles/2104_Project.dir/C_/VSARM/sdk/pico/pico-sdk/src/common/pico_sync/critical_section.c.obj
                0x100043dc                critical_section_init
 .text.uart_set_baudrate
                0x100043f0       0x5c CMakeFiles/2104_Project.dir/C_/VSARM/sdk/pico/pico-sdk/src/rp2_common/hardware_uart/uart.c.obj
                0x100043f0                uart_set_baudrate
 .text.uart_set_translate_crlf
                0x1000444c       0x28 CMakeFiles/2104_Project.dir/C_/VSARM/sdk/pico/pico-sdk/src/rp2_common/hardware_uart/uart.c.obj
                0x1000444c                uart_set_translate_crlf
 .text.uart_init
                0x10004474       0x80 CMakeFiles/2104_Project.dir/C_/VSARM/sdk/pico/pico-sdk/src/rp2_common/hardware_uart/uart.c.obj
                0x10004474                uart_init
 .text._exit    0x100044f4        0x4 CMakeFiles/2104_Project.dir/C_/VSARM/sdk/pico/pico-sdk/src/rp2_common/pico_runtime/runtime.c.obj
                0x100044f4                _exit
 .text.exit     0x100044f8        0x6 CMakeFiles/2104_Project.dir/C_/VSARM/sdk/pico/pico-sdk/src/rp2_common/pico_runtime/runtime.c.obj
                0x100044f8                exit
 *fill*         0x100044fe        0x2 
 .text.__assert_func
                0x10004500       0x3c CMakeFiles/2104_Project.dir/C_/VSARM/sdk/pico/pico-sdk/src/rp2_common/pico_runtime/runtime.c.obj
                0x10004500                __assert_func
 .text.runtime_init
                0x1000453c       0xf8 CMakeFiles/2104_Project.dir/C_/VSARM/sdk/pico/pico-sdk/src/rp2_common/pico_runtime/runtime.c.obj
                0x1000453c                runtime_init
 .text.panic    0x10004634       0x30 CMakeFiles/2104_Project.dir/C_/VSARM/sdk/pico/pico-sdk/src/rp2_common/pico_runtime/runtime.c.obj
                0x10004634                panic
 .text.clock_configure
                0x10004664      0x104 CMakeFiles/2104_Project.dir/C_/VSARM/sdk/pico/pico-sdk/src/rp2_common/hardware_clocks/clocks.c.obj
                0x10004664                clock_configure
 .text.clocks_init
                0x10004768      0x100 CMakeFiles/2104_Project.dir/C_/VSARM/sdk/pico/pico-sdk/src/rp2_common/hardware_clocks/clocks.c.obj
                0x10004768                clocks_init
 .text.clock_get_hz
                0x10004868        0xc CMakeFiles/2104_Project.dir/C_/VSARM/sdk/pico/pico-sdk/src/rp2_common/hardware_clocks/clocks.c.obj
                0x10004868                clock_get_hz
 .text.pll_init
                0x10004874      0x140 CMakeFiles/2104_Project.dir/C_/VSARM/sdk/pico/pico-sdk/src/rp2_common/hardware_pll/pll.c.obj
                0x10004874                pll_init
 .text.watchdog_start_tick
                0x100049b4       0x10 CMakeFiles/2104_Project.dir/C_/VSARM/sdk/pico/pico-sdk/src/rp2_common/hardware_watchdog/watchdog.c.obj
                0x100049b4                watchdog_start_tick
 .text.watchdog_update
                0x100049c4       0x14 CMakeFiles/2104_Project.dir/C_/VSARM/sdk/pico/pico-sdk/src/rp2_common/hardware_watchdog/watchdog.c.obj
                0x100049c4                watchdog_update
 .text._watchdog_enable
                0x100049d8       0x78 CMakeFiles/2104_Project.dir/C_/VSARM/sdk/pico/pico-sdk/src/rp2_common/hardware_watchdog/watchdog.c.obj
                0x100049d8                _watchdog_enable
 .text.watchdog_reboot
                0x10004a50       0x48 CMakeFiles/2104_Project.dir/C_/VSARM/sdk/pico/pico-sdk/src/rp2_common/hardware_watchdog/watchdog.c.obj
                0x10004a50                watchdog_reboot
 .text.xosc_init
                0x10004a98       0x28 CMakeFiles/2104_Project.dir/C_/VSARM/sdk/pico/pico-sdk/src/rp2_common/hardware_xosc/xosc.c.obj
                0x10004a98                xosc_init
 .text._out_null
                0x10004ac0        0x2 CMakeFiles/2104_Project.dir/C_/VSARM/sdk/pico/pico-sdk/src/rp2_common/pico_printf/printf.c.obj
 .text._out_fct
                0x10004ac2        0xe CMakeFiles/2104_Project.dir/C_/VSARM/sdk/pico/pico-sdk/src/rp2_common/pico_printf/printf.c.obj
 .text._atoi    0x10004ad0       0x24 CMakeFiles/2104_Project.dir/C_/VSARM/sdk/pico/pico-sdk/src/rp2_common/pico_printf/printf.c.obj
 .text._out_rev
                0x10004af4       0xae CMakeFiles/2104_Project.dir/C_/VSARM/sdk/pico/pico-sdk/src/rp2_common/pico_printf/printf.c.obj
 .text._ntoa_format
                0x10004ba2      0x112 CMakeFiles/2104_Project.dir/C_/VSARM/sdk/pico/pico-sdk/src/rp2_common/pico_printf/printf.c.obj
 .text._ntoa_long
                0x10004cb4       0xbc CMakeFiles/2104_Project.dir/C_/VSARM/sdk/pico/pico-sdk/src/rp2_common/pico_printf/printf.c.obj
 .text._ntoa_long_long
                0x10004d70       0xe2 CMakeFiles/2104_Project.dir/C_/VSARM/sdk/pico/pico-sdk/src/rp2_common/pico_printf/printf.c.obj
 *fill*         0x10004e52        0x2 
 .text._etoa    0x10004e54      0x414 CMakeFiles/2104_Project.dir/C_/VSARM/sdk/pico/pico-sdk/src/rp2_common/pico_printf/printf.c.obj
 .text._ftoa    0x10005268      0x354 CMakeFiles/2104_Project.dir/C_/VSARM/sdk/pico/pico-sdk/src/rp2_common/pico_printf/printf.c.obj
 .text._vsnprintf
                0x100055bc      0x624 CMakeFiles/2104_Project.dir/C_/VSARM/sdk/pico/pico-sdk/src/rp2_common/pico_printf/printf.c.obj
 .text.vfctprintf
                0x10005be0       0x20 CMakeFiles/2104_Project.dir/C_/VSARM/sdk/pico/pico-sdk/src/rp2_common/pico_printf/printf.c.obj
                0x10005be0                vfctprintf
 .text          0x10005c00       0x10 CMakeFiles/2104_Project.dir/C_/VSARM/sdk/pico/pico-sdk/src/rp2_common/pico_bit_ops/bit_ops_aeabi.S.obj
 .text.rom_func_lookup
                0x10005c10       0x10 CMakeFiles/2104_Project.dir/C_/VSARM/sdk/pico/pico-sdk/src/rp2_common/pico_bootrom/bootrom.c.obj
                0x10005c10                rom_func_lookup
 .text.rom_data_lookup
                0x10005c20       0x10 CMakeFiles/2104_Project.dir/C_/VSARM/sdk/pico/pico-sdk/src/rp2_common/pico_bootrom/bootrom.c.obj
                0x10005c20                rom_data_lookup
 .text.rom_funcs_lookup
                0x10005c30       0x36 CMakeFiles/2104_Project.dir/C_/VSARM/sdk/pico/pico-sdk/src/rp2_common/pico_bootrom/bootrom.c.obj
                0x10005c30                rom_funcs_lookup
 *fill*         0x10005c66        0x2 
 .text.__wrap___aeabi_idiv
                0x10005c68       0x50 CMakeFiles/2104_Project.dir/C_/VSARM/sdk/pico/pico-sdk/src/rp2_common/pico_divider/divider.S.obj
                0x10005c68                __wrap___aeabi_idivmod
                0x10005c68                divmod_s32s32
                0x10005c68                div_s32s32
                0x10005c68                __wrap___aeabi_idiv
                0x10005c70                divmod_s32s32_unsafe
                0x10005c9c                divmod_s32s32_savestate
 .text.__wrap___aeabi_uidiv
                0x10005cb8       0x4c CMakeFiles/2104_Project.dir/C_/VSARM/sdk/pico/pico-sdk/src/rp2_common/pico_divider/divider.S.obj
                0x10005cb8                __wrap___aeabi_uidiv
                0x10005cb8                __wrap___aeabi_uidivmod
                0x10005cb8                div_u32u32
                0x10005cb8                divmod_u32u32
                0x10005cc0                divmod_u32u32_unsafe
                0x10005ce8                divmod_u32u32_savestate
 .text.__wrap___aeabi_ldiv
                0x10005d04      0x434 CMakeFiles/2104_Project.dir/C_/VSARM/sdk/pico/pico-sdk/src/rp2_common/pico_divider/divider.S.obj
                0x10005d04                div_s64s64
                0x10005d04                divmod_s64s64
                0x10005d04                __wrap___aeabi_ldivmod
                0x10005d3c                divmod_u64u64
                0x10005d3c                div_u64u64
                0x10005d3c                __wrap___aeabi_uldivmod
                0x10005d4c                divmod_u64u64_savestate
                0x10005d74                divmod_s64s64_unsafe
                0x10005dfc                divmod_u64u64_unsafe
 .text.push_r8_r11
                0x10006138        0xc CMakeFiles/2104_Project.dir/C_/VSARM/sdk/pico/pico-sdk/src/rp2_common/pico_double/double_aeabi.S.obj
                0x10006138                push_r8_r11
 .text.pop_r8_r11
                0x10006144        0xc CMakeFiles/2104_Project.dir/C_/VSARM/sdk/pico/pico-sdk/src/rp2_common/pico_double/double_aeabi.S.obj
                0x10006144                pop_r8_r11
 .text.__wrap___aeabi_darithmetic
                0x10006150       0x80 CMakeFiles/2104_Project.dir/C_/VSARM/sdk/pico/pico-sdk/src/rp2_common/pico_double/double_aeabi.S.obj
                0x10006150                __wrap___aeabi_drsub
                0x10006156                __wrap___aeabi_dsub
                0x10006168                __wrap___aeabi_dadd
                0x1000617a                __wrap___aeabi_ddiv
                0x100061b6                __wrap___aeabi_dmul
 .text.__wrap___aeabi_cdcmple
                0x100061d0       0x6c CMakeFiles/2104_Project.dir/C_/VSARM/sdk/pico/pico-sdk/src/rp2_common/pico_double/double_aeabi.S.obj
                0x100061d0                __wrap___aeabi_cdrcmple
                0x100061e0                __wrap___aeabi_cdcmpeq
                0x100061e0                __wrap___aeabi_cdcmple
 .text.__wrap___aeabi_dcmplt
                0x1000623c        0xc CMakeFiles/2104_Project.dir/C_/VSARM/sdk/pico/pico-sdk/src/rp2_common/pico_double/double_aeabi.S.obj
                0x1000623c                __wrap___aeabi_dcmplt
 .text.__wrap___aeabi_dcmple
                0x10006248       0x10 CMakeFiles/2104_Project.dir/C_/VSARM/sdk/pico/pico-sdk/src/rp2_common/pico_double/double_aeabi.S.obj
                0x10006248                __wrap___aeabi_dcmple
 .text.__wrap___aeabi_dcmpge
                0x10006258       0x10 CMakeFiles/2104_Project.dir/C_/VSARM/sdk/pico/pico-sdk/src/rp2_common/pico_double/double_aeabi.S.obj
                0x10006258                __wrap___aeabi_dcmpge
 .text.__wrap___aeabi_dcmpgt
                0x10006268        0xa CMakeFiles/2104_Project.dir/C_/VSARM/sdk/pico/pico-sdk/src/rp2_common/pico_double/double_aeabi.S.obj
                0x10006268                __wrap___aeabi_dcmpgt
 .text.__wrap___aeabi_dcmpun
                0x10006272       0x1c CMakeFiles/2104_Project.dir/C_/VSARM/sdk/pico/pico-sdk/src/rp2_common/pico_double/double_aeabi.S.obj
                0x10006272                __wrap___aeabi_dcmpun
 *fill*         0x1000628e        0x2 
 .text.__wrap___aeabi_i2d
                0x10006290       0x38 CMakeFiles/2104_Project.dir/C_/VSARM/sdk/pico/pico-sdk/src/rp2_common/pico_double/double_aeabi.S.obj
                0x10006290                __wrap___aeabi_ui2d
                0x10006298                __wrap___aeabi_i2d
 .text.__wrap___aeabi_d2iz
                0x100062c8       0x48 CMakeFiles/2104_Project.dir/C_/VSARM/sdk/pico/pico-sdk/src/rp2_common/pico_double/double_aeabi.S.obj
                0x100062c8                double2int_z
                0x100062c8                __wrap___aeabi_d2iz
 .text.__wrap___aeabi_d2uiz
                0x10006310       0x18 CMakeFiles/2104_Project.dir/C_/VSARM/sdk/pico/pico-sdk/src/rp2_common/pico_double/double_aeabi.S.obj
                0x10006310                __wrap___aeabi_d2uiz
                0x10006310                double2uint
 .text.fix642double
                0x10006328       0x18 CMakeFiles/2104_Project.dir/C_/VSARM/sdk/pico/pico-sdk/src/rp2_common/pico_double/double_aeabi.S.obj
                0x10006328                fix642double
 .text.__wrap___aeabi_d2f
                0x10006340       0x18 CMakeFiles/2104_Project.dir/C_/VSARM/sdk/pico/pico-sdk/src/rp2_common/pico_double/double_aeabi.S.obj
                0x10006340                __wrap___aeabi_d2f
 .text.__wrap_sincostan_remainder
                0x10006358       0x14 CMakeFiles/2104_Project.dir/C_/VSARM/sdk/pico/pico-sdk/src/rp2_common/pico_double/double_aeabi.S.obj
                0x10006358                sincostan_remainder
 .text.__wrap_sin
                0x1000636c       0x2c CMakeFiles/2104_Project.dir/C_/VSARM/sdk/pico/pico-sdk/src/rp2_common/pico_double/double_aeabi.S.obj
                0x1000636c                __wrap_sin
 .text.__wrap_atan2
                0x10006398       0x18 CMakeFiles/2104_Project.dir/C_/VSARM/sdk/pico/pico-sdk/src/rp2_common/pico_double/double_aeabi.S.obj
                0x10006398                __wrap_atan2
 .text.__aeabi_double_init
                0x100063b0       0xc8 CMakeFiles/2104_Project.dir/C_/VSARM/sdk/pico/pico-sdk/src/rp2_common/pico_double/double_init_rom.c.obj
                0x100063b0                __aeabi_double_init
 .text.drem_0   0x10006478      0x130 CMakeFiles/2104_Project.dir/C_/VSARM/sdk/pico/pico-sdk/src/rp2_common/pico_double/double_math.c.obj
 .text.__wrap_remquo
                0x100065a8      0x17c CMakeFiles/2104_Project.dir/C_/VSARM/sdk/pico/pico-sdk/src/rp2_common/pico_double/double_math.c.obj
                0x100065a8                __wrap_remquo
 .text.__wrap_remainder
                0x10006724       0x10 CMakeFiles/2104_Project.dir/C_/VSARM/sdk/pico/pico-sdk/src/rp2_common/pico_double/double_math.c.obj
                0x10006724                __wrap_remainder
 .text.double_table_shim_on_use_helper
                0x10006734       0x34 CMakeFiles/2104_Project.dir/C_/VSARM/sdk/pico/pico-sdk/src/rp2_common/pico_double/double_v1_rom_shim.S.obj
                0x10006734                double_table_shim_on_use_helper
 .text.__wrap___aeabi_dsub
                0x10006768       0x10 CMakeFiles/2104_Project.dir/C_/VSARM/sdk/pico/pico-sdk/src/rp2_common/pico_double/double_v1_rom_shim.S.obj
                0x10006768                drsub_shim
                0x1000676e                dsub_shim
 .text.dadd_shim
                0x10006778      0x15c CMakeFiles/2104_Project.dir/C_/VSARM/sdk/pico/pico-sdk/src/rp2_common/pico_double/double_v1_rom_shim.S.obj
                0x10006778                dadd_shim
 .text.dmul_shim
                0x100068d4      0x15c CMakeFiles/2104_Project.dir/C_/VSARM/sdk/pico/pico-sdk/src/rp2_common/pico_double/double_v1_rom_shim.S.obj
                0x100068d4                dmul_shim
 .text.ddiv_shim
                0x10006a30      0x1b0 CMakeFiles/2104_Project.dir/C_/VSARM/sdk/pico/pico-sdk/src/rp2_common/pico_double/double_v1_rom_shim.S.obj
                0x10006a30                ddiv_shim
 .text.dcordic_vec_step
                0x10006be0        0xe CMakeFiles/2104_Project.dir/C_/VSARM/sdk/pico/pico-sdk/src/rp2_common/pico_double/double_v1_rom_shim.S.obj
                0x10006be0                dcordic_vec_step
 .text.dcordic_rot_step
                0x10006bee       0x76 CMakeFiles/2104_Project.dir/C_/VSARM/sdk/pico/pico-sdk/src/rp2_common/pico_double/double_v1_rom_shim.S.obj
                0x10006bee                dcordic_rot_step
 .text.double2uint_shim
                0x10006c64        0xe CMakeFiles/2104_Project.dir/C_/VSARM/sdk/pico/pico-sdk/src/rp2_common/pico_double/double_v1_rom_shim.S.obj
                0x10006c64                double2uint_shim
                0x10006c66                double2ufix_shim
 .text.double2int64_shim
                0x10006c72       0x1a CMakeFiles/2104_Project.dir/C_/VSARM/sdk/pico/pico-sdk/src/rp2_common/pico_double/double_v1_rom_shim.S.obj
                0x10006c72                double2int64_shim
                0x10006c74                double2fix64_shim
 .text.double2uint64_shim
                0x10006c8c       0x70 CMakeFiles/2104_Project.dir/C_/VSARM/sdk/pico/pico-sdk/src/rp2_common/pico_double/double_v1_rom_shim.S.obj
                0x10006c8c                double2uint64_shim
                0x10006c8e                double2ufix64_shim
                0x10006cae                d2fix_a
 .text.double2float_shim
                0x10006cfc       0x5c CMakeFiles/2104_Project.dir/C_/VSARM/sdk/pico/pico-sdk/src/rp2_common/pico_double/double_v1_rom_shim.S.obj
                0x10006cfc                double2float_shim
 .text.x2double_shims
                0x10006d58       0x90 CMakeFiles/2104_Project.dir/C_/VSARM/sdk/pico/pico-sdk/src/rp2_common/pico_double/double_v1_rom_shim.S.obj
                0x10006d58                uint2double_shim
                0x10006d5a                ufix2double_shim
                0x10006d60                int2double_shim
                0x10006d62                fix2double_shim
                0x10006d68                uint642double_shim
                0x10006d6a                ufix642double_shim
                0x10006d70                int642double_shim
                0x10006d72                fix642double_shim
 .text.dunpacks
                0x10006de8       0x3c CMakeFiles/2104_Project.dir/C_/VSARM/sdk/pico/pico-sdk/src/rp2_common/pico_double/double_v1_rom_shim.S.obj
                0x10006de8                dunpacks
 .text.dreduce  0x10006e24       0x82 CMakeFiles/2104_Project.dir/C_/VSARM/sdk/pico/pico-sdk/src/rp2_common/pico_double/double_v1_rom_shim.S.obj
                0x10006e24                dreduce
 .text.dsin_shim
                0x10006ea6       0x14 CMakeFiles/2104_Project.dir/C_/VSARM/sdk/pico/pico-sdk/src/rp2_common/pico_double/double_v1_rom_shim.S.obj
                0x10006ea6                dsin_shim
 *fill*         0x10006eba        0x2 
 .text.dtrig_guts
                0x10006ebc      0x2ec CMakeFiles/2104_Project.dir/C_/VSARM/sdk/pico/pico-sdk/src/rp2_common/pico_double/double_v1_rom_shim.S.obj
                0x10006f94                datan2_shim
 .text.__aeabi_lmul
                0x100071a8       0x32 CMakeFiles/2104_Project.dir/C_/VSARM/sdk/pico/pico-sdk/src/rp2_common/pico_int64_ops/pico_int64_ops_aeabi.S.obj
                0x100071a8                __wrap___aeabi_lmul
 *fill*         0x100071da        0x2 
 .text.__wrap___aeabi_farithmetic
                0x100071dc       0x58 CMakeFiles/2104_Project.dir/C_/VSARM/sdk/pico/pico-sdk/src/rp2_common/pico_float/float_aeabi.S.obj
                0x100071dc                __wrap___aeabi_frsub
                0x100071e2                __wrap___aeabi_fsub
                0x100071ec                __wrap___aeabi_fadd
                0x100071f6                __wrap___aeabi_fdiv
                0x10007222                __wrap___aeabi_fmul
 .text.__wrap___aeabi_cfcmple
                0x10007234       0x50 CMakeFiles/2104_Project.dir/C_/VSARM/sdk/pico/pico-sdk/src/rp2_common/pico_float/float_aeabi.S.obj
                0x10007234                __wrap___aeabi_cfrcmple
                0x10007240                __wrap___aeabi_cfcmple
                0x10007240                __wrap___aeabi_cfcmpeq
 .text.__wrap___aeabi_fcmplt
                0x10007284        0xc CMakeFiles/2104_Project.dir/C_/VSARM/sdk/pico/pico-sdk/src/rp2_common/pico_float/float_aeabi.S.obj
                0x10007284                __wrap___aeabi_fcmplt
 .text.__wrap___aeabi_fcmpgt
                0x10007290        0xa CMakeFiles/2104_Project.dir/C_/VSARM/sdk/pico/pico-sdk/src/rp2_common/pico_float/float_aeabi.S.obj
                0x10007290                __wrap___aeabi_fcmpgt
 .text.__wrap___aeabi_ui2f
                0x1000729a        0xa CMakeFiles/2104_Project.dir/C_/VSARM/sdk/pico/pico-sdk/src/rp2_common/pico_float/float_aeabi.S.obj
                0x1000729a                __wrap___aeabi_ui2f
 .text.__wrap___aeabi_i2f
                0x100072a4       0x44 CMakeFiles/2104_Project.dir/C_/VSARM/sdk/pico/pico-sdk/src/rp2_common/pico_float/float_aeabi.S.obj
                0x100072a4                __wrap___aeabi_i2f
 .text.__wrap___aeabi_f2iz
                0x100072e8       0x4e CMakeFiles/2104_Project.dir/C_/VSARM/sdk/pico/pico-sdk/src/rp2_common/pico_float/float_aeabi.S.obj
                0x100072e8                float2int_z
                0x100072e8                __wrap___aeabi_f2iz
 *fill*         0x10007336        0x2 
 .text.float2int
                0x10007338       0x14 CMakeFiles/2104_Project.dir/C_/VSARM/sdk/pico/pico-sdk/src/rp2_common/pico_float/float_aeabi.S.obj
                0x10007338                float2int
 .text.__wrap___aeabi_f2uiz
                0x1000734c       0x10 CMakeFiles/2104_Project.dir/C_/VSARM/sdk/pico/pico-sdk/src/rp2_common/pico_float/float_aeabi.S.obj
                0x1000734c                __wrap___aeabi_f2uiz
 .text.__wrap___aeabi_l2f
                0x1000735c       0x20 CMakeFiles/2104_Project.dir/C_/VSARM/sdk/pico/pico-sdk/src/rp2_common/pico_float/float_aeabi.S.obj
                0x10007360                __wrap___aeabi_l2f
 .text.__wrap___aeabi_f2d
                0x1000737c       0x14 CMakeFiles/2104_Project.dir/C_/VSARM/sdk/pico/pico-sdk/src/rp2_common/pico_float/float_aeabi.S.obj
                0x1000737c                __wrap___aeabi_f2d
 .text.__aeabi_float_init
                0x10007390       0xfc CMakeFiles/2104_Project.dir/C_/VSARM/sdk/pico/pico-sdk/src/rp2_common/pico_float/float_init_rom.c.obj
                0x10007390                __aeabi_float_init
 .text.float_table_shim_on_use_helper
                0x1000748c       0x34 CMakeFiles/2104_Project.dir/C_/VSARM/sdk/pico/pico-sdk/src/rp2_common/pico_float/float_v1_rom_shim.S.obj
                0x1000748c                float_table_shim_on_use_helper
 .text.642float_shims
                0x100074c0       0x44 CMakeFiles/2104_Project.dir/C_/VSARM/sdk/pico/pico-sdk/src/rp2_common/pico_float/float_v1_rom_shim.S.obj
                0x100074c0                uint642float_shim
                0x100074c2                ufix642float_shim
                0x100074d2                int642float_shim
                0x100074d4                fix642float_shim
 .text.float232_shims
                0x10007504       0x18 CMakeFiles/2104_Project.dir/C_/VSARM/sdk/pico/pico-sdk/src/rp2_common/pico_float/float_v1_rom_shim.S.obj
                0x10007504                float2int_shim
                0x10007506                float2fix_shim
 .text.float2double_shim
                0x1000751c       0x30 CMakeFiles/2104_Project.dir/C_/VSARM/sdk/pico/pico-sdk/src/rp2_common/pico_float/float_v1_rom_shim.S.obj
                0x1000751c                float2double_shim
 .text          0x1000754c       0x10 CMakeFiles/2104_Project.dir/C_/VSARM/sdk/pico/pico-sdk/src/rp2_common/pico_mem_ops/mem_ops_aeabi.S.obj
                0x1000754c                __aeabi_mem_init
 .text.memset   0x1000755c        0xc CMakeFiles/2104_Project.dir/C_/VSARM/sdk/pico/pico-sdk/src/rp2_common/pico_mem_ops/mem_ops_aeabi.S.obj
                0x1000755c                __wrap_memset
 .text.memcpy   0x10007568        0xc CMakeFiles/2104_Project.dir/C_/VSARM/sdk/pico/pico-sdk/src/rp2_common/pico_mem_ops/mem_ops_aeabi.S.obj
                0x10007568                __wrap_memcpy
                0x10007568                __wrap___aeabi_memcpy
 .text.stdio_out_chars_no_crlf
                0x10007574        0xe CMakeFiles/2104_Project.dir/C_/VSARM/sdk/pico/pico-sdk/src/rp2_common/pico_stdio/stdio.c.obj
 *fill*         0x10007582        0x2 
 .text.stdio_out_chars_crlf
                0x10007584       0x80 CMakeFiles/2104_Project.dir/C_/VSARM/sdk/pico/pico-sdk/src/rp2_common/pico_stdio/stdio.c.obj
 .text.stdio_stack_buffer_flush
                0x10007604       0x44 CMakeFiles/2104_Project.dir/C_/VSARM/sdk/pico/pico-sdk/src/rp2_common/pico_stdio/stdio.c.obj
 .text.stdio_buffered_printer
                0x10007648       0x20 CMakeFiles/2104_Project.dir/C_/VSARM/sdk/pico/pico-sdk/src/rp2_common/pico_stdio/stdio.c.obj
 .text.stdout_serialize_begin
                0x10007668       0x30 CMakeFiles/2104_Project.dir/C_/VSARM/sdk/pico/pico-sdk/src/rp2_common/pico_stdio/stdio.c.obj
                0x10007668                stdout_serialize_begin
 .text.stdout_serialize_end
                0x10007698       0x10 CMakeFiles/2104_Project.dir/C_/VSARM/sdk/pico/pico-sdk/src/rp2_common/pico_stdio/stdio.c.obj
                0x10007698                stdout_serialize_end
 .text.stdio_put_string
                0x100076a8       0x98 CMakeFiles/2104_Project.dir/C_/VSARM/sdk/pico/pico-sdk/src/rp2_common/pico_stdio/stdio.c.obj
 .text.stdio_set_driver_enabled
                0x10007740       0x2c CMakeFiles/2104_Project.dir/C_/VSARM/sdk/pico/pico-sdk/src/rp2_common/pico_stdio/stdio.c.obj
                0x10007740                stdio_set_driver_enabled
 .text.stdio_flush
                0x1000776c       0x20 CMakeFiles/2104_Project.dir/C_/VSARM/sdk/pico/pico-sdk/src/rp2_common/pico_stdio/stdio.c.obj
                0x1000776c                stdio_flush
 .text.__wrap_puts
                0x1000778c       0x1e CMakeFiles/2104_Project.dir/C_/VSARM/sdk/pico/pico-sdk/src/rp2_common/pico_stdio/stdio.c.obj
                0x1000778c                __wrap_puts
 *fill*         0x100077aa        0x2 
 .text.__wrap_vprintf
                0x100077ac       0x44 CMakeFiles/2104_Project.dir/C_/VSARM/sdk/pico/pico-sdk/src/rp2_common/pico_stdio/stdio.c.obj
                0x100077ac                __wrap_vprintf
 .text.__wrap_printf
                0x100077f0       0x18 CMakeFiles/2104_Project.dir/C_/VSARM/sdk/pico/pico-sdk/src/rp2_common/pico_stdio/stdio.c.obj
                0x100077f0                __wrap_printf
 .text.stdio_init_all
                0x10007808        0xc CMakeFiles/2104_Project.dir/C_/VSARM/sdk/pico/pico-sdk/src/rp2_common/pico_stdio/stdio.c.obj
                0x10007808                stdio_init_all
 .text.stdio_uart_out_chars
                0x10007814       0x74 CMakeFiles/2104_Project.dir/C_/VSARM/sdk/pico/pico-sdk/src/rp2_common/pico_stdio_uart/stdio_uart.c.obj
 .text.stdio_uart_in_chars
                0x10007888       0x58 CMakeFiles/2104_Project.dir/C_/VSARM/sdk/pico/pico-sdk/src/rp2_common/pico_stdio_uart/stdio_uart.c.obj
                0x10007888                stdio_uart_in_chars
 .text.stdio_uart_init_full
                0x100078e0       0x3c CMakeFiles/2104_Project.dir/C_/VSARM/sdk/pico/pico-sdk/src/rp2_common/pico_stdio_uart/stdio_uart.c.obj
                0x100078e0                stdio_uart_init_full
 .text.stdio_uart_init
                0x1000791c       0x28 CMakeFiles/2104_Project.dir/C_/VSARM/sdk/pico/pico-sdk/src/rp2_common/pico_stdio_uart/stdio_uart.c.obj
                0x1000791c                stdio_uart_init
 .text.resetd_init
                0x10007944        0x2 CMakeFiles/2104_Project.dir/C_/VSARM/sdk/pico/pico-sdk/src/rp2_common/pico_stdio_usb/reset_interface.c.obj
 *fill*         0x10007946        0x2 
 .text.resetd_reset
                0x10007948        0xc CMakeFiles/2104_Project.dir/C_/VSARM/sdk/pico/pico-sdk/src/rp2_common/pico_stdio_usb/reset_interface.c.obj
 .text.resetd_open
                0x10007954       0x34 CMakeFiles/2104_Project.dir/C_/VSARM/sdk/pico/pico-sdk/src/rp2_common/pico_stdio_usb/reset_interface.c.obj
 .text.resetd_xfer_cb
                0x10007988        0x4 CMakeFiles/2104_Project.dir/C_/VSARM/sdk/pico/pico-sdk/src/rp2_common/pico_stdio_usb/reset_interface.c.obj
 .text.reset_usb_boot
                0x1000798c       0x18 CMakeFiles/2104_Project.dir/C_/VSARM/sdk/pico/pico-sdk/src/rp2_common/pico_stdio_usb/reset_interface.c.obj
 .text.resetd_control_xfer_cb
                0x100079a4       0x5c CMakeFiles/2104_Project.dir/C_/VSARM/sdk/pico/pico-sdk/src/rp2_common/pico_stdio_usb/reset_interface.c.obj
 .text.usbd_app_driver_get_cb
                0x10007a00        0xc CMakeFiles/2104_Project.dir/C_/VSARM/sdk/pico/pico-sdk/src/rp2_common/pico_stdio_usb/reset_interface.c.obj
                0x10007a00                usbd_app_driver_get_cb
 .text.tud_cdc_line_coding_cb
                0x10007a0c       0x28 CMakeFiles/2104_Project.dir/C_/VSARM/sdk/pico/pico-sdk/src/rp2_common/pico_stdio_usb/reset_interface.c.obj
                0x10007a0c                tud_cdc_line_coding_cb
 .text.stdio_usb_in_chars
                0x10007a34       0x70 CMakeFiles/2104_Project.dir/C_/VSARM/sdk/pico/pico-sdk/src/rp2_common/pico_stdio_usb/stdio_usb.c.obj
                0x10007a34                stdio_usb_in_chars
 .text.low_priority_worker_irq
                0x10007aa4       0x20 CMakeFiles/2104_Project.dir/C_/VSARM/sdk/pico/pico-sdk/src/rp2_common/pico_stdio_usb/stdio_usb.c.obj
 .text.stdio_usb_out_chars
                0x10007ac4       0xd4 CMakeFiles/2104_Project.dir/C_/VSARM/sdk/pico/pico-sdk/src/rp2_common/pico_stdio_usb/stdio_usb.c.obj
 .text.timer_task
                0x10007b98       0x40 CMakeFiles/2104_Project.dir/C_/VSARM/sdk/pico/pico-sdk/src/rp2_common/pico_stdio_usb/stdio_usb.c.obj
 .text.usb_irq  0x10007bd8       0x10 CMakeFiles/2104_Project.dir/C_/VSARM/sdk/pico/pico-sdk/src/rp2_common/pico_stdio_usb/stdio_usb.c.obj
 .text.stdio_usb_init
                0x10007be8       0xec CMakeFiles/2104_Project.dir/C_/VSARM/sdk/pico/pico-sdk/src/rp2_common/pico_stdio_usb/stdio_usb.c.obj
                0x10007be8                stdio_usb_init
 .text.tud_descriptor_device_cb
                0x10007cd4        0x8 CMakeFiles/2104_Project.dir/C_/VSARM/sdk/pico/pico-sdk/src/rp2_common/pico_stdio_usb/stdio_usb_descriptors.c.obj
                0x10007cd4                tud_descriptor_device_cb
 .text.tud_descriptor_configuration_cb
                0x10007cdc        0x8 CMakeFiles/2104_Project.dir/C_/VSARM/sdk/pico/pico-sdk/src/rp2_common/pico_stdio_usb/stdio_usb_descriptors.c.obj
                0x10007cdc                tud_descriptor_configuration_cb
 .text.tud_descriptor_string_cb
                0x10007ce4       0x6c CMakeFiles/2104_Project.dir/C_/VSARM/sdk/pico/pico-sdk/src/rp2_common/pico_stdio_usb/stdio_usb_descriptors.c.obj
                0x10007ce4                tud_descriptor_string_cb
 .text.hw_endpoint_get_by_addr
                0x10007d50       0x18 CMakeFiles/2104_Project.dir/C_/VSARM/sdk/pico/pico-sdk/lib/tinyusb/src/portable/raspberrypi/rp2040/dcd_rp2040.c.obj
 .text.reset_ep0_pid
                0x10007d68       0x28 CMakeFiles/2104_Project.dir/C_/VSARM/sdk/pico/pico-sdk/lib/tinyusb/src/portable/raspberrypi/rp2040/dcd_rp2040.c.obj
 .text._hw_endpoint_alloc
                0x10007d90       0x70 CMakeFiles/2104_Project.dir/C_/VSARM/sdk/pico/pico-sdk/lib/tinyusb/src/portable/raspberrypi/rp2040/dcd_rp2040.c.obj
 .text.hw_endpoint_init
                0x10007e00       0x88 CMakeFiles/2104_Project.dir/C_/VSARM/sdk/pico/pico-sdk/lib/tinyusb/src/portable/raspberrypi/rp2040/dcd_rp2040.c.obj
 .text.reset_non_control_endpoints
                0x10007e88       0x40 CMakeFiles/2104_Project.dir/C_/VSARM/sdk/pico/pico-sdk/lib/tinyusb/src/portable/raspberrypi/rp2040/dcd_rp2040.c.obj
 .text.hw_handle_buff_status
                0x10007ec8       0x8c CMakeFiles/2104_Project.dir/C_/VSARM/sdk/pico/pico-sdk/lib/tinyusb/src/portable/raspberrypi/rp2040/dcd_rp2040.c.obj
 .text.dcd_rp2040_irq
                0x10007f54       0xc0 CMakeFiles/2104_Project.dir/C_/VSARM/sdk/pico/pico-sdk/lib/tinyusb/src/portable/raspberrypi/rp2040/dcd_rp2040.c.obj
 .text.hw_endpoint_xfer
                0x10008014       0x14 CMakeFiles/2104_Project.dir/C_/VSARM/sdk/pico/pico-sdk/lib/tinyusb/src/portable/raspberrypi/rp2040/dcd_rp2040.c.obj
 .text.dcd_int_enable
                0x10008028       0x2c CMakeFiles/2104_Project.dir/C_/VSARM/sdk/pico/pico-sdk/lib/tinyusb/src/portable/raspberrypi/rp2040/dcd_rp2040.c.obj
                0x10008028                dcd_int_enable
 .text.dcd_set_address
                0x10008054       0x2c CMakeFiles/2104_Project.dir/C_/VSARM/sdk/pico/pico-sdk/lib/tinyusb/src/portable/raspberrypi/rp2040/dcd_rp2040.c.obj
                0x10008054                dcd_set_address
 .text.dcd_connect
                0x10008080       0x10 CMakeFiles/2104_Project.dir/C_/VSARM/sdk/pico/pico-sdk/lib/tinyusb/src/portable/raspberrypi/rp2040/dcd_rp2040.c.obj
                0x10008080                dcd_connect
 .text.dcd_init
                0x10008090       0x7c CMakeFiles/2104_Project.dir/C_/VSARM/sdk/pico/pico-sdk/lib/tinyusb/src/portable/raspberrypi/rp2040/dcd_rp2040.c.obj
                0x10008090                dcd_init
 .text.dcd_edpt0_status_complete
                0x1000810c       0x1c CMakeFiles/2104_Project.dir/C_/VSARM/sdk/pico/pico-sdk/lib/tinyusb/src/portable/raspberrypi/rp2040/dcd_rp2040.c.obj
                0x1000810c                dcd_edpt0_status_complete
 .text.dcd_edpt_open
                0x10008128       0x40 CMakeFiles/2104_Project.dir/C_/VSARM/sdk/pico/pico-sdk/lib/tinyusb/src/portable/raspberrypi/rp2040/dcd_rp2040.c.obj
                0x10008128                dcd_edpt_open
 .text.dcd_edpt_close_all
                0x10008168        0x8 CMakeFiles/2104_Project.dir/C_/VSARM/sdk/pico/pico-sdk/lib/tinyusb/src/portable/raspberrypi/rp2040/dcd_rp2040.c.obj
                0x10008168                dcd_edpt_close_all
 .text.dcd_edpt_xfer
                0x10008170       0x30 CMakeFiles/2104_Project.dir/C_/VSARM/sdk/pico/pico-sdk/lib/tinyusb/src/portable/raspberrypi/rp2040/dcd_rp2040.c.obj
                0x10008170                dcd_edpt_xfer
 .text.dcd_edpt_stall
                0x100081a0       0x2c CMakeFiles/2104_Project.dir/C_/VSARM/sdk/pico/pico-sdk/lib/tinyusb/src/portable/raspberrypi/rp2040/dcd_rp2040.c.obj
                0x100081a0                dcd_edpt_stall
 .text.dcd_edpt_clear_stall
                0x100081cc       0x20 CMakeFiles/2104_Project.dir/C_/VSARM/sdk/pico/pico-sdk/lib/tinyusb/src/portable/raspberrypi/rp2040/dcd_rp2040.c.obj
                0x100081cc                dcd_edpt_clear_stall
 .text.prepare_ep_buffer
                0x100081ec       0x70 CMakeFiles/2104_Project.dir/C_/VSARM/sdk/pico/pico-sdk/lib/tinyusb/src/portable/raspberrypi/rp2040/rp2040_usb.c.obj
 .text.sync_ep_buffer
                0x1000825c       0x7c CMakeFiles/2104_Project.dir/C_/VSARM/sdk/pico/pico-sdk/lib/tinyusb/src/portable/raspberrypi/rp2040/rp2040_usb.c.obj
 .text._hw_endpoint_xfer_sync
                0x100082d8       0x28 CMakeFiles/2104_Project.dir/C_/VSARM/sdk/pico/pico-sdk/lib/tinyusb/src/portable/raspberrypi/rp2040/rp2040_usb.c.obj
 .text.rp2040_usb_init
                0x10008300       0x4c CMakeFiles/2104_Project.dir/C_/VSARM/sdk/pico/pico-sdk/lib/tinyusb/src/portable/raspberrypi/rp2040/rp2040_usb.c.obj
                0x10008300                rp2040_usb_init
 .text.hw_endpoint_reset_transfer
                0x1000834c        0xc CMakeFiles/2104_Project.dir/C_/VSARM/sdk/pico/pico-sdk/lib/tinyusb/src/portable/raspberrypi/rp2040/rp2040_usb.c.obj
                0x1000834c                hw_endpoint_reset_transfer
 .text._hw_endpoint_buffer_control_update32
                0x10008358       0x58 CMakeFiles/2104_Project.dir/C_/VSARM/sdk/pico/pico-sdk/lib/tinyusb/src/portable/raspberrypi/rp2040/rp2040_usb.c.obj
                0x10008358                _hw_endpoint_buffer_control_update32
 .text._hw_endpoint_start_next_buffer
                0x100083b0       0x74 CMakeFiles/2104_Project.dir/C_/VSARM/sdk/pico/pico-sdk/lib/tinyusb/src/portable/raspberrypi/rp2040/rp2040_usb.c.obj
 .text.hw_endpoint_xfer_start
                0x10008424       0x48 CMakeFiles/2104_Project.dir/C_/VSARM/sdk/pico/pico-sdk/lib/tinyusb/src/portable/raspberrypi/rp2040/rp2040_usb.c.obj
                0x10008424                hw_endpoint_xfer_start
 .text.hw_endpoint_xfer_continue
                0x1000846c       0x38 CMakeFiles/2104_Project.dir/C_/VSARM/sdk/pico/pico-sdk/lib/tinyusb/src/portable/raspberrypi/rp2040/rp2040_usb.c.obj
                0x1000846c                hw_endpoint_xfer_continue
 .text.configuration_reset
                0x100084a4       0x84 CMakeFiles/2104_Project.dir/C_/VSARM/sdk/pico/pico-sdk/lib/tinyusb/src/device/usbd.c.obj
 .text.usbd_reset
                0x10008528        0xc CMakeFiles/2104_Project.dir/C_/VSARM/sdk/pico/pico-sdk/lib/tinyusb/src/device/usbd.c.obj
 .text.invoke_class_control
                0x10008534       0x1a CMakeFiles/2104_Project.dir/C_/VSARM/sdk/pico/pico-sdk/lib/tinyusb/src/device/usbd.c.obj
 *fill*         0x1000854e        0x2 
 .text.process_set_config
                0x10008550      0x1b0 CMakeFiles/2104_Project.dir/C_/VSARM/sdk/pico/pico-sdk/lib/tinyusb/src/device/usbd.c.obj
 .text.process_get_descriptor
                0x10008700       0xec CMakeFiles/2104_Project.dir/C_/VSARM/sdk/pico/pico-sdk/lib/tinyusb/src/device/usbd.c.obj
 .text.tud_mounted
                0x100087ec       0x10 CMakeFiles/2104_Project.dir/C_/VSARM/sdk/pico/pico-sdk/lib/tinyusb/src/device/usbd.c.obj
                0x100087ec                tud_mounted
 .text.tud_suspended
                0x100087fc       0x10 CMakeFiles/2104_Project.dir/C_/VSARM/sdk/pico/pico-sdk/lib/tinyusb/src/device/usbd.c.obj
                0x100087fc                tud_suspended
 .text.tud_inited
                0x1000880c        0xc CMakeFiles/2104_Project.dir/C_/VSARM/sdk/pico/pico-sdk/lib/tinyusb/src/device/usbd.c.obj
                0x1000880c                tud_inited
 .text.tud_init
                0x10008818       0xcc CMakeFiles/2104_Project.dir/C_/VSARM/sdk/pico/pico-sdk/lib/tinyusb/src/device/usbd.c.obj
                0x10008818                tud_init
 .text.dcd_event_handler
                0x100088e4      0x1e0 CMakeFiles/2104_Project.dir/C_/VSARM/sdk/pico/pico-sdk/lib/tinyusb/src/device/usbd.c.obj
                0x100088e4                dcd_event_handler
 .text.dcd_event_bus_signal
                0x10008ac4       0x26 CMakeFiles/2104_Project.dir/C_/VSARM/sdk/pico/pico-sdk/lib/tinyusb/src/device/usbd.c.obj
                0x10008ac4                dcd_event_bus_signal
 .text.dcd_event_bus_reset
                0x10008aea       0x2a CMakeFiles/2104_Project.dir/C_/VSARM/sdk/pico/pico-sdk/lib/tinyusb/src/device/usbd.c.obj
                0x10008aea                dcd_event_bus_reset
 .text.dcd_event_setup_received
                0x10008b14       0x34 CMakeFiles/2104_Project.dir/C_/VSARM/sdk/pico/pico-sdk/lib/tinyusb/src/device/usbd.c.obj
                0x10008b14                dcd_event_setup_received
 .text.dcd_event_xfer_complete
                0x10008b48       0x44 CMakeFiles/2104_Project.dir/C_/VSARM/sdk/pico/pico-sdk/lib/tinyusb/src/device/usbd.c.obj
                0x10008b48                dcd_event_xfer_complete
 .text.usbd_edpt_open
                0x10008b8c       0x58 CMakeFiles/2104_Project.dir/C_/VSARM/sdk/pico/pico-sdk/lib/tinyusb/src/device/usbd.c.obj
                0x10008b8c                usbd_edpt_open
 .text.usbd_open_edpt_pair
                0x10008be4       0x8c CMakeFiles/2104_Project.dir/C_/VSARM/sdk/pico/pico-sdk/lib/tinyusb/src/device/usbd.c.obj
                0x10008be4                usbd_open_edpt_pair
 .text.usbd_edpt_claim
                0x10008c70       0x8c CMakeFiles/2104_Project.dir/C_/VSARM/sdk/pico/pico-sdk/lib/tinyusb/src/device/usbd.c.obj
                0x10008c70                usbd_edpt_claim
 .text.usbd_edpt_release
                0x10008cfc       0x68 CMakeFiles/2104_Project.dir/C_/VSARM/sdk/pico/pico-sdk/lib/tinyusb/src/device/usbd.c.obj
                0x10008cfc                usbd_edpt_release
 .text.usbd_edpt_xfer
                0x10008d64       0x80 CMakeFiles/2104_Project.dir/C_/VSARM/sdk/pico/pico-sdk/lib/tinyusb/src/device/usbd.c.obj
                0x10008d64                usbd_edpt_xfer
 .text.usbd_edpt_stall
                0x10008de4       0x40 CMakeFiles/2104_Project.dir/C_/VSARM/sdk/pico/pico-sdk/lib/tinyusb/src/device/usbd.c.obj
                0x10008de4                usbd_edpt_stall
 .text.usbd_edpt_clear_stall
                0x10008e24       0x40 CMakeFiles/2104_Project.dir/C_/VSARM/sdk/pico/pico-sdk/lib/tinyusb/src/device/usbd.c.obj
                0x10008e24                usbd_edpt_clear_stall
 .text.usbd_edpt_stalled
                0x10008e64       0x1c CMakeFiles/2104_Project.dir/C_/VSARM/sdk/pico/pico-sdk/lib/tinyusb/src/device/usbd.c.obj
                0x10008e64                usbd_edpt_stalled
 .text.process_control_request
                0x10008e80      0x3b8 CMakeFiles/2104_Project.dir/C_/VSARM/sdk/pico/pico-sdk/lib/tinyusb/src/device/usbd.c.obj
 .text.tud_task
                0x10009238      0x218 CMakeFiles/2104_Project.dir/C_/VSARM/sdk/pico/pico-sdk/lib/tinyusb/src/device/usbd.c.obj
                0x10009238                tud_task
 .text._data_stage_xact
                0x10009450       0x58 CMakeFiles/2104_Project.dir/C_/VSARM/sdk/pico/pico-sdk/lib/tinyusb/src/device/usbd_control.c.obj
 .text.tud_control_status
                0x100094a8       0x38 CMakeFiles/2104_Project.dir/C_/VSARM/sdk/pico/pico-sdk/lib/tinyusb/src/device/usbd_control.c.obj
                0x100094a8                tud_control_status
 .text.tud_control_xfer
                0x100094e0       0xa8 CMakeFiles/2104_Project.dir/C_/VSARM/sdk/pico/pico-sdk/lib/tinyusb/src/device/usbd_control.c.obj
                0x100094e0                tud_control_xfer
 .text.usbd_control_reset
                0x10009588       0x14 CMakeFiles/2104_Project.dir/C_/VSARM/sdk/pico/pico-sdk/lib/tinyusb/src/device/usbd_control.c.obj
                0x10009588                usbd_control_reset
 .text.usbd_control_set_complete_callback
                0x1000959c        0xc CMakeFiles/2104_Project.dir/C_/VSARM/sdk/pico/pico-sdk/lib/tinyusb/src/device/usbd_control.c.obj
                0x1000959c                usbd_control_set_complete_callback
 .text.usbd_control_set_request
                0x100095a8       0x1c CMakeFiles/2104_Project.dir/C_/VSARM/sdk/pico/pico-sdk/lib/tinyusb/src/device/usbd_control.c.obj
                0x100095a8                usbd_control_set_request
 .text.usbd_control_xfer_cb
                0x100095c4       0xfc CMakeFiles/2104_Project.dir/C_/VSARM/sdk/pico/pico-sdk/lib/tinyusb/src/device/usbd_control.c.obj
                0x100095c4                usbd_control_xfer_cb
 .text._prep_out_transaction
                0x100096c0       0x46 CMakeFiles/2104_Project.dir/C_/VSARM/sdk/pico/pico-sdk/lib/tinyusb/src/class/cdc/cdc_device.c.obj
 *fill*         0x10009706        0x2 
 .text.tud_cdc_n_connected
                0x10009708       0x44 CMakeFiles/2104_Project.dir/C_/VSARM/sdk/pico/pico-sdk/lib/tinyusb/src/class/cdc/cdc_device.c.obj
                0x10009708                tud_cdc_n_connected
 .text.tud_cdc_n_available
                0x1000974c       0x18 CMakeFiles/2104_Project.dir/C_/VSARM/sdk/pico/pico-sdk/lib/tinyusb/src/class/cdc/cdc_device.c.obj
                0x1000974c                tud_cdc_n_available
 .text.tud_cdc_n_read
                0x10009764       0x28 CMakeFiles/2104_Project.dir/C_/VSARM/sdk/pico/pico-sdk/lib/tinyusb/src/class/cdc/cdc_device.c.obj
                0x10009764                tud_cdc_n_read
 .text.tud_cdc_n_write_flush
                0x1000978c       0xcc CMakeFiles/2104_Project.dir/C_/VSARM/sdk/pico/pico-sdk/lib/tinyusb/src/class/cdc/cdc_device.c.obj
                0x1000978c                tud_cdc_n_write_flush
 .text.tud_cdc_n_write
                0x10009858       0x38 CMakeFiles/2104_Project.dir/C_/VSARM/sdk/pico/pico-sdk/lib/tinyusb/src/class/cdc/cdc_device.c.obj
                0x10009858                tud_cdc_n_write
 .text.tud_cdc_n_write_available
                0x10009890       0x1c CMakeFiles/2104_Project.dir/C_/VSARM/sdk/pico/pico-sdk/lib/tinyusb/src/class/cdc/cdc_device.c.obj
                0x10009890                tud_cdc_n_write_available
 .text.cdcd_init
                0x100098ac       0xbc CMakeFiles/2104_Project.dir/C_/VSARM/sdk/pico/pico-sdk/lib/tinyusb/src/class/cdc/cdc_device.c.obj
                0x100098ac                cdcd_init
 .text.cdcd_reset
                0x10009968       0x44 CMakeFiles/2104_Project.dir/C_/VSARM/sdk/pico/pico-sdk/lib/tinyusb/src/class/cdc/cdc_device.c.obj
                0x10009968                cdcd_reset
 .text.cdcd_open
                0x100099ac       0xf8 CMakeFiles/2104_Project.dir/C_/VSARM/sdk/pico/pico-sdk/lib/tinyusb/src/class/cdc/cdc_device.c.obj
                0x100099ac                cdcd_open
 .text.cdcd_control_xfer_cb
                0x10009aa4      0x134 CMakeFiles/2104_Project.dir/C_/VSARM/sdk/pico/pico-sdk/lib/tinyusb/src/class/cdc/cdc_device.c.obj
                0x10009aa4                cdcd_control_xfer_cb
 .text.cdcd_xfer_cb
                0x10009bd8      0x144 CMakeFiles/2104_Project.dir/C_/VSARM/sdk/pico/pico-sdk/lib/tinyusb/src/class/cdc/cdc_device.c.obj
                0x10009bd8                cdcd_xfer_cb
 .text.tusb_init
                0x10009d1c       0x24 CMakeFiles/2104_Project.dir/C_/VSARM/sdk/pico/pico-sdk/lib/tinyusb/src/tusb.c.obj
                0x10009d1c                tusb_init
 .text.tusb_inited
                0x10009d40        0xe CMakeFiles/2104_Project.dir/C_/VSARM/sdk/pico/pico-sdk/lib/tinyusb/src/tusb.c.obj
                0x10009d40                tusb_inited
 *fill*         0x10009d4e        0x2 
 .text.tu_edpt_validate
                0x10009d50       0xa8 CMakeFiles/2104_Project.dir/C_/VSARM/sdk/pico/pico-sdk/lib/tinyusb/src/tusb.c.obj
                0x10009d50                tu_edpt_validate
 .text.tu_edpt_bind_driver
                0x10009df8       0x2a CMakeFiles/2104_Project.dir/C_/VSARM/sdk/pico/pico-sdk/lib/tinyusb/src/tusb.c.obj
                0x10009df8                tu_edpt_bind_driver
 .text.advance_pointer
                0x10009e22       0x18 CMakeFiles/2104_Project.dir/C_/VSARM/sdk/pico/pico-sdk/lib/tinyusb/src/common/tusb_fifo.c.obj
 .text.backward_pointer
                0x10009e3a       0x1e CMakeFiles/2104_Project.dir/C_/VSARM/sdk/pico/pico-sdk/lib/tinyusb/src/common/tusb_fifo.c.obj
 .text.get_relative_pointer
                0x10009e58       0x10 CMakeFiles/2104_Project.dir/C_/VSARM/sdk/pico/pico-sdk/lib/tinyusb/src/common/tusb_fifo.c.obj
 .text._tu_fifo_peek
                0x10009e68       0x50 CMakeFiles/2104_Project.dir/C_/VSARM/sdk/pico/pico-sdk/lib/tinyusb/src/common/tusb_fifo.c.obj
 .text._ff_pull_const_addr
                0x10009eb8       0x4c CMakeFiles/2104_Project.dir/C_/VSARM/sdk/pico/pico-sdk/lib/tinyusb/src/common/tusb_fifo.c.obj
 .text._ff_pull_n
                0x10009f04      0x10c CMakeFiles/2104_Project.dir/C_/VSARM/sdk/pico/pico-sdk/lib/tinyusb/src/common/tusb_fifo.c.obj
 .text._tu_fifo_peek_n
                0x1000a010       0x5e CMakeFiles/2104_Project.dir/C_/VSARM/sdk/pico/pico-sdk/lib/tinyusb/src/common/tusb_fifo.c.obj
 .text._tu_fifo_read_n
                0x1000a06e       0x4e CMakeFiles/2104_Project.dir/C_/VSARM/sdk/pico/pico-sdk/lib/tinyusb/src/common/tusb_fifo.c.obj
 .text._ff_push_const_addr
                0x1000a0bc       0x40 CMakeFiles/2104_Project.dir/C_/VSARM/sdk/pico/pico-sdk/lib/tinyusb/src/common/tusb_fifo.c.obj
 .text._ff_push_n
                0x1000a0fc      0x108 CMakeFiles/2104_Project.dir/C_/VSARM/sdk/pico/pico-sdk/lib/tinyusb/src/common/tusb_fifo.c.obj
 .text._tu_fifo_write_n
                0x1000a204       0x9e CMakeFiles/2104_Project.dir/C_/VSARM/sdk/pico/pico-sdk/lib/tinyusb/src/common/tusb_fifo.c.obj
 .text.tu_fifo_config
                0x1000a2a2       0x72 CMakeFiles/2104_Project.dir/C_/VSARM/sdk/pico/pico-sdk/lib/tinyusb/src/common/tusb_fifo.c.obj
                0x1000a2a2                tu_fifo_config
 .text.tu_fifo_count
                0x1000a314       0x26 CMakeFiles/2104_Project.dir/C_/VSARM/sdk/pico/pico-sdk/lib/tinyusb/src/common/tusb_fifo.c.obj
                0x1000a314                tu_fifo_count
 .text.tu_fifo_empty
                0x1000a33a       0x10 CMakeFiles/2104_Project.dir/C_/VSARM/sdk/pico/pico-sdk/lib/tinyusb/src/common/tusb_fifo.c.obj
                0x1000a33a                tu_fifo_empty
 .text.tu_fifo_remaining
                0x1000a34a       0x20 CMakeFiles/2104_Project.dir/C_/VSARM/sdk/pico/pico-sdk/lib/tinyusb/src/common/tusb_fifo.c.obj
                0x1000a34a                tu_fifo_remaining
 .text.tu_fifo_read
                0x1000a36a       0x42 CMakeFiles/2104_Project.dir/C_/VSARM/sdk/pico/pico-sdk/lib/tinyusb/src/common/tusb_fifo.c.obj
                0x1000a36a                tu_fifo_read
 .text.tu_fifo_read_n
                0x1000a3ac        0xa CMakeFiles/2104_Project.dir/C_/VSARM/sdk/pico/pico-sdk/lib/tinyusb/src/common/tusb_fifo.c.obj
                0x1000a3ac                tu_fifo_read_n
 .text.tu_fifo_write
                0x1000a3b6       0x6c CMakeFiles/2104_Project.dir/C_/VSARM/sdk/pico/pico-sdk/lib/tinyusb/src/common/tusb_fifo.c.obj
                0x1000a3b6                tu_fifo_write
 .text.tu_fifo_write_n
                0x1000a422        0xa CMakeFiles/2104_Project.dir/C_/VSARM/sdk/pico/pico-sdk/lib/tinyusb/src/common/tusb_fifo.c.obj
                0x1000a422                tu_fifo_write_n
 .text.tu_fifo_clear
                0x1000a42c       0x4c CMakeFiles/2104_Project.dir/C_/VSARM/sdk/pico/pico-sdk/lib/tinyusb/src/common/tusb_fifo.c.obj
                0x1000a42c                tu_fifo_clear
 .text.tu_fifo_set_overwritable
                0x1000a478       0x3c CMakeFiles/2104_Project.dir/C_/VSARM/sdk/pico/pico-sdk/lib/tinyusb/src/common/tusb_fifo.c.obj
                0x1000a478                tu_fifo_set_overwritable
 .text._retrieve_unique_id_on_boot
                0x1000a4b4       0x10 CMakeFiles/2104_Project.dir/C_/VSARM/sdk/pico/pico-sdk/src/rp2_common/pico_unique_id/unique_id.c.obj
 .text.pico_get_unique_board_id_string
                0x1000a4c4       0x60 CMakeFiles/2104_Project.dir/C_/VSARM/sdk/pico/pico-sdk/src/rp2_common/pico_unique_id/unique_id.c.obj
                0x1000a4c4                pico_get_unique_board_id_string
 .text.flash_get_unique_id
                0x1000a524       0x46 CMakeFiles/2104_Project.dir/C_/VSARM/sdk/pico/pico-sdk/src/rp2_common/hardware_flash/flash.c.obj
                0x1000a524                flash_get_unique_id
 .text.i2c_write_blocking_internal
                0x1000a56a      0x140 CMakeFiles/2104_Project.dir/C_/VSARM/sdk/pico/pico-sdk/src/rp2_common/hardware_i2c/i2c.c.obj
 .text.i2c_read_blocking_internal
                0x1000a6aa       0xe6 CMakeFiles/2104_Project.dir/C_/VSARM/sdk/pico/pico-sdk/src/rp2_common/hardware_i2c/i2c.c.obj
 .text.i2c_set_baudrate
                0x1000a790       0xf0 CMakeFiles/2104_Project.dir/C_/VSARM/sdk/pico/pico-sdk/src/rp2_common/hardware_i2c/i2c.c.obj
                0x1000a790                i2c_set_baudrate
 .text.i2c_init
                0x1000a880       0x58 CMakeFiles/2104_Project.dir/C_/VSARM/sdk/pico/pico-sdk/src/rp2_common/hardware_i2c/i2c.c.obj
                0x1000a880                i2c_init
 .text.i2c_write_blocking
                0x1000a8d8       0x18 CMakeFiles/2104_Project.dir/C_/VSARM/sdk/pico/pico-sdk/src/rp2_common/hardware_i2c/i2c.c.obj
                0x1000a8d8                i2c_write_blocking
 .text.i2c_read_blocking
                0x1000a8f0       0x18 CMakeFiles/2104_Project.dir/C_/VSARM/sdk/pico/pico-sdk/src/rp2_common/hardware_i2c/i2c.c.obj
                0x1000a8f0                i2c_read_blocking
 .text.adc_init
                0x1000a908       0x34 CMakeFiles/2104_Project.dir/C_/VSARM/sdk/pico/pico-sdk/src/rp2_common/hardware_adc/adc.c.obj
                0x1000a908                adc_init
 .text.strlen   0x1000a93c       0x5c c:/vsarm/armcc/102021~1.10/bin/../lib/gcc/arm-none-eabi/10.3.1/../../../../arm-none-eabi/lib/thumb/v6-m/nofp\libg.a(lib_a-strlen-stub.o)
                0x1000a93c                strlen
 *(.fini)
 .fini          0x1000a998        0x4 c:/vsarm/armcc/102021~1.10/bin/../lib/gcc/arm-none-eabi/10.3.1/thumb/v6-m/nofp/crti.o
                0x1000a998                _fini
 *fill*         0x1000a99c        0x4 
 .fini.__stub   0x1000a9a0       0x70 linker stubs
 *crtbegin.o(.ctors)
 *crtbegin?.o(.ctors)
 *(EXCLUDE_FILE(*crtend.o *crtend?.o) .ctors)
 *(SORT_BY_NAME(.ctors.*))
 *(.ctors)
 *crtbegin.o(.dtors)
 *crtbegin?.o(.dtors)
 *(EXCLUDE_FILE(*crtend.o *crtend?.o) .dtors)
 *(SORT_BY_NAME(.dtors.*))
 *(.dtors)
 *(.eh_frame*)
 .eh_frame      0x1000aa10        0x0 c:/vsarm/armcc/102021~1.10/bin/../lib/gcc/arm-none-eabi/10.3.1/thumb/v6-m/nofp/crtbegin.o
                0x1000aa10                . = ALIGN (0x4)

.glue_7         0x1000aa10        0x0
 .glue_7        0x1000aa10        0x0 linker stubs

.glue_7t        0x1000aa10        0x0
 .glue_7t       0x1000aa10        0x0 linker stubs

.vfp11_veneer   0x1000aa10        0x0
 .vfp11_veneer  0x1000aa10        0x0 linker stubs

.v4_bx          0x1000aa10        0x0
 .v4_bx         0x1000aa10        0x0 linker stubs

.iplt           0x1000aa10        0x0
 .iplt          0x1000aa10        0x0 c:/vsarm/armcc/102021~1.10/bin/../lib/gcc/arm-none-eabi/10.3.1/thumb/v6-m/nofp/crtbegin.o

.rodata         0x1000aa10     0x1de0
 *(EXCLUDE_FILE(*libm.a: *libc.a:*lib_a-mem*.o *libgcc.a:) .rodata*)
 .rodata.Push.str1.4
                0x1000aa10        0xf CMakeFiles/2104_Project.dir/mapping.c.obj
 *fill*         0x1000aa1f        0x1 
 .rodata.Pop.str1.4
                0x1000aa20       0x10 CMakeFiles/2104_Project.dir/mapping.c.obj
 .rodata.SetCar.str1.4
                0x1000aa30        0xc CMakeFiles/2104_Project.dir/mapping.c.obj
 .rodata.targetLocator.str1.4
                0x1000aa3c       0x94 CMakeFiles/2104_Project.dir/mapping.c.obj
 .rodata.uart_read_data.str1.4
                0x1000aad0        0xf CMakeFiles/2104_Project.dir/comms_uart.c.obj
 *fill*         0x1000aadf        0x1 
 .rodata.__bi_20.0
                0x1000aae0        0x8 CMakeFiles/2104_Project.dir/comms_i2c.c.obj
 .rodata.ISR_PID.str1.4
                0x1000aae8       0x17 CMakeFiles/2104_Project.dir/motor.c.obj
 *fill*         0x1000aaff        0x1 
 .rodata.moveForwardBY.str1.4
                0x1000ab00       0x18 CMakeFiles/2104_Project.dir/motor.c.obj
 .rodata.getPulse.str1.4
                0x1000ab18       0x61 CMakeFiles/2104_Project.dir/ultrasonic.c.obj
 *fill*         0x1000ab79        0x3 
 .rodata.ultrasonicPulse.str1.4
                0x1000ab7c        0xd CMakeFiles/2104_Project.dir/ultrasonic.c.obj
 *fill*         0x1000ab89        0x3 
 .rodata.__func__.0
                0x1000ab8c       0x15 CMakeFiles/2104_Project.dir/ultrasonic.c.obj
 *fill*         0x1000aba1        0x3 
 .rodata.mpu6050_calibration.str1.4
                0x1000aba4       0x22 CMakeFiles/2104_Project.dir/mpu.c.obj
 *fill*         0x1000abc6        0x2 
 .rodata.__bi_167.0
                0x1000abc8        0x8 CMakeFiles/2104_Project.dir/mpu.c.obj
 .rodata.printArray.str1.4
                0x1000abd0       0x24 CMakeFiles/2104_Project.dir/barcode.c.obj
 .rodata.decodeBarcode.str1.4
                0x1000abf4      0x313 CMakeFiles/2104_Project.dir/barcode.c.obj
 *fill*         0x1000af07        0x1 
 .rodata.detectBar_raw.str1.4
                0x1000af08       0x18 CMakeFiles/2104_Project.dir/barcode.c.obj
 .rodata        0x1000af20      0x141 CMakeFiles/2104_Project.dir/barcode.c.obj
 *fill*         0x1000b061        0x3 
 .rodata.spin_lock_claim_unused.str1.4
                0x1000b064       0x1b CMakeFiles/2104_Project.dir/C_/VSARM/sdk/pico/pico-sdk/src/rp2_common/hardware_sync/sync.c.obj
 *fill*         0x1000b07f        0x1 
 .rodata.make_branch.str1.4
                0x1000b080       0x6d CMakeFiles/2104_Project.dir/C_/VSARM/sdk/pico/pico-sdk/src/rp2_common/hardware_irq/irq.c.obj
 *fill*         0x1000b0ed        0x3 
 .rodata.insert_branch_and_link.str1.4
                0x1000b0f0       0x10 CMakeFiles/2104_Project.dir/C_/VSARM/sdk/pico/pico-sdk/src/rp2_common/hardware_irq/irq.c.obj
 .rodata.irq_set_exclusive_handler.str1.4
                0x1000b100       0x36 CMakeFiles/2104_Project.dir/C_/VSARM/sdk/pico/pico-sdk/src/rp2_common/hardware_irq/irq.c.obj
 *fill*         0x1000b136        0x2 
 .rodata.irq_add_shared_handler.str1.4
                0x1000b138       0xd9 CMakeFiles/2104_Project.dir/C_/VSARM/sdk/pico/pico-sdk/src/rp2_common/hardware_irq/irq.c.obj
 *fill*         0x1000b211        0x3 
 .rodata.irq_remove_handler.str1.4
                0x1000b214       0x2a CMakeFiles/2104_Project.dir/C_/VSARM/sdk/pico/pico-sdk/src/rp2_common/hardware_irq/irq.c.obj
 *fill*         0x1000b23e        0x2 
 .rodata.irq_add_tail_to_free_list.str1.4
                0x1000b240       0x3a CMakeFiles/2104_Project.dir/C_/VSARM/sdk/pico/pico-sdk/src/rp2_common/hardware_irq/irq.c.obj
 *fill*         0x1000b27a        0x2 
 .rodata.user_irq_claim_unused.str1.4
                0x1000b27c       0x1b CMakeFiles/2104_Project.dir/C_/VSARM/sdk/pico/pico-sdk/src/rp2_common/hardware_irq/irq.c.obj
 *fill*         0x1000b297        0x1 
 .rodata.__func__.0
                0x1000b298       0x1a CMakeFiles/2104_Project.dir/C_/VSARM/sdk/pico/pico-sdk/src/rp2_common/hardware_irq/irq.c.obj
 *fill*         0x1000b2b2        0x2 
 .rodata.__func__.1
                0x1000b2b4       0x17 CMakeFiles/2104_Project.dir/C_/VSARM/sdk/pico/pico-sdk/src/rp2_common/hardware_irq/irq.c.obj
 *fill*         0x1000b2cb        0x1 
 .rodata.__func__.2
                0x1000b2cc       0x13 CMakeFiles/2104_Project.dir/C_/VSARM/sdk/pico/pico-sdk/src/rp2_common/hardware_irq/irq.c.obj
 *fill*         0x1000b2df        0x1 
 .rodata.__func__.3
                0x1000b2e0        0xc CMakeFiles/2104_Project.dir/C_/VSARM/sdk/pico/pico-sdk/src/rp2_common/hardware_irq/irq.c.obj
 .rodata.__func__.4
                0x1000b2ec        0xf CMakeFiles/2104_Project.dir/C_/VSARM/sdk/pico/pico-sdk/src/rp2_common/hardware_irq/irq.c.obj
 *fill*         0x1000b2fb        0x1 
 .rodata.__func__.5
                0x1000b2fc       0x17 CMakeFiles/2104_Project.dir/C_/VSARM/sdk/pico/pico-sdk/src/rp2_common/hardware_irq/irq.c.obj
 *fill*         0x1000b313        0x1 
 .rodata.__func__.6
                0x1000b314       0x1a CMakeFiles/2104_Project.dir/C_/VSARM/sdk/pico/pico-sdk/src/rp2_common/hardware_irq/irq.c.obj
 *fill*         0x1000b32e        0x2 
 .rodata.repeating_timer_callback.str1.4
                0x1000b330       0x4b CMakeFiles/2104_Project.dir/C_/VSARM/sdk/pico/pico-sdk/src/common/pico_time/time.c.obj
 *fill*         0x1000b37b        0x1 
 .rodata.alarm_pool_dump_key.str1.4
                0x1000b37c       0x33 CMakeFiles/2104_Project.dir/C_/VSARM/sdk/pico/pico-sdk/src/common/pico_time/time.c.obj
 *fill*         0x1000b3af        0x1 
 .rodata.ph_add_child_node.str1.4
                0x1000b3b0       0x96 CMakeFiles/2104_Project.dir/C_/VSARM/sdk/pico/pico-sdk/src/common/pico_time/time.c.obj
 *fill*         0x1000b446        0x2 
 .rodata.add_alarm_under_lock.str1.4
                0x1000b448       0x28 CMakeFiles/2104_Project.dir/C_/VSARM/sdk/pico/pico-sdk/src/common/pico_time/time.c.obj
                                 0x2b (size before relaxing)
 .rodata.alarm_pool_alarm_callback.str1.4
                0x1000b470       0x82 CMakeFiles/2104_Project.dir/C_/VSARM/sdk/pico/pico-sdk/src/common/pico_time/time.c.obj
                                 0xe6 (size before relaxing)
 *fill*         0x1000b4f2        0x2 
 .rodata.alarm_pool_get_default.str1.4
                0x1000b4f4       0x21 CMakeFiles/2104_Project.dir/C_/VSARM/sdk/pico/pico-sdk/src/common/pico_time/time.c.obj
 *fill*         0x1000b515        0x3 
 .rodata.alarm_pool_cancel_alarm.str1.4
                0x1000b518       0x27 CMakeFiles/2104_Project.dir/C_/VSARM/sdk/pico/pico-sdk/src/common/pico_time/time.c.obj
 *fill*         0x1000b53f        0x1 
 .rodata.sleep_until.str1.4
                0x1000b540       0x4d CMakeFiles/2104_Project.dir/C_/VSARM/sdk/pico/pico-sdk/src/common/pico_time/time.c.obj
 *fill*         0x1000b58d        0x3 
 .rodata.__func__.0
                0x1000b590       0x19 CMakeFiles/2104_Project.dir/C_/VSARM/sdk/pico/pico-sdk/src/common/pico_time/time.c.obj
 *fill*         0x1000b5a9        0x3 
 .rodata.__func__.1
                0x1000b5ac       0x18 CMakeFiles/2104_Project.dir/C_/VSARM/sdk/pico/pico-sdk/src/common/pico_time/time.c.obj
 .rodata.__func__.10
                0x1000b5c4       0x15 CMakeFiles/2104_Project.dir/C_/VSARM/sdk/pico/pico-sdk/src/common/pico_time/time.c.obj
 *fill*         0x1000b5d9        0x3 
 .rodata.__func__.11
                0x1000b5dc       0x1a CMakeFiles/2104_Project.dir/C_/VSARM/sdk/pico/pico-sdk/src/common/pico_time/time.c.obj
 *fill*         0x1000b5f6        0x2 
 .rodata.__func__.12
                0x1000b5f8        0xa CMakeFiles/2104_Project.dir/C_/VSARM/sdk/pico/pico-sdk/src/common/pico_time/time.c.obj
 *fill*         0x1000b602        0x2 
 .rodata.__func__.3
                0x1000b604       0x17 CMakeFiles/2104_Project.dir/C_/VSARM/sdk/pico/pico-sdk/src/common/pico_time/time.c.obj
 *fill*         0x1000b61b        0x1 
 .rodata.__func__.4
                0x1000b61c       0x12 CMakeFiles/2104_Project.dir/C_/VSARM/sdk/pico/pico-sdk/src/common/pico_time/time.c.obj
 *fill*         0x1000b62e        0x2 
 .rodata.__func__.5
                0x1000b630        0xd CMakeFiles/2104_Project.dir/C_/VSARM/sdk/pico/pico-sdk/src/common/pico_time/time.c.obj
 *fill*         0x1000b63d        0x3 
 .rodata.__func__.6
                0x1000b640       0x12 CMakeFiles/2104_Project.dir/C_/VSARM/sdk/pico/pico-sdk/src/common/pico_time/time.c.obj
 *fill*         0x1000b652        0x2 
 .rodata.__func__.7
                0x1000b654        0xf CMakeFiles/2104_Project.dir/C_/VSARM/sdk/pico/pico-sdk/src/common/pico_time/time.c.obj
 *fill*         0x1000b663        0x1 
 .rodata.__func__.8
                0x1000b664        0xc CMakeFiles/2104_Project.dir/C_/VSARM/sdk/pico/pico-sdk/src/common/pico_time/time.c.obj
 .rodata.__func__.9
                0x1000b670       0x15 CMakeFiles/2104_Project.dir/C_/VSARM/sdk/pico/pico-sdk/src/common/pico_time/time.c.obj
 *fill*         0x1000b685        0x3 
 .rodata.hardware_alarm_claim.str1.4
                0x1000b688       0x22 CMakeFiles/2104_Project.dir/C_/VSARM/sdk/pico/pico-sdk/src/rp2_common/hardware_timer/timer.c.obj
 *fill*         0x1000b6aa        0x2 
 .rodata.hardware_alarm_set_target.str1.4
                0x1000b6ac       0x65 CMakeFiles/2104_Project.dir/C_/VSARM/sdk/pico/pico-sdk/src/rp2_common/hardware_timer/timer.c.obj
 *fill*         0x1000b711        0x3 
 .rodata.__func__.0
                0x1000b714       0x1a CMakeFiles/2104_Project.dir/C_/VSARM/sdk/pico/pico-sdk/src/rp2_common/hardware_timer/timer.c.obj
 .rodata.ph_add_child_node.str1.4
                0x1000b72e       0x96 CMakeFiles/2104_Project.dir/C_/VSARM/sdk/pico/pico-sdk/src/common/pico_util/pheap.c.obj
 *fill*         0x1000b72e        0x2 
 .rodata.ph_remove_any_head.str1.4
                0x1000b730       0x8c CMakeFiles/2104_Project.dir/C_/VSARM/sdk/pico/pico-sdk/src/common/pico_util/pheap.c.obj
 .rodata.ph_remove_and_free_node.str1.4
                0x1000b7bc       0x1e CMakeFiles/2104_Project.dir/C_/VSARM/sdk/pico/pico-sdk/src/common/pico_util/pheap.c.obj
                                 0x26 (size before relaxing)
 *fill*         0x1000b7da        0x2 
 .rodata.__func__.0
                0x1000b7dc       0x18 CMakeFiles/2104_Project.dir/C_/VSARM/sdk/pico/pico-sdk/src/common/pico_util/pheap.c.obj
 .rodata.__func__.1
                0x1000b7f4       0x13 CMakeFiles/2104_Project.dir/C_/VSARM/sdk/pico/pico-sdk/src/common/pico_util/pheap.c.obj
 *fill*         0x1000b807        0x1 
 .rodata.__func__.2
                0x1000b808       0x12 CMakeFiles/2104_Project.dir/C_/VSARM/sdk/pico/pico-sdk/src/common/pico_util/pheap.c.obj
 *fill*         0x1000b81a        0x2 
 .rodata.__func__.3
                0x1000b81c        0xc CMakeFiles/2104_Project.dir/C_/VSARM/sdk/pico/pico-sdk/src/common/pico_util/pheap.c.obj