Archive member included to satisfy reference by file (symbol)

c:/vsarm/armcc/1142da~1.3re/bin/../lib/gcc/arm-none-eabi/11.3.1/thumb/v6-m/nofp\libgcc.a(_dvmd_tls.o)
                              CMakeFiles/2104_Project.dir/C_/VSARM/sdk/pico/pico-sdk/src/rp2_common/pico_divider/divider.S.obj (__aeabi_idiv0)
c:/vsarm/armcc/1142da~1.3re/bin/../lib/gcc/arm-none-eabi/11.3.1/thumb/v6-m/nofp\libg.a(libc_a-calloc.o)
                              CMakeFiles/2104_Project.dir/C_/VSARM/sdk/pico/pico-sdk/src/rp2_common/pico_malloc/pico_malloc.c.obj (calloc)
c:/vsarm/armcc/1142da~1.3re/bin/../lib/gcc/arm-none-eabi/11.3.1/thumb/v6-m/nofp\libg.a(libc_a-callocr.o)
                              c:/vsarm/armcc/1142da~1.3re/bin/../lib/gcc/arm-none-eabi/11.3.1/thumb/v6-m/nofp\libg.a(libc_a-calloc.o) (_calloc_r)
c:/vsarm/armcc/1142da~1.3re/bin/../lib/gcc/arm-none-eabi/11.3.1/thumb/v6-m/nofp\libg.a(libc_a-malloc.o)
                              CMakeFiles/2104_Project.dir/C_/VSARM/sdk/pico/pico-sdk/src/rp2_common/pico_malloc/pico_malloc.c.obj (malloc)
c:/vsarm/armcc/1142da~1.3re/bin/../lib/gcc/arm-none-eabi/11.3.1/thumb/v6-m/nofp\libg.a(libc_a-mallocr.o)
                              c:/vsarm/armcc/1142da~1.3re/bin/../lib/gcc/arm-none-eabi/11.3.1/thumb/v6-m/nofp\libg.a(libc_a-callocr.o) (_malloc_r)
c:/vsarm/armcc/1142da~1.3re/bin/../lib/gcc/arm-none-eabi/11.3.1/thumb/v6-m/nofp\libg.a(libc_a-mlock.o)
                              c:/vsarm/armcc/1142da~1.3re/bin/../lib/gcc/arm-none-eabi/11.3.1/thumb/v6-m/nofp\libg.a(libc_a-mallocr.o) (__malloc_lock)
c:/vsarm/armcc/1142da~1.3re/bin/../lib/gcc/arm-none-eabi/11.3.1/thumb/v6-m/nofp\libg.a(libc_a-realloc.o)
                              CMakeFiles/2104_Project.dir/C_/VSARM/sdk/pico/pico-sdk/src/rp2_common/pico_malloc/pico_malloc.c.obj (realloc)
c:/vsarm/armcc/1142da~1.3re/bin/../lib/gcc/arm-none-eabi/11.3.1/thumb/v6-m/nofp\libg.a(libc_a-reallocr.o)
                              c:/vsarm/armcc/1142da~1.3re/bin/../lib/gcc/arm-none-eabi/11.3.1/thumb/v6-m/nofp\libg.a(libc_a-realloc.o) (_realloc_r)
c:/vsarm/armcc/1142da~1.3re/bin/../lib/gcc/arm-none-eabi/11.3.1/thumb/v6-m/nofp\libg.a(libc_a-ctype_.o)
                              CMakeFiles/2104_Project.dir/C_/VSARM/sdk/pico/pico-sdk/lib/tinyusb/src/tusb.c.obj (_ctype_)
c:/vsarm/armcc/1142da~1.3re/bin/../lib/gcc/arm-none-eabi/11.3.1/thumb/v6-m/nofp\libg.a(libc_a-memmove.o)
                              c:/vsarm/armcc/1142da~1.3re/bin/../lib/gcc/arm-none-eabi/11.3.1/thumb/v6-m/nofp\libg.a(libc_a-reallocr.o) (memmove)
c:/vsarm/armcc/1142da~1.3re/bin/../lib/gcc/arm-none-eabi/11.3.1/thumb/v6-m/nofp\libg.a(libc_a-impure.o)
                              c:/vsarm/armcc/1142da~1.3re/bin/../lib/gcc/arm-none-eabi/11.3.1/thumb/v6-m/nofp\libg.a(libc_a-calloc.o) (_impure_ptr)
c:/vsarm/armcc/1142da~1.3re/bin/../lib/gcc/arm-none-eabi/11.3.1/thumb/v6-m/nofp\libg.a(libc_a-sbrkr.o)
                              c:/vsarm/armcc/1142da~1.3re/bin/../lib/gcc/arm-none-eabi/11.3.1/thumb/v6-m/nofp\libg.a(libc_a-mallocr.o) (_sbrk_r)
c:/vsarm/armcc/1142da~1.3re/bin/../lib/gcc/arm-none-eabi/11.3.1/thumb/v6-m/nofp\libg.a(libc_a-errno.o)
                              c:/vsarm/armcc/1142da~1.3re/bin/../lib/gcc/arm-none-eabi/11.3.1/thumb/v6-m/nofp\libg.a(libc_a-callocr.o) (__errno)
c:/vsarm/armcc/1142da~1.3re/bin/../lib/gcc/arm-none-eabi/11.3.1/thumb/v6-m/nofp\libg.a(libc_a-init.o)
                              c:/vsarm/armcc/1142da~1.3re/bin/../lib/gcc/arm-none-eabi/11.3.1/thumb/v6-m/nofp/crt0.o (__libc_init_array)
c:/vsarm/armcc/1142da~1.3re/bin/../lib/gcc/arm-none-eabi/11.3.1/thumb/v6-m/nofp\libg.a(libc_a-lock.o)
                              c:/vsarm/armcc/1142da~1.3re/bin/../lib/gcc/arm-none-eabi/11.3.1/thumb/v6-m/nofp\libg.a(libc_a-mlock.o) (__retarget_lock_acquire_recursive)
c:/vsarm/armcc/1142da~1.3re/bin/../lib/gcc/arm-none-eabi/11.3.1/thumb/v6-m/nofp\libg.a(libc_a-strlen-stub.o)
                              CMakeFiles/2104_Project.dir/C_/VSARM/sdk/pico/pico-sdk/src/rp2_common/pico_stdio/stdio.c.obj (strlen)
c:/vsarm/armcc/1142da~1.3re/bin/../lib/gcc/arm-none-eabi/11.3.1/thumb/v6-m/nofp\libg.a(libc_a-freer.o)
                              c:/vsarm/armcc/1142da~1.3re/bin/../lib/gcc/arm-none-eabi/11.3.1/thumb/v6-m/nofp\libg.a(libc_a-malloc.o) (_free_r)
c:/vsarm/armcc/1142da~1.3re/bin/../lib/gcc/arm-none-eabi/11.3.1/thumb/v6-m/nofp\libg.a(libc_a-findfp.o)
                              c:/vsarm/armcc/1142da~1.3re/bin/../lib/gcc/arm-none-eabi/11.3.1/thumb/v6-m/nofp\libg.a(libc_a-impure.o) (__sf)
c:/vsarm/armcc/1142da~1.3re/bin/../lib/gcc/arm-none-eabi/11.3.1/thumb/v6-m/nofp\libg.a(libc_a-fwalk.o)
                              c:/vsarm/armcc/1142da~1.3re/bin/../lib/gcc/arm-none-eabi/11.3.1/thumb/v6-m/nofp\libg.a(libc_a-findfp.o) (_fwalk_sglue)
c:/vsarm/armcc/1142da~1.3re/bin/../lib/gcc/arm-none-eabi/11.3.1/thumb/v6-m/nofp\libg.a(libc_a-stdio.o)
[...]
Memory Configuration

Name             Origin             Length             Attributes
FLASH            0x10000000         0x00200000         xr
RAM              0x20000000         0x00040000         xrw
SCRATCH_X        0x20040000         0x00001000         xrw
SCRATCH_Y        0x20041000         0x00001000         xrw
*default*        0x00000000         0xffffffff

Linker script and memory map

LOAD c:/vsarm/armcc/1142da~1.3re/bin/../lib/gcc/arm-none-eabi/11.3.1/thumb/v6-m/nofp/crti.o
LOAD c:/vsarm/armcc/1142da~1.3re/bin/../lib/gcc/arm-none-eabi/11.3.1/thumb/v6-m/nofp/crtbegin.o
LOAD c:/vsarm/armcc/1142da~1.3re/bin/../lib/gcc/arm-none-eabi/11.3.1/thumb/v6-m/nofp/crt0.o

.flash_begin    0x10000000        0x0
                0x10000000                __flash_binary_start = .

.boot2          0x10000000      0x100
                0x10000000                __boot2_start__ = .
 *(.boot2)
 .boot2         0x10000000      0x100 C:\Users\pyeka\AppData\Local\Temp\ccS9Wbdk.o
                0x10000100                __boot2_end__ = .
                0x00000001                ASSERT (((__boot2_end__ - __boot2_start__) == 0x100), ERROR: Pico second stage bootloader must be 256 bytes in size)

.text           0x10000100     0xaa30
                0x10000100                __logical_binary_start = .
 *(.vectors)
 .vectors       0x10000100       0xd4 CMakeFiles/2104_Project.dir/C_/VSARM/sdk/pico/pico-sdk/src/rp2_common/pico_standard_link/crt0.S.obj
                0x10000100                __VECTOR_TABLE
                0x10000100                __vectors
                0x100001c0                isr_invalid
                0x100001c0                __default_isrs_start
                0x100001c2                isr_nmi
                0x100001c4                isr_hardfault
                0x100001c6                isr_svcall
                0x100001c8                isr_pendsv
                0x100001ca                isr_systick
                0x100001cc                isr_irq23
                0x100001cc                isr_irq18
                0x100001cc                isr_irq11
                0x100001cc                isr_irq28
                0x100001cc                isr_irq19
                0x100001cc                isr_irq0
                0x100001cc                isr_irq6
                0x100001cc                isr_irq5
                0x100001cc                isr_irq12
                0x100001cc                isr_irq22
                0x100001cc                isr_irq31
                0x100001cc                isr_irq17
                0x100001cc                isr_irq27
                0x100001cc                isr_irq30
                0x100001cc                isr_irq2
                0x100001cc                isr_irq10
                0x100001cc                isr_irq8
                0x100001cc                isr_irq24
                0x100001cc                isr_irq1
                0x100001cc                isr_irq7
                0x100001cc                isr_irq21
                0x100001cc                isr_irq20
                0x100001cc                isr_irq15
                0x100001cc                isr_irq25
                0x100001cc                isr_irq13
                0x100001cc                __unhandled_user_irq
                0x100001cc                isr_irq4
                0x100001cc                isr_irq16
                0x100001cc                isr_irq29
                0x100001cc                isr_irq26
                0x100001cc                __default_isrs_end
                0x100001cc                isr_irq3
                0x100001cc                isr_irq14
                0x100001cc                isr_irq9
                0x100001d2                unhandled_user_irq_num_in_r0
 *(.binary_info_header)
 .binary_info_header
                0x100001d4       0x14 CMakeFiles/2104_Project.dir/C_/VSARM/sdk/pico/pico-sdk/src/rp2_common/pico_standard_link/crt0.S.obj
                0x100001e8                __binary_info_header_end = .
 *(.reset)
 .reset         0x100001e8       0xa8 CMakeFiles/2104_Project.dir/C_/VSARM/sdk/pico/pico-sdk/src/rp2_common/pico_standard_link/crt0.S.obj
                0x100001e8                _entry_point
                0x10000266                __get_current_exception
 .reset         0x10000290       0x30 CMakeFiles/2104_Project.dir/C_/VSARM/sdk/pico/pico-sdk/src/rp2_common/pico_standard_link/binary_info.c.obj
 *(.init)
 .init          0x100002c0        0x4 c:/vsarm/armcc/1142da~1.3re/bin/../lib/gcc/arm-none-eabi/11.3.1/thumb/v6-m/nofp/crti.o
                0x100002c0                _init
 *(EXCLUDE_FILE(*libm.a: *libc.a:*lib_a-mem*.o *libgcc.a:) .text*)
 .text.register_tm_clones
                0x100002c4       0x28 c:/vsarm/armcc/1142da~1.3re/bin/../lib/gcc/arm-none-eabi/11.3.1/thumb/v6-m/nofp/crtbegin.o
 .text.frame_dummy
                0x100002ec       0x24 c:/vsarm/armcc/1142da~1.3re/bin/../lib/gcc/arm-none-eabi/11.3.1/thumb/v6-m/nofp/crtbegin.o
 .text.add_repeating_timer_ms
                0x10000310       0x3c CMakeFiles/2104_Project.dir/main.c.obj
 .text.main     0x1000034c       0x6c CMakeFiles/2104_Project.dir/main.c.obj
                0x1000034c                main
 .text.SavePrevXYToCurrentNode
                0x100003b8       0x68 CMakeFiles/2104_Project.dir/mapping.c.obj
                0x100003b8                SavePrevXYToCurrentNode
 .text.Push     0x10000420       0x30 CMakeFiles/2104_Project.dir/mapping.c.obj
                0x10000420                Push
 .text.Pop      0x10000450       0x38 CMakeFiles/2104_Project.dir/mapping.c.obj
                0x10000450                Pop
 .text.Peek     0x10000488       0x30 CMakeFiles/2104_Project.dir/mapping.c.obj
                0x10000488                Peek
 .text.AddStackIfNotExist
                0x100004b8       0x3c CMakeFiles/2104_Project.dir/mapping.c.obj
                0x100004b8                AddStackIfNotExist
 .text.MarkWall
                0x100004f4      0x130 CMakeFiles/2104_Project.dir/mapping.c.obj
                0x100004f4                MarkWall
 .text.SetCar   0x10000624       0x14 CMakeFiles/2104_Project.dir/mapping.c.obj
                0x10000624                SetCar
 .text.SetCarWallPointers
                0x10000638      0x148 CMakeFiles/2104_Project.dir/mapping.c.obj
                0x10000638                SetCarWallPointers
 .text.AddDirectionToStack
                0x10000780       0xec CMakeFiles/2104_Project.dir/mapping.c.obj
                0x10000780                AddDirectionToStack
 .text.CheckDirectionOfNode
                0x1000086c       0x38 CMakeFiles/2104_Project.dir/mapping.c.obj
                0x1000086c                CheckDirectionOfNode
 .text.GetLeftDirection
                0x100008a4       0x22 CMakeFiles/2104_Project.dir/mapping.c.obj
                0x100008a4                GetLeftDirection
 .text.GetRightDirection
                0x100008c6       0x22 CMakeFiles/2104_Project.dir/mapping.c.obj
                0x100008c6                GetRightDirection
 .text.GetBackDirection
                0x100008e8       0x22 CMakeFiles/2104_Project.dir/mapping.c.obj
                0x100008e8                GetBackDirection
 *fill*         0x1000090a        0x2 
 .text.CheckUltrasonic
                0x1000090c       0x74 CMakeFiles/2104_Project.dir/mapping.c.obj
                0x1000090c                CheckUltrasonic
 .text.CheckCurrentNode
                0x10000980       0xa0 CMakeFiles/2104_Project.dir/mapping.c.obj
                0x10000980                CheckCurrentNode
 .text.ChangeCarDirection
                0x10000a20       0xa0 CMakeFiles/2104_Project.dir/mapping.c.obj
                0x10000a20                ChangeCarDirection
 .text.Backtrack
                0x10000ac0       0x40 CMakeFiles/2104_Project.dir/mapping.c.obj
                0x10000ac0                Backtrack
 .text.MoveCarToStackPos
                0x10000b00      0x180 CMakeFiles/2104_Project.dir/mapping.c.obj
                0x10000b00                MoveCarToStackPos
 .text.ConvertMappedGrid
                0x10000c80       0xe4 CMakeFiles/2104_Project.dir/mapping.c.obj
                0x10000c80                ConvertMappedGrid
 .text.conversionConstructor
                0x10000d64      0x17c CMakeFiles/2104_Project.dir/mapping.c.obj
                0x10000d64                conversionConstructor
 .text.setCoord
                0x10000ee0       0x34 CMakeFiles/2104_Project.dir/mapping.c.obj
                0x10000ee0                setCoord
 .text.validMove
                0x10000f14       0x36 CMakeFiles/2104_Project.dir/mapping.c.obj
                0x10000f14                validMove
 *fill*         0x10000f4a        0x2 
 .text.navigateTo
                0x10000f4c      0x124 CMakeFiles/2104_Project.dir/mapping.c.obj
                0x10000f4c                navigateTo
 .text.targetLocator
                0x10001070      0x1f8 CMakeFiles/2104_Project.dir/mapping.c.obj
                0x10001070                targetLocator
 .text.receiveCoordinate
                0x10001268       0x80 CMakeFiles/2104_Project.dir/mapping.c.obj
                0x10001268                receiveCoordinate
 .text.MappingMain
                0x100012e8       0x8c CMakeFiles/2104_Project.dir/mapping.c.obj
                0x100012e8                MappingMain
 .text.uart_start
                0x10001374       0x24 CMakeFiles/2104_Project.dir/comms_uart.c.obj
                0x10001374                uart_start
 .text.uart_send_barcode
                0x10001398       0x2c CMakeFiles/2104_Project.dir/comms_uart.c.obj
                0x10001398                uart_send_barcode
 .text.uart_send_float
                0x100013c4       0x54 CMakeFiles/2104_Project.dir/comms_uart.c.obj
                0x100013c4                uart_send_float
 .text.uart_send_map
                0x10001418       0x5c CMakeFiles/2104_Project.dir/comms_uart.c.obj
                0x10001418                uart_send_map
 .text.uart_read_data
                0x10001474       0x6c CMakeFiles/2104_Project.dir/comms_uart.c.obj
                0x10001474                uart_read_data
 .text.ISR_rightEncoder
                0x100014e0       0x28 CMakeFiles/2104_Project.dir/encoder.c.obj
                0x100014e0                ISR_rightEncoder
 .text.ISR_leftEncoder
                0x10001508       0x1c CMakeFiles/2104_Project.dir/encoder.c.obj
                0x10001508                ISR_leftEncoder
 .text.get_RightNotches
                0x10001524        0xc CMakeFiles/2104_Project.dir/encoder.c.obj
                0x10001524                get_RightNotches
 .text.get_LeftNotches
                0x10001530        0xc CMakeFiles/2104_Project.dir/encoder.c.obj
                0x10001530                get_LeftNotches
 .text.get_RightCounter
                0x1000153c        0xc CMakeFiles/2104_Project.dir/encoder.c.obj
                0x1000153c                get_RightCounter
 .text.get_LeftCounter
                0x10001548        0xc CMakeFiles/2104_Project.dir/encoder.c.obj
                0x10001548                get_LeftCounter
 .text.get_current_notches
                0x10001554       0x10 CMakeFiles/2104_Project.dir/encoder.c.obj
                0x10001554                get_current_notches
 .text.reset_notches
                0x10001564        0xc CMakeFiles/2104_Project.dir/encoder.c.obj
                0x10001564                reset_notches
 .text.reset_RightCounter
                0x10001570        0xc CMakeFiles/2104_Project.dir/encoder.c.obj
                0x10001570                reset_RightCounter
 .text.reset_LeftCounter
                0x1000157c        0xc CMakeFiles/2104_Project.dir/encoder.c.obj
                0x1000157c                reset_LeftCounter
 .text.reset_RightNotches
                0x10001588        0xc CMakeFiles/2104_Project.dir/encoder.c.obj
                0x10001588                reset_RightNotches
 .text.reset_LeftNotches
                0x10001594        0xc CMakeFiles/2104_Project.dir/encoder.c.obj
                0x10001594                reset_LeftNotches
 .text.CMtoSteps
                0x100015a0       0x14 CMakeFiles/2104_Project.dir/encoder.c.obj
                0x100015a0                CMtoSteps
 .text.gpio_callback
                0x100015b4       0x18 CMakeFiles/2104_Project.dir/encoder.c.obj
                0x100015b4                gpio_callback
 .text.init_pins
                0x100015cc       0x44 CMakeFiles/2104_Project.dir/encoder.c.obj
                0x100015cc                init_pins
 .text.init_motor
                0x10001610       0x32 CMakeFiles/2104_Project.dir/motor.c.obj
                0x10001610                init_motor
 *fill*         0x10001642        0x2 
 .text.init_pwmChanA
                0x10001644       0x9c CMakeFiles/2104_Project.dir/motor.c.obj
                0x10001644                init_pwmChanA
 .text.init_pwmChanB
                0x100016e0       0x9c CMakeFiles/2104_Project.dir/motor.c.obj
                0x100016e0                init_pwmChanB
 .text.ISR_PID  0x1000177c       0xec CMakeFiles/2104_Project.dir/motor.c.obj
                0x1000177c                ISR_PID
 .text.moveForward
                0x10001868       0x30 CMakeFiles/2104_Project.dir/motor.c.obj
                0x10001868                moveForward
 .text.stop     0x10001898       0x18 CMakeFiles/2104_Project.dir/motor.c.obj
                0x10001898                stop
 .text.turnLeft180
                0x100018b0       0x4c CMakeFiles/2104_Project.dir/motor.c.obj
                0x100018b0                turnLeft180
 .text.turnLeft90
                0x100018fc       0x4c CMakeFiles/2104_Project.dir/motor.c.obj
                0x100018fc                turnLeft90
 .text.turnRight90
                0x10001948       0x4c CMakeFiles/2104_Project.dir/motor.c.obj
                0x10001948                turnRight90
 .text.moveForwardBY
                0x10001994       0x88 CMakeFiles/2104_Project.dir/motor.c.obj
                0x10001994                moveForwardBY
 .text.moveBackwardBY
                0x10001a1c       0x88 CMakeFiles/2104_Project.dir/motor.c.obj
                0x10001a1c                moveBackwardBY
 .text.getPulse
                0x10001aa4       0xa8 CMakeFiles/2104_Project.dir/ultrasonic.c.obj
                0x10001aa4                getPulse
 .text.init_ultrasonic
                0x10001b4c       0x32 CMakeFiles/2104_Project.dir/ultrasonic.c.obj
                0x10001b4c                init_ultrasonic
 *fill*         0x10001b7e        0x2 
 .text.ultrasonicPulse
                0x10001b80       0x54 CMakeFiles/2104_Project.dir/ultrasonic.c.obj
                0x10001b80                ultrasonicPulse
 .text.mpu6050_reset
                0x10001bd4       0x24 CMakeFiles/2104_Project.dir/mpu.c.obj
 .text.mpu6050_read_rawA
                0x10001bf8       0x50 CMakeFiles/2104_Project.dir/mpu.c.obj
 .text.calcAccAngle
                0x10001c48       0x1c CMakeFiles/2104_Project.dir/mpu.c.obj
                0x10001c48                calcAccAngle
 .text.calcTiltAngleX
                0x10001c64       0x34 CMakeFiles/2104_Project.dir/mpu.c.obj
                0x10001c64                calcTiltAngleX
 .text.calcHeight
                0x10001c98       0x1c CMakeFiles/2104_Project.dir/mpu.c.obj
                0x10001c98                calcHeight
 .text.mpu6050_calibration
                0x10001cb4      0x100 CMakeFiles/2104_Project.dir/mpu.c.obj
                0x10001cb4                mpu6050_calibration
 .text.getHeight
                0x10001db4       0x8c CMakeFiles/2104_Project.dir/mpu.c.obj
                0x10001db4                getHeight
 .text.init_accel
                0x10001e40       0x44 CMakeFiles/2104_Project.dir/mpu.c.obj
                0x10001e40                init_accel
 .text.checkBumpISR
                0x10001e84       0xac CMakeFiles/2104_Project.dir/mpu.c.obj
                0x10001e84                checkBumpISR
 .text.init_barcode
                0x10001f30       0x38 CMakeFiles/2104_Project.dir/barcode.c.obj
                0x10001f30                init_barcode
 .text.combineArray
                0x10001f68       0x24 CMakeFiles/2104_Project.dir/barcode.c.obj
                0x10001f68                combineArray
 .text.decipherBarcode
                0x10001f8c       0x48 CMakeFiles/2104_Project.dir/barcode.c.obj
                0x10001f8c                decipherBarcode
 .text.printArray
                0x10001fd4       0x2c CMakeFiles/2104_Project.dir/barcode.c.obj
                0x10001fd4                printArray
 .text.compareArray
                0x10002000       0x1c CMakeFiles/2104_Project.dir/barcode.c.obj
                0x10002000                compareArray
 .text.decodeBarcode
                0x1000201c      0x55c CMakeFiles/2104_Project.dir/barcode.c.obj
                0x1000201c                decodeBarcode
 .text.detectBar_raw
                0x10002578      0x1bc CMakeFiles/2104_Project.dir/barcode.c.obj
                0x10002578                detectBar_raw
 .text.barcode_sampling
                0x10002734       0xd8 CMakeFiles/2104_Project.dir/barcode.c.obj
                0x10002734                barcode_sampling
 .text.barcode_IRQ
                0x1000280c        0x8 CMakeFiles/2104_Project.dir/barcode.c.obj
                0x1000280c                barcode_IRQ
 .text.gpio_set_function
                0x10002814       0x30 CMakeFiles/2104_Project.dir/C_/VSARM/sdk/pico/pico-sdk/src/rp2_common/hardware_gpio/gpio.c.obj
                0x10002814                gpio_set_function
 .text.gpio_set_pulls
                0x10002844       0x34 CMakeFiles/2104_Project.dir/C_/VSARM/sdk/pico/pico-sdk/src/rp2_common/hardware_gpio/gpio.c.obj
                0x10002844                gpio_set_pulls
 .text.gpio_set_irq_callback
                0x10002878       0x48 CMakeFiles/2104_Project.dir/C_/VSARM/sdk/pico/pico-sdk/src/rp2_common/hardware_gpio/gpio.c.obj
                0x10002878                gpio_set_irq_callback
 .text.gpio_acknowledge_irq
                0x100028c0       0x18 CMakeFiles/2104_Project.dir/C_/VSARM/sdk/pico/pico-sdk/src/rp2_common/hardware_gpio/gpio.c.obj
                0x100028c0                gpio_acknowledge_irq
 .text._gpio_set_irq_enabled
                0x100028d8       0x34 CMakeFiles/2104_Project.dir/C_/VSARM/sdk/pico/pico-sdk/src/rp2_common/hardware_gpio/gpio.c.obj
 .text.gpio_set_irq_enabled
                0x1000290c       0x20 CMakeFiles/2104_Project.dir/C_/VSARM/sdk/pico/pico-sdk/src/rp2_common/hardware_gpio/gpio.c.obj
                0x1000290c                gpio_set_irq_enabled
 .text.gpio_set_irq_enabled_with_callback
                0x1000292c       0x20 CMakeFiles/2104_Project.dir/C_/VSARM/sdk/pico/pico-sdk/src/rp2_common/hardware_gpio/gpio.c.obj
                0x1000292c                gpio_set_irq_enabled_with_callback
 .text.gpio_default_irq_handler
                0x1000294c       0x98 CMakeFiles/2104_Project.dir/C_/VSARM/sdk/pico/pico-sdk/src/rp2_common/hardware_gpio/gpio.c.obj
 .text.gpio_set_input_enabled
                0x100029e4       0x30 CMakeFiles/2104_Project.dir/C_/VSARM/sdk/pico/pico-sdk/src/rp2_common/hardware_gpio/gpio.c.obj
                0x100029e4                gpio_set_input_enabled
 .text.gpio_init
                0x10002a14       0x16 CMakeFiles/2104_Project.dir/C_/VSARM/sdk/pico/pico-sdk/src/rp2_common/hardware_gpio/gpio.c.obj
                0x10002a14                gpio_init
 *fill*         0x10002a2a        0x2 
 .text.hw_claim_lock
                0x10002a2c       0x18 CMakeFiles/2104_Project.dir/C_/VSARM/sdk/pico/pico-sdk/src/rp2_common/hardware_claim/claim.c.obj
                0x10002a2c                hw_claim_lock
 .text.hw_claim_unlock
                0x10002a44       0x14 CMakeFiles/2104_Project.dir/C_/VSARM/sdk/pico/pico-sdk/src/rp2_common/hardware_claim/claim.c.obj
                0x10002a44                hw_claim_unlock
 .text.hw_claim_or_assert
                0x10002a58       0x32 CMakeFiles/2104_Project.dir/C_/VSARM/sdk/pico/pico-sdk/src/rp2_common/hardware_claim/claim.c.obj
                0x10002a58                hw_claim_or_assert
 .text.hw_claim_unused_from_range
                0x10002a8a       0x50 CMakeFiles/2104_Project.dir/C_/VSARM/sdk/pico/pico-sdk/src/rp2_common/hardware_claim/claim.c.obj
                0x10002a8a                hw_claim_unused_from_range
 *fill*         0x10002ada        0x2 
 .text.running_on_fpga
                0x10002adc       0x14 CMakeFiles/2104_Project.dir/C_/VSARM/sdk/pico/pico-sdk/src/rp2_common/pico_platform/platform.c.obj
                0x10002adc                running_on_fpga
 .text.spin_locks_reset
                0x10002af0       0x20 CMakeFiles/2104_Project.dir/C_/VSARM/sdk/pico/pico-sdk/src/rp2_common/hardware_sync/sync.c.obj
                0x10002af0                spin_locks_reset
 .text.next_striped_spin_lock_num
                0x10002b10       0x1c CMakeFiles/2104_Project.dir/C_/VSARM/sdk/pico/pico-sdk/src/rp2_common/hardware_sync/sync.c.obj
                0x10002b10                next_striped_spin_lock_num
 .text.spin_lock_claim_unused
                0x10002b2c       0x24 CMakeFiles/2104_Project.dir/C_/VSARM/sdk/pico/pico-sdk/src/rp2_common/hardware_sync/sync.c.obj
                0x10002b2c                spin_lock_claim_unused
 .text.set_raw_irq_handler_and_unlock
                0x10002b50       0x28 CMakeFiles/2104_Project.dir/C_/VSARM/sdk/pico/pico-sdk/src/rp2_common/hardware_irq/irq.c.obj
 .text.make_branch
                0x10002b78       0x48 CMakeFiles/2104_Project.dir/C_/VSARM/sdk/pico/pico-sdk/src/rp2_common/hardware_irq/irq.c.obj
 .text.insert_branch_and_link
                0x10002bc0       0x40 CMakeFiles/2104_Project.dir/C_/VSARM/sdk/pico/pico-sdk/src/rp2_common/hardware_irq/irq.c.obj
 .text.irq_is_enabled
                0x10002c00       0x18 CMakeFiles/2104_Project.dir/C_/VSARM/sdk/pico/pico-sdk/src/rp2_common/hardware_irq/irq.c.obj
                0x10002c00                irq_is_enabled
 .text.irq_set_mask_enabled
                0x10002c18       0x20 CMakeFiles/2104_Project.dir/C_/VSARM/sdk/pico/pico-sdk/src/rp2_common/hardware_irq/irq.c.obj
                0x10002c18                irq_set_mask_enabled
 .text.irq_set_enabled
                0x10002c38        0xe CMakeFiles/2104_Project.dir/C_/VSARM/sdk/pico/pico-sdk/src/rp2_common/hardware_irq/irq.c.obj
                0x10002c38                irq_set_enabled
 *fill*         0x10002c46        0x2 
 .text.irq_set_pending
                0x10002c48       0x10 CMakeFiles/2104_Project.dir/C_/VSARM/sdk/pico/pico-sdk/src/rp2_common/hardware_irq/irq.c.obj
                0x10002c48                irq_set_pending
 .text.irq_get_vtable_handler
                0x10002c58       0x10 CMakeFiles/2104_Project.dir/C_/VSARM/sdk/pico/pico-sdk/src/rp2_common/hardware_irq/irq.c.obj
                0x10002c58                irq_get_vtable_handler
 .text.irq_has_shared_handler
                0x10002c68       0x24 CMakeFiles/2104_Project.dir/C_/VSARM/sdk/pico/pico-sdk/src/rp2_common/hardware_irq/irq.c.obj
                0x10002c68                irq_has_shared_handler
 .text.irq_set_exclusive_handler
                0x10002c8c       0x54 CMakeFiles/2104_Project.dir/C_/VSARM/sdk/pico/pico-sdk/src/rp2_common/hardware_irq/irq.c.obj
                0x10002c8c                irq_set_exclusive_handler
 .text.irq_add_shared_handler
                0x10002ce0      0x230 CMakeFiles/2104_Project.dir/C_/VSARM/sdk/pico/pico-sdk/src/rp2_common/hardware_irq/irq.c.obj
                0x10002ce0                irq_add_shared_handler
 .text.irq_remove_handler
                0x10002f10      0x1a4 CMakeFiles/2104_Project.dir/C_/VSARM/sdk/pico/pico-sdk/src/rp2_common/hardware_irq/irq.c.obj
                0x10002f10                irq_remove_handler
 .text.irq_add_tail_to_free_list
                0x100030b4       0xf0 CMakeFiles/2104_Project.dir/C_/VSARM/sdk/pico/pico-sdk/src/rp2_common/hardware_irq/irq.c.obj
                0x100030b4                irq_add_tail_to_free_list
 .text.irq_init_priorities
                0x100031a4       0x1c CMakeFiles/2104_Project.dir/C_/VSARM/sdk/pico/pico-sdk/src/rp2_common/hardware_irq/irq.c.obj
                0x100031a4                irq_init_priorities
 .text.user_irq_claim_unused
                0x100031c0       0x30 CMakeFiles/2104_Project.dir/C_/VSARM/sdk/pico/pico-sdk/src/rp2_common/hardware_irq/irq.c.obj
                0x100031c0                user_irq_claim_unused
 .text.lock_init
                0x100031f0       0x10 CMakeFiles/2104_Project.dir/C_/VSARM/sdk/pico/pico-sdk/src/common/pico_sync/lock_core.c.obj
                0x100031f0                lock_init
 .text.repeating_timer_callback
                0x10003200       0x40 CMakeFiles/2104_Project.dir/C_/VSARM/sdk/pico/pico-sdk/src/common/pico_time/time.c.obj
 .text.alarm_pool_post_alloc_init
                0x10003240       0x40 CMakeFiles/2104_Project.dir/C_/VSARM/sdk/pico/pico-sdk/src/common/pico_time/time.c.obj
 .text.sleep_until_callback
                0x10003280       0x30 CMakeFiles/2104_Project.dir/C_/VSARM/sdk/pico/pico-sdk/src/common/pico_time/time.c.obj
 .text.timer_pool_entry_comparator
                0x100032b0       0x78 CMakeFiles/2104_Project.dir/C_/VSARM/sdk/pico/pico-sdk/src/common/pico_time/time.c.obj
                0x100032b0                timer_pool_entry_comparator
 .text.ph_add_child_node
                0x10003328       0xa0 CMakeFiles/2104_Project.dir/C_/VSARM/sdk/pico/pico-sdk/src/common/pico_time/time.c.obj
 .text.ph_merge_nodes
                0x100033c8       0x3e CMakeFiles/2104_Project.dir/C_/VSARM/sdk/pico/pico-sdk/src/common/pico_time/time.c.obj
 *fill*         0x10003406        0x2 
 .text.add_alarm_under_lock
                0x10003408      0x16c CMakeFiles/2104_Project.dir/C_/VSARM/sdk/pico/pico-sdk/src/common/pico_time/time.c.obj
 .text.alarm_pool_alarm_callback
                0x10003574      0x328 CMakeFiles/2104_Project.dir/C_/VSARM/sdk/pico/pico-sdk/src/common/pico_time/time.c.obj
 .text.alarm_pool_init_default
                0x1000389c       0x38 CMakeFiles/2104_Project.dir/C_/VSARM/sdk/pico/pico-sdk/src/common/pico_time/time.c.obj
                0x1000389c                alarm_pool_init_default
 .text.alarm_pool_get_default
                0x100038d4       0x2c CMakeFiles/2104_Project.dir/C_/VSARM/sdk/pico/pico-sdk/src/common/pico_time/time.c.obj
                0x100038d4                alarm_pool_get_default
 .text.alarm_pool_add_alarm_at
                0x10003900      0x178 CMakeFiles/2104_Project.dir/C_/VSARM/sdk/pico/pico-sdk/src/common/pico_time/time.c.obj
                0x10003900                alarm_pool_add_alarm_at
 .text.alarm_pool_cancel_alarm
                0x10003a78       0xec CMakeFiles/2104_Project.dir/C_/VSARM/sdk/pico/pico-sdk/src/common/pico_time/time.c.obj
                0x10003a78                alarm_pool_cancel_alarm
 .text.alarm_pool_add_repeating_timer_us
                0x10003b64       0x98 CMakeFiles/2104_Project.dir/C_/VSARM/sdk/pico/pico-sdk/src/common/pico_time/time.c.obj
                0x10003b64                alarm_pool_add_repeating_timer_us
 .text.sleep_until
                0x10003bfc       0xfc CMakeFiles/2104_Project.dir/C_/VSARM/sdk/pico/pico-sdk/src/common/pico_time/time.c.obj
                0x10003bfc                sleep_until
 .text.sleep_us
                0x10003cf8       0x58 CMakeFiles/2104_Project.dir/C_/VSARM/sdk/pico/pico-sdk/src/common/pico_time/time.c.obj
                0x10003cf8                sleep_us
 .text.sleep_ms
                0x10003d50       0x14 CMakeFiles/2104_Project.dir/C_/VSARM/sdk/pico/pico-sdk/src/common/pico_time/time.c.obj
                0x10003d50                sleep_ms
 .text.best_effort_wfe_or_timeout
                0x10003d64       0x80 CMakeFiles/2104_Project.dir/C_/VSARM/sdk/pico/pico-sdk/src/common/pico_time/time.c.obj
                0x10003d64                best_effort_wfe_or_timeout
 .text.hardware_alarm_irq_handler
                0x10003de4       0x88 CMakeFiles/2104_Project.dir/C_/VSARM/sdk/pico/pico-sdk/src/rp2_common/hardware_timer/timer.c.obj
 .text.hardware_alarm_claim
                0x10003e6c       0x18 CMakeFiles/2104_Project.dir/C_/VSARM/sdk/pico/pico-sdk/src/rp2_common/hardware_timer/timer.c.obj
                0x10003e6c                hardware_alarm_claim
 .text.time_us_64
                0x10003e84       0x18 CMakeFiles/2104_Project.dir/C_/VSARM/sdk/pico/pico-sdk/src/rp2_common/hardware_timer/timer.c.obj
                0x10003e84                time_us_64
 .text.busy_wait_until
                0x10003e9c       0x28 CMakeFiles/2104_Project.dir/C_/VSARM/sdk/pico/pico-sdk/src/rp2_common/hardware_timer/timer.c.obj
                0x10003e9c                busy_wait_until
 .text.hardware_alarm_set_callback
                0x10003ec4       0x90 CMakeFiles/2104_Project.dir/C_/VSARM/sdk/pico/pico-sdk/src/rp2_common/hardware_timer/timer.c.obj
                0x10003ec4                hardware_alarm_set_callback
 .text.hardware_alarm_set_target
                0x10003f54       0xe8 CMakeFiles/2104_Project.dir/C_/VSARM/sdk/pico/pico-sdk/src/rp2_common/hardware_timer/timer.c.obj
                0x10003f54                hardware_alarm_set_target
 .text.hardware_alarm_cancel
                0x1000403c       0x40 CMakeFiles/2104_Project.dir/C_/VSARM/sdk/pico/pico-sdk/src/rp2_common/hardware_timer/timer.c.obj
                0x1000403c                hardware_alarm_cancel
 .text.ph_add_child_node
                0x1000407c       0xa0 CMakeFiles/2104_Project.dir/C_/VSARM/sdk/pico/pico-sdk/src/common/pico_util/pheap.c.obj
 .text.ph_merge_nodes
                0x1000411c       0x3e CMakeFiles/2104_Project.dir/C_/VSARM/sdk/pico/pico-sdk/src/common/pico_util/pheap.c.obj
 *fill*         0x1000415a        0x2 
 .text.ph_clear
                0x1000415c       0x70 CMakeFiles/2104_Project.dir/C_/VSARM/sdk/pico/pico-sdk/src/common/pico_util/pheap.c.obj
                0x1000415c                ph_clear
 .text.ph_post_alloc_init
                0x100041cc        0xe CMakeFiles/2104_Project.dir/C_/VSARM/sdk/pico/pico-sdk/src/common/pico_util/pheap.c.obj
                0x100041cc                ph_post_alloc_init
 *fill*         0x100041da        0x2 
 .text.ph_merge_two_pass
                0x100041dc       0xa4 CMakeFiles/2104_Project.dir/C_/VSARM/sdk/pico/pico-sdk/src/common/pico_util/pheap.c.obj
                0x100041dc                ph_merge_two_pass
 .text.ph_remove_any_head
                0x10004280      0x104 CMakeFiles/2104_Project.dir/C_/VSARM/sdk/pico/pico-sdk/src/common/pico_util/pheap.c.obj
 .text.ph_remove_head
                0x10004384       0x14 CMakeFiles/2104_Project.dir/C_/VSARM/sdk/pico/pico-sdk/src/common/pico_util/pheap.c.obj
                0x10004384                ph_remove_head
 .text.ph_remove_and_free_node
                0x10004398       0xf8 CMakeFiles/2104_Project.dir/C_/VSARM/sdk/pico/pico-sdk/src/common/pico_util/pheap.c.obj
                0x10004398                ph_remove_and_free_node
 .text.mutex_init
                0x10004490       0x1a CMakeFiles/2104_Project.dir/C_/VSARM/sdk/pico/pico-sdk/src/common/pico_sync/mutex.c.obj
                0x10004490                mutex_init
 .text.recursive_mutex_init
                0x100044aa       0x1e CMakeFiles/2104_Project.dir/C_/VSARM/sdk/pico/pico-sdk/src/common/pico_sync/mutex.c.obj
                0x100044aa                recursive_mutex_init
 .text.critical_section_init_with_lock_num
                0x100044c8       0x14 CMakeFiles/2104_Project.dir/C_/VSARM/sdk/pico/pico-sdk/src/common/pico_sync/critical_section.c.obj
                0x100044c8                critical_section_init_with_lock_num
 .text.critical_section_init
                0x100044dc       0x14 CMakeFiles/2104_Project.dir/C_/VSARM/sdk/pico/pico-sdk/src/common/pico_sync/critical_section.c.obj
                0x100044dc                critical_section_init
 .text.uart_set_baudrate
                0x100044f0       0x5c CMakeFiles/2104_Project.dir/C_/VSARM/sdk/pico/pico-sdk/src/rp2_common/hardware_uart/uart.c.obj
                0x100044f0                uart_set_baudrate
 .text.uart_set_translate_crlf
                0x1000454c       0x28 CMakeFiles/2104_Project.dir/C_/VSARM/sdk/pico/pico-sdk/src/rp2_common/hardware_uart/uart.c.obj
                0x1000454c                uart_set_translate_crlf
 .text.uart_init
                0x10004574       0x80 CMakeFiles/2104_Project.dir/C_/VSARM/sdk/pico/pico-sdk/src/rp2_common/hardware_uart/uart.c.obj
                0x10004574                uart_init
 .text._exit    0x100045f4        0x4 CMakeFiles/2104_Project.dir/C_/VSARM/sdk/pico/pico-sdk/src/rp2_common/pico_runtime/runtime.c.obj
                0x100045f4                _exit
 .text.exit     0x100045f8        0x6 CMakeFiles/2104_Project.dir/C_/VSARM/sdk/pico/pico-sdk/src/rp2_common/pico_runtime/runtime.c.obj
                0x100045f8                exit
 *fill*         0x100045fe        0x2 
 .text.__assert_func
                0x10004600       0x3c CMakeFiles/2104_Project.dir/C_/VSARM/sdk/pico/pico-sdk/src/rp2_common/pico_runtime/runtime.c.obj
                0x10004600                __assert_func
 .text.runtime_init
                0x1000463c       0xf8 CMakeFiles/2104_Project.dir/C_/VSARM/sdk/pico/pico-sdk/src/rp2_common/pico_runtime/runtime.c.obj
                0x1000463c                runtime_init
 .text.panic    0x10004734       0x30 CMakeFiles/2104_Project.dir/C_/VSARM/sdk/pico/pico-sdk/src/rp2_common/pico_runtime/runtime.c.obj
                0x10004734                panic
 .text.clock_configure
                0x10004764      0x104 CMakeFiles/2104_Project.dir/C_/VSARM/sdk/pico/pico-sdk/src/rp2_common/hardware_clocks/clocks.c.obj
                0x10004764                clock_configure
 .text.clocks_init
                0x10004868      0x100 CMakeFiles/2104_Project.dir/C_/VSARM/sdk/pico/pico-sdk/src/rp2_common/hardware_clocks/clocks.c.obj
                0x10004868                clocks_init
 .text.clock_get_hz
                0x10004968        0xc CMakeFiles/2104_Project.dir/C_/VSARM/sdk/pico/pico-sdk/src/rp2_common/hardware_clocks/clocks.c.obj
                0x10004968                clock_get_hz
 .text.pll_init
                0x10004974      0x140 CMakeFiles/2104_Project.dir/C_/VSARM/sdk/pico/pico-sdk/src/rp2_common/hardware_pll/pll.c.obj
                0x10004974                pll_init
 .text.watchdog_start_tick
                0x10004ab4       0x10 CMakeFiles/2104_Project.dir/C_/VSARM/sdk/pico/pico-sdk/src/rp2_common/hardware_watchdog/watchdog.c.obj
                0x10004ab4                watchdog_start_tick
 .text.watchdog_update
                0x10004ac4       0x14 CMakeFiles/2104_Project.dir/C_/VSARM/sdk/pico/pico-sdk/src/rp2_common/hardware_watchdog/watchdog.c.obj
                0x10004ac4                watchdog_update
 .text._watchdog_enable
                0x10004ad8       0x78 CMakeFiles/2104_Project.dir/C_/VSARM/sdk/pico/pico-sdk/src/rp2_common/hardware_watchdog/watchdog.c.obj
                0x10004ad8                _watchdog_enable
 .text.watchdog_reboot
                0x10004b50       0x48 CMakeFiles/2104_Project.dir/C_/VSARM/sdk/pico/pico-sdk/src/rp2_common/hardware_watchdog/watchdog.c.obj
                0x10004b50                watchdog_reboot
 .text.xosc_init
                0x10004b98       0x28 CMakeFiles/2104_Project.dir/C_/VSARM/sdk/pico/pico-sdk/src/rp2_common/hardware_xosc/xosc.c.obj
                0x10004b98                xosc_init
 .text._out_null
                0x10004bc0        0x2 CMakeFiles/2104_Project.dir/C_/VSARM/sdk/pico/pico-sdk/src/rp2_common/pico_printf/printf.c.obj
 .text._out_fct
                0x10004bc2        0xe CMakeFiles/2104_Project.dir/C_/VSARM/sdk/pico/pico-sdk/src/rp2_common/pico_printf/printf.c.obj
 .text._atoi    0x10004bd0       0x24 CMakeFiles/2104_Project.dir/C_/VSARM/sdk/pico/pico-sdk/src/rp2_common/pico_printf/printf.c.obj
 .text._out_rev
                0x10004bf4       0xae CMakeFiles/2104_Project.dir/C_/VSARM/sdk/pico/pico-sdk/src/rp2_common/pico_printf/printf.c.obj
 .text._ntoa_format
                0x10004ca2      0x112 CMakeFiles/2104_Project.dir/C_/VSARM/sdk/pico/pico-sdk/src/rp2_common/pico_printf/printf.c.obj
 .text._ntoa_long
                0x10004db4       0xbc CMakeFiles/2104_Project.dir/C_/VSARM/sdk/pico/pico-sdk/src/rp2_common/pico_printf/printf.c.obj
 .text._ntoa_long_long
                0x10004e70       0xe2 CMakeFiles/2104_Project.dir/C_/VSARM/sdk/pico/pico-sdk/src/rp2_common/pico_printf/printf.c.obj
 *fill*         0x10004f52        0x2 
 .text._etoa    0x10004f54      0x414 CMakeFiles/2104_Project.dir/C_/VSARM/sdk/pico/pico-sdk/src/rp2_common/pico_printf/printf.c.obj
 .text._ftoa    0x10005368      0x354 CMakeFiles/2104_Project.dir/C_/VSARM/sdk/pico/pico-sdk/src/rp2_common/pico_printf/printf.c.obj
 .text._vsnprintf
                0x100056bc      0x650 CMakeFiles/2104_Project.dir/C_/VSARM/sdk/pico/pico-sdk/src/rp2_common/pico_printf/printf.c.obj
 .text.vfctprintf
                0x10005d0c       0x20 CMakeFiles/2104_Project.dir/C_/VSARM/sdk/pico/pico-sdk/src/rp2_common/pico_printf/printf.c.obj
                0x10005d0c                vfctprintf
 .text          0x10005d2c       0x10 CMakeFiles/2104_Project.dir/C_/VSARM/sdk/pico/pico-sdk/src/rp2_common/pico_bit_ops/bit_ops_aeabi.S.obj
 .text.rom_func_lookup
                0x10005d3c       0x10 CMakeFiles/2104_Project.dir/C_/VSARM/sdk/pico/pico-sdk/src/rp2_common/pico_bootrom/bootrom.c.obj
                0x10005d3c                rom_func_lookup
 .text.rom_data_lookup
                0x10005d4c       0x10 CMakeFiles/2104_Project.dir/C_/VSARM/sdk/pico/pico-sdk/src/rp2_common/pico_bootrom/bootrom.c.obj
                0x10005d4c                rom_data_lookup
 .text.rom_funcs_lookup
                0x10005d5c       0x36 CMakeFiles/2104_Project.dir/C_/VSARM/sdk/pico/pico-sdk/src/rp2_common/pico_bootrom/bootrom.c.obj
                0x10005d5c                rom_funcs_lookup
 *fill*         0x10005d92        0x2 
 .text.__wrap___aeabi_idiv
                0x10005d94       0x50 CMakeFiles/2104_Project.dir/C_/VSARM/sdk/pico/pico-sdk/src/rp2_common/pico_divider/divider.S.obj
                0x10005d94                __wrap___aeabi_idivmod
                0x10005d94                divmod_s32s32
                0x10005d94                div_s32s32
                0x10005d94                __wrap___aeabi_idiv
                0x10005d9c                divmod_s32s32_unsafe
                0x10005dc8                divmod_s32s32_savestate
 .text.__wrap___aeabi_uidiv
                0x10005de4       0x4c CMakeFiles/2104_Project.dir/C_/VSARM/sdk/pico/pico-sdk/src/rp2_common/pico_divider/divider.S.obj
                0x10005de4                __wrap___aeabi_uidiv
                0x10005de4                __wrap___aeabi_uidivmod
                0x10005de4                div_u32u32
                0x10005de4                divmod_u32u32
                0x10005dec                divmod_u32u32_unsafe
                0x10005e14                divmod_u32u32_savestate
 .text.__wrap___aeabi_ldiv
                0x10005e30      0x434 CMakeFiles/2104_Project.dir/C_/VSARM/sdk/pico/pico-sdk/src/rp2_common/pico_divider/divider.S.obj
                0x10005e30                div_s64s64
                0x10005e30                divmod_s64s64
                0x10005e30                __wrap___aeabi_ldivmod
                0x10005e68                divmod_u64u64
                0x10005e68                div_u64u64
                0x10005e68                __wrap___aeabi_uldivmod
                0x10005e78                divmod_u64u64_savestate
                0x10005ea0                divmod_s64s64_unsafe
                0x10005f28                divmod_u64u64_unsafe
 .text.push_r8_r11
                0x10006264        0xc CMakeFiles/2104_Project.dir/C_/VSARM/sdk/pico/pico-sdk/src/rp2_common/pico_double/double_aeabi.S.obj
                0x10006264                push_r8_r11
 .text.pop_r8_r11
                0x10006270        0xc CMakeFiles/2104_Project.dir/C_/VSARM/sdk/pico/pico-sdk/src/rp2_common/pico_double/double_aeabi.S.obj
                0x10006270                pop_r8_r11
 .text.__wrap___aeabi_darithmetic
                0x1000627c       0x80 CMakeFiles/2104_Project.dir/C_/VSARM/sdk/pico/pico-sdk/src/rp2_common/pico_double/double_aeabi.S.obj
                0x1000627c                __wrap___aeabi_drsub
                0x10006282                __wrap___aeabi_dsub
                0x10006294                __wrap___aeabi_dadd
                0x100062a6                __wrap___aeabi_ddiv
                0x100062e2                __wrap___aeabi_dmul
 .text.__wrap___aeabi_cdcmple
                0x100062fc       0x6c CMakeFiles/2104_Project.dir/C_/VSARM/sdk/pico/pico-sdk/src/rp2_common/pico_double/double_aeabi.S.obj
                0x100062fc                __wrap___aeabi_cdrcmple
                0x1000630c                __wrap___aeabi_cdcmpeq
                0x1000630c                __wrap___aeabi_cdcmple
 .text.__wrap___aeabi_dcmplt
                0x10006368        0xc CMakeFiles/2104_Project.dir/C_/VSARM/sdk/pico/pico-sdk/src/rp2_common/pico_double/double_aeabi.S.obj
                0x10006368                __wrap___aeabi_dcmplt
 .text.__wrap___aeabi_dcmple
                0x10006374       0x10 CMakeFiles/2104_Project.dir/C_/VSARM/sdk/pico/pico-sdk/src/rp2_common/pico_double/double_aeabi.S.obj
                0x10006374                __wrap___aeabi_dcmple
 .text.__wrap___aeabi_dcmpge
                0x10006384       0x10 CMakeFiles/2104_Project.dir/C_/VSARM/sdk/pico/pico-sdk/src/rp2_common/pico_double/double_aeabi.S.obj
                0x10006384                __wrap___aeabi_dcmpge
 .text.__wrap___aeabi_dcmpgt
                0x10006394        0xa CMakeFiles/2104_Project.dir/C_/VSARM/sdk/pico/pico-sdk/src/rp2_common/pico_double/double_aeabi.S.obj
                0x10006394                __wrap___aeabi_dcmpgt
 .text.__wrap___aeabi_dcmpun
                0x1000639e       0x1c CMakeFiles/2104_Project.dir/C_/VSARM/sdk/pico/pico-sdk/src/rp2_common/pico_double/double_aeabi.S.obj
                0x1000639e                __wrap___aeabi_dcmpun
 *fill*         0x100063ba        0x2 
 .text.__wrap___aeabi_i2d
                0x100063bc       0x38 CMakeFiles/2104_Project.dir/C_/VSARM/sdk/pico/pico-sdk/src/rp2_common/pico_double/double_aeabi.S.obj
                0x100063bc                __wrap___aeabi_ui2d
                0x100063c4                __wrap___aeabi_i2d
 .text.__wrap___aeabi_d2iz
                0x100063f4       0x48 CMakeFiles/2104_Project.dir/C_/VSARM/sdk/pico/pico-sdk/src/rp2_common/pico_double/double_aeabi.S.obj
                0x100063f4                double2int_z
                0x100063f4                __wrap___aeabi_d2iz
 .text.__wrap___aeabi_d2uiz
                0x1000643c       0x18 CMakeFiles/2104_Project.dir/C_/VSARM/sdk/pico/pico-sdk/src/rp2_common/pico_double/double_aeabi.S.obj
                0x1000643c                __wrap___aeabi_d2uiz
                0x1000643c                double2uint
 .text.fix642double
                0x10006454       0x18 CMakeFiles/2104_Project.dir/C_/VSARM/sdk/pico/pico-sdk/src/rp2_common/pico_double/double_aeabi.S.obj
                0x10006454                fix642double
 .text.__wrap___aeabi_d2f
                0x1000646c       0x18 CMakeFiles/2104_Project.dir/C_/VSARM/sdk/pico/pico-sdk/src/rp2_common/pico_double/double_aeabi.S.obj
                0x1000646c                __wrap___aeabi_d2f
 .text.__wrap_sincostan_remainder
                0x10006484       0x14 CMakeFiles/2104_Project.dir/C_/VSARM/sdk/pico/pico-sdk/src/rp2_common/pico_double/double_aeabi.S.obj
                0x10006484                sincostan_remainder
 .text.__wrap_sin
                0x10006498       0x2c CMakeFiles/2104_Project.dir/C_/VSARM/sdk/pico/pico-sdk/src/rp2_common/pico_double/double_aeabi.S.obj
                0x10006498                __wrap_sin
 .text.__wrap_atan2
                0x100064c4       0x18 CMakeFiles/2104_Project.dir/C_/VSARM/sdk/pico/pico-sdk/src/rp2_common/pico_double/double_aeabi.S.obj
                0x100064c4                __wrap_atan2
 .text.__aeabi_double_init
                0x100064dc       0xc8 CMakeFiles/2104_Project.dir/C_/VSARM/sdk/pico/pico-sdk/src/rp2_common/pico_double/double_init_rom.c.obj
                0x100064dc                __aeabi_double_init
 .text.drem_0   0x100065a4      0x12e CMakeFiles/2104_Project.dir/C_/VSARM/sdk/pico/pico-sdk/src/rp2_common/pico_double/double_math.c.obj
 *fill*         0x100066d2        0x2 
 .text.__wrap_remquo
                0x100066d4      0x17c CMakeFiles/2104_Project.dir/C_/VSARM/sdk/pico/pico-sdk/src/rp2_common/pico_double/double_math.c.obj
                0x100066d4                __wrap_remquo
 .text.__wrap_remainder
                0x10006850       0x10 CMakeFiles/2104_Project.dir/C_/VSARM/sdk/pico/pico-sdk/src/rp2_common/pico_double/double_math.c.obj
                0x10006850                __wrap_remainder
 .text.double_table_shim_on_use_helper
                0x10006860       0x34 CMakeFiles/2104_Project.dir/C_/VSARM/sdk/pico/pico-sdk/src/rp2_common/pico_double/double_v1_rom_shim.S.obj
                0x10006860                double_table_shim_on_use_helper
 .text.__wrap___aeabi_dsub
                0x10006894       0x10 CMakeFiles/2104_Project.dir/C_/VSARM/sdk/pico/pico-sdk/src/rp2_common/pico_double/double_v1_rom_shim.S.obj
                0x10006894                drsub_shim
                0x1000689a                dsub_shim
 .text.dadd_shim
                0x100068a4      0x15c CMakeFiles/2104_Project.dir/C_/VSARM/sdk/pico/pico-sdk/src/rp2_common/pico_double/double_v1_rom_shim.S.obj
                0x100068a4                dadd_shim
 .text.dmul_shim
                0x10006a00      0x15c CMakeFiles/2104_Project.dir/C_/VSARM/sdk/pico/pico-sdk/src/rp2_common/pico_double/double_v1_rom_shim.S.obj
                0x10006a00                dmul_shim
 .text.ddiv_shim
                0x10006b5c      0x1b0 CMakeFiles/2104_Project.dir/C_/VSARM/sdk/pico/pico-sdk/src/rp2_common/pico_double/double_v1_rom_shim.S.obj
                0x10006b5c                ddiv_shim
 .text.dcordic_vec_step
                0x10006d0c        0xe CMakeFiles/2104_Project.dir/C_/VSARM/sdk/pico/pico-sdk/src/rp2_common/pico_double/double_v1_rom_shim.S.obj
                0x10006d0c                dcordic_vec_step
 .text.dcordic_rot_step
                0x10006d1a       0x76 CMakeFiles/2104_Project.dir/C_/VSARM/sdk/pico/pico-sdk/src/rp2_common/pico_double/double_v1_rom_shim.S.obj
                0x10006d1a                dcordic_rot_step
 .text.double2uint_shim
                0x10006d90        0xe CMakeFiles/2104_Project.dir/C_/VSARM/sdk/pico/pico-sdk/src/rp2_common/pico_double/double_v1_rom_shim.S.obj
                0x10006d90                double2uint_shim
                0x10006d92                double2ufix_shim
 .text.double2int64_shim
                0x10006d9e       0x1a CMakeFiles/2104_Project.dir/C_/VSARM/sdk/pico/pico-sdk/src/rp2_common/pico_double/double_v1_rom_shim.S.obj
                0x10006d9e                double2int64_shim
                0x10006da0                double2fix64_shim
 .text.double2uint64_shim
                0x10006db8       0x70 CMakeFiles/2104_Project.dir/C_/VSARM/sdk/pico/pico-sdk/src/rp2_common/pico_double/double_v1_rom_shim.S.obj
                0x10006db8                double2uint64_shim
                0x10006dba                double2ufix64_shim
                0x10006dda                d2fix_a
 .text.double2float_shim
                0x10006e28       0x5c CMakeFiles/2104_Project.dir/C_/VSARM/sdk/pico/pico-sdk/src/rp2_common/pico_double/double_v1_rom_shim.S.obj
                0x10006e28                double2float_shim
 .text.x2double_shims
                0x10006e84       0x90 CMakeFiles/2104_Project.dir/C_/VSARM/sdk/pico/pico-sdk/src/rp2_common/pico_double/double_v1_rom_shim.S.obj
                0x10006e84                uint2double_shim
                0x10006e86                ufix2double_shim
                0x10006e8c                int2double_shim
                0x10006e8e                fix2double_shim
                0x10006e94                uint642double_shim
                0x10006e96                ufix642double_shim
                0x10006e9c                int642double_shim
                0x10006e9e                fix642double_shim
 .text.dunpacks
                0x10006f14       0x3c CMakeFiles/2104_Project.dir/C_/VSARM/sdk/pico/pico-sdk/src/rp2_common/pico_double/double_v1_rom_shim.S.obj
                0x10006f14                dunpacks
 .text.dreduce  0x10006f50       0x82 CMakeFiles/2104_Project.dir/C_/VSARM/sdk/pico/pico-sdk/src/rp2_common/pico_double/double_v1_rom_shim.S.obj
                0x10006f50                dreduce
 .text.dsin_shim
                0x10006fd2       0x14 CMakeFiles/2104_Project.dir/C_/VSARM/sdk/pico/pico-sdk/src/rp2_common/pico_double/double_v1_rom_shim.S.obj
                0x10006fd2                dsin_shim
 *fill*         0x10006fe6        0x2 
 .text.dtrig_guts
                0x10006fe8      0x2ec CMakeFiles/2104_Project.dir/C_/VSARM/sdk/pico/pico-sdk/src/rp2_common/pico_double/double_v1_rom_shim.S.obj
                0x100070c0                datan2_shim
 .text.__aeabi_lmul
                0x100072d4       0x32 CMakeFiles/2104_Project.dir/C_/VSARM/sdk/pico/pico-sdk/src/rp2_common/pico_int64_ops/pico_int64_ops_aeabi.S.obj
                0x100072d4                __wrap___aeabi_lmul
 *fill*         0x10007306        0x2 
 .text.__wrap___aeabi_farithmetic
                0x10007308       0x58 CMakeFiles/2104_Project.dir/C_/VSARM/sdk/pico/pico-sdk/src/rp2_common/pico_float/float_aeabi.S.obj
                0x10007308                __wrap___aeabi_frsub
                0x1000730e                __wrap___aeabi_fsub
                0x10007318                __wrap___aeabi_fadd
                0x10007322                __wrap___aeabi_fdiv
                0x1000734e                __wrap___aeabi_fmul
 .text.__wrap___aeabi_cfcmple
                0x10007360       0x50 CMakeFiles/2104_Project.dir/C_/VSARM/sdk/pico/pico-sdk/src/rp2_common/pico_float/float_aeabi.S.obj
                0x10007360                __wrap___aeabi_cfrcmple
                0x1000736c                __wrap___aeabi_cfcmple
                0x1000736c                __wrap___aeabi_cfcmpeq
 .text.__wrap___aeabi_fcmplt
                0x100073b0        0xc CMakeFiles/2104_Project.dir/C_/VSARM/sdk/pico/pico-sdk/src/rp2_common/pico_float/float_aeabi.S.obj
                0x100073b0                __wrap___aeabi_fcmplt
 .text.__wrap___aeabi_fcmpgt
                0x100073bc        0xa CMakeFiles/2104_Project.dir/C_/VSARM/sdk/pico/pico-sdk/src/rp2_common/pico_float/float_aeabi.S.obj
                0x100073bc                __wrap___aeabi_fcmpgt
 .text.__wrap___aeabi_ui2f
                0x100073c6        0xa CMakeFiles/2104_Project.dir/C_/VSARM/sdk/pico/pico-sdk/src/rp2_common/pico_float/float_aeabi.S.obj
                0x100073c6                __wrap___aeabi_ui2f
 .text.__wrap___aeabi_i2f
                0x100073d0       0x44 CMakeFiles/2104_Project.dir/C_/VSARM/sdk/pico/pico-sdk/src/rp2_common/pico_float/float_aeabi.S.obj
                0x100073d0                __wrap___aeabi_i2f
 .text.__wrap___aeabi_f2iz
                0x10007414       0x4e CMakeFiles/2104_Project.dir/C_/VSARM/sdk/pico/pico-sdk/src/rp2_common/pico_float/float_aeabi.S.obj
                0x10007414                float2int_z
                0x10007414                __wrap___aeabi_f2iz
 *fill*         0x10007462        0x2 
 .text.float2int
                0x10007464       0x14 CMakeFiles/2104_Project.dir/C_/VSARM/sdk/pico/pico-sdk/src/rp2_common/pico_float/float_aeabi.S.obj
                0x10007464                float2int
 .text.__wrap___aeabi_f2uiz
                0x10007478       0x10 CMakeFiles/2104_Project.dir/C_/VSARM/sdk/pico/pico-sdk/src/rp2_common/pico_float/float_aeabi.S.obj
                0x10007478                __wrap___aeabi_f2uiz
 .text.__wrap___aeabi_l2f
                0x10007488       0x20 CMakeFiles/2104_Project.dir/C_/VSARM/sdk/pico/pico-sdk/src/rp2_common/pico_float/float_aeabi.S.obj
                0x1000748c                __wrap___aeabi_l2f
 .text.__wrap___aeabi_f2d
                0x100074a8       0x14 CMakeFiles/2104_Project.dir/C_/VSARM/sdk/pico/pico-sdk/src/rp2_common/pico_float/float_aeabi.S.obj
                0x100074a8                __wrap___aeabi_f2d
 .text.__aeabi_float_init
                0x100074bc       0xfc CMakeFiles/2104_Project.dir/C_/VSARM/sdk/pico/pico-sdk/src/rp2_common/pico_float/float_init_rom.c.obj
                0x100074bc                __aeabi_float_init
 .text.float_table_shim_on_use_helper
                0x100075b8       0x34 CMakeFiles/2104_Project.dir/C_/VSARM/sdk/pico/pico-sdk/src/rp2_common/pico_float/float_v1_rom_shim.S.obj
                0x100075b8                float_table_shim_on_use_helper
 .text.642float_shims
                0x100075ec       0x44 CMakeFiles/2104_Project.dir/C_/VSARM/sdk/pico/pico-sdk/src/rp2_common/pico_float/float_v1_rom_shim.S.obj
                0x100075ec                uint642float_shim
                0x100075ee                ufix642float_shim
                0x100075fe                int642float_shim
                0x10007600                fix642float_shim
 .text.float232_shims
                0x10007630       0x18 CMakeFiles/2104_Project.dir/C_/VSARM/sdk/pico/pico-sdk/src/rp2_common/pico_float/float_v1_rom_shim.S.obj
                0x10007630                float2int_shim
                0x10007632                float2fix_shim
 .text.float2double_shim
                0x10007648       0x30 CMakeFiles/2104_Project.dir/C_/VSARM/sdk/pico/pico-sdk/src/rp2_common/pico_float/float_v1_rom_shim.S.obj
                0x10007648                float2double_shim
 .text          0x10007678       0x10 CMakeFiles/2104_Project.dir/C_/VSARM/sdk/pico/pico-sdk/src/rp2_common/pico_mem_ops/mem_ops_aeabi.S.obj
                0x10007678                __aeabi_mem_init
 .text.memset   0x10007688        0xc CMakeFiles/2104_Project.dir/C_/VSARM/sdk/pico/pico-sdk/src/rp2_common/pico_mem_ops/mem_ops_aeabi.S.obj
                0x10007688                __wrap_memset
 .text.memcpy   0x10007694        0xc CMakeFiles/2104_Project.dir/C_/VSARM/sdk/pico/pico-sdk/src/rp2_common/pico_mem_ops/mem_ops_aeabi.S.obj
                0x10007694                __wrap_memcpy
                0x10007694                __wrap___aeabi_memcpy
 .text.stdio_out_chars_no_crlf
                0x100076a0        0xe CMakeFiles/2104_Project.dir/C_/VSARM/sdk/pico/pico-sdk/src/rp2_common/pico_stdio/stdio.c.obj
 *fill*         0x100076ae        0x2 
 .text.stdio_out_chars_crlf
                0x100076b0       0x80 CMakeFiles/2104_Project.dir/C_/VSARM/sdk/pico/pico-sdk/src/rp2_common/pico_stdio/stdio.c.obj
 .text.stdio_stack_buffer_flush
                0x10007730       0x44 CMakeFiles/2104_Project.dir/C_/VSARM/sdk/pico/pico-sdk/src/rp2_common/pico_stdio/stdio.c.obj
 .text.stdio_buffered_printer
                0x10007774       0x20 CMakeFiles/2104_Project.dir/C_/VSARM/sdk/pico/pico-sdk/src/rp2_common/pico_stdio/stdio.c.obj
 .text.stdout_serialize_begin
                0x10007794       0x30 CMakeFiles/2104_Project.dir/C_/VSARM/sdk/pico/pico-sdk/src/rp2_common/pico_stdio/stdio.c.obj
                0x10007794                stdout_serialize_begin
 .text.stdout_serialize_end
                0x100077c4       0x10 CMakeFiles/2104_Project.dir/C_/VSARM/sdk/pico/pico-sdk/src/rp2_common/pico_stdio/stdio.c.obj
                0x100077c4                stdout_serialize_end
 .text.stdio_put_string
                0x100077d4       0x98 CMakeFiles/2104_Project.dir/C_/VSARM/sdk/pico/pico-sdk/src/rp2_common/pico_stdio/stdio.c.obj
 .text.stdio_set_driver_enabled
                0x1000786c       0x2c CMakeFiles/2104_Project.dir/C_/VSARM/sdk/pico/pico-sdk/src/rp2_common/pico_stdio/stdio.c.obj
                0x1000786c                stdio_set_driver_enabled
 .text.stdio_flush
                0x10007898       0x20 CMakeFiles/2104_Project.dir/C_/VSARM/sdk/pico/pico-sdk/src/rp2_common/pico_stdio/stdio.c.obj
                0x10007898                stdio_flush
 .text.__wrap_puts
                0x100078b8       0x1e CMakeFiles/2104_Project.dir/C_/VSARM/sdk/pico/pico-sdk/src/rp2_common/pico_stdio/stdio.c.obj
                0x100078b8                __wrap_puts
 *fill*         0x100078d6        0x2 
 .text.__wrap_vprintf
                0x100078d8       0x44 CMakeFiles/2104_Project.dir/C_/VSARM/sdk/pico/pico-sdk/src/rp2_common/pico_stdio/stdio.c.obj
                0x100078d8                __wrap_vprintf
 .text.__wrap_printf
                0x1000791c       0x18 CMakeFiles/2104_Project.dir/C_/VSARM/sdk/pico/pico-sdk/src/rp2_common/pico_stdio/stdio.c.obj
                0x1000791c                __wrap_printf
 .text.stdio_init_all
                0x10007934        0xc CMakeFiles/2104_Project.dir/C_/VSARM/sdk/pico/pico-sdk/src/rp2_common/pico_stdio/stdio.c.obj
                0x10007934                stdio_init_all
 .text.stdio_uart_out_chars
                0x10007940       0x74 CMakeFiles/2104_Project.dir/C_/VSARM/sdk/pico/pico-sdk/src/rp2_common/pico_stdio_uart/stdio_uart.c.obj
 .text.stdio_uart_in_chars
                0x100079b4       0x58 CMakeFiles/2104_Project.dir/C_/VSARM/sdk/pico/pico-sdk/src/rp2_common/pico_stdio_uart/stdio_uart.c.obj
                0x100079b4                stdio_uart_in_chars
 .text.stdio_uart_init_full
                0x10007a0c       0x3c CMakeFiles/2104_Project.dir/C_/VSARM/sdk/pico/pico-sdk/src/rp2_common/pico_stdio_uart/stdio_uart.c.obj
                0x10007a0c                stdio_uart_init_full
 .text.stdio_uart_init
                0x10007a48       0x28 CMakeFiles/2104_Project.dir/C_/VSARM/sdk/pico/pico-sdk/src/rp2_common/pico_stdio_uart/stdio_uart.c.obj
                0x10007a48                stdio_uart_init
 .text.resetd_init
                0x10007a70        0x2 CMakeFiles/2104_Project.dir/C_/VSARM/sdk/pico/pico-sdk/src/rp2_common/pico_stdio_usb/reset_interface.c.obj
 *fill*         0x10007a72        0x2 
 .text.resetd_reset
                0x10007a74        0xc CMakeFiles/2104_Project.dir/C_/VSARM/sdk/pico/pico-sdk/src/rp2_common/pico_stdio_usb/reset_interface.c.obj
 .text.resetd_open
                0x10007a80       0x34 CMakeFiles/2104_Project.dir/C_/VSARM/sdk/pico/pico-sdk/src/rp2_common/pico_stdio_usb/reset_interface.c.obj
 .text.resetd_xfer_cb
                0x10007ab4        0x4 CMakeFiles/2104_Project.dir/C_/VSARM/sdk/pico/pico-sdk/src/rp2_common/pico_stdio_usb/reset_interface.c.obj
 .text.reset_usb_boot
                0x10007ab8       0x18 CMakeFiles/2104_Project.dir/C_/VSARM/sdk/pico/pico-sdk/src/rp2_common/pico_stdio_usb/reset_interface.c.obj
 .text.resetd_control_xfer_cb
                0x10007ad0       0x5c CMakeFiles/2104_Project.dir/C_/VSARM/sdk/pico/pico-sdk/src/rp2_common/pico_stdio_usb/reset_interface.c.obj
 .text.usbd_app_driver_get_cb
                0x10007b2c        0xc CMakeFiles/2104_Project.dir/C_/VSARM/sdk/pico/pico-sdk/src/rp2_common/pico_stdio_usb/reset_interface.c.obj
                0x10007b2c                usbd_app_driver_get_cb
 .text.tud_cdc_line_coding_cb
                0x10007b38       0x28 CMakeFiles/2104_Project.dir/C_/VSARM/sdk/pico/pico-sdk/src/rp2_common/pico_stdio_usb/reset_interface.c.obj
                0x10007b38                tud_cdc_line_coding_cb
 .text.stdio_usb_in_chars
                0x10007b60       0x70 CMakeFiles/2104_Project.dir/C_/VSARM/sdk/pico/pico-sdk/src/rp2_common/pico_stdio_usb/stdio_usb.c.obj
                0x10007b60                stdio_usb_in_chars
 .text.low_priority_worker_irq
                0x10007bd0       0x20 CMakeFiles/2104_Project.dir/C_/VSARM/sdk/pico/pico-sdk/src/rp2_common/pico_stdio_usb/stdio_usb.c.obj
 .text.stdio_usb_out_chars
                0x10007bf0       0xd4 CMakeFiles/2104_Project.dir/C_/VSARM/sdk/pico/pico-sdk/src/rp2_common/pico_stdio_usb/stdio_usb.c.obj
 .text.timer_task
                0x10007cc4       0x40 CMakeFiles/2104_Project.dir/C_/VSARM/sdk/pico/pico-sdk/src/rp2_common/pico_stdio_usb/stdio_usb.c.obj
 .text.usb_irq  0x10007d04       0x10 CMakeFiles/2104_Project.dir/C_/VSARM/sdk/pico/pico-sdk/src/rp2_common/pico_stdio_usb/stdio_usb.c.obj
 .text.stdio_usb_init
                0x10007d14       0xec CMakeFiles/2104_Project.dir/C_/VSARM/sdk/pico/pico-sdk/src/rp2_common/pico_stdio_usb/stdio_usb.c.obj
                0x10007d14                stdio_usb_init
 .text.tud_descriptor_device_cb
                0x10007e00        0x8 CMakeFiles/2104_Project.dir/C_/VSARM/sdk/pico/pico-sdk/src/rp2_common/pico_stdio_usb/stdio_usb_descriptors.c.obj
                0x10007e00                tud_descriptor_device_cb
 .text.tud_descriptor_configuration_cb
                0x10007e08        0x8 CMakeFiles/2104_Project.dir/C_/VSARM/sdk/pico/pico-sdk/src/rp2_common/pico_stdio_usb/stdio_usb_descriptors.c.obj
                0x10007e08                tud_descriptor_configuration_cb
 .text.tud_descriptor_string_cb
                0x10007e10       0x6c CMakeFiles/2104_Project.dir/C_/VSARM/sdk/pico/pico-sdk/src/rp2_common/pico_stdio_usb/stdio_usb_descriptors.c.obj
                0x10007e10                tud_descriptor_string_cb
 .text.hw_endpoint_get_by_addr
                0x10007e7c       0x18 CMakeFiles/2104_Project.dir/C_/VSARM/sdk/pico/pico-sdk/lib/tinyusb/src/portable/raspberrypi/rp2040/dcd_rp2040.c.obj
 .text.reset_ep0_pid
                0x10007e94       0x28 CMakeFiles/2104_Project.dir/C_/VSARM/sdk/pico/pico-sdk/lib/tinyusb/src/portable/raspberrypi/rp2040/dcd_rp2040.c.obj
 .text._hw_endpoint_alloc
                0x10007ebc       0x70 CMakeFiles/2104_Project.dir/C_/VSARM/sdk/pico/pico-sdk/lib/tinyusb/src/portable/raspberrypi/rp2040/dcd_rp2040.c.obj
 .text.hw_endpoint_init
                0x10007f2c       0x88 CMakeFiles/2104_Project.dir/C_/VSARM/sdk/pico/pico-sdk/lib/tinyusb/src/portable/raspberrypi/rp2040/dcd_rp2040.c.obj
 .text.reset_non_control_endpoints
                0x10007fb4       0x40 CMakeFiles/2104_Project.dir/C_/VSARM/sdk/pico/pico-sdk/lib/tinyusb/src/portable/raspberrypi/rp2040/dcd_rp2040.c.obj
 .text.hw_handle_buff_status
                0x10007ff4       0x8c CMakeFiles/2104_Project.dir/C_/VSARM/sdk/pico/pico-sdk/lib/tinyusb/src/portable/raspberrypi/rp2040/dcd_rp2040.c.obj
 .text.dcd_rp2040_irq
                0x10008080       0xc0 CMakeFiles/2104_Project.dir/C_/VSARM/sdk/pico/pico-sdk/lib/tinyusb/src/portable/raspberrypi/rp2040/dcd_rp2040.c.obj
 .text.hw_endpoint_xfer
                0x10008140       0x14 CMakeFiles/2104_Project.dir/C_/VSARM/sdk/pico/pico-sdk/lib/tinyusb/src/portable/raspberrypi/rp2040/dcd_rp2040.c.obj
 .text.dcd_int_enable
                0x10008154       0x2c CMakeFiles/2104_Project.dir/C_/VSARM/sdk/pico/pico-sdk/lib/tinyusb/src/portable/raspberrypi/rp2040/dcd_rp2040.c.obj
                0x10008154                dcd_int_enable
 .text.dcd_set_address
                0x10008180       0x2c CMakeFiles/2104_Project.dir/C_/VSARM/sdk/pico/pico-sdk/lib/tinyusb/src/portable/raspberrypi/rp2040/dcd_rp2040.c.obj
                0x10008180                dcd_set_address
 .text.dcd_connect
                0x100081ac       0x10 CMakeFiles/2104_Project.dir/C_/VSARM/sdk/pico/pico-sdk/lib/tinyusb/src/portable/raspberrypi/rp2040/dcd_rp2040.c.obj
                0x100081ac                dcd_connect
 .text.dcd_init
                0x100081bc       0x7c CMakeFiles/2104_Project.dir/C_/VSARM/sdk/pico/pico-sdk/lib/tinyusb/src/portable/raspberrypi/rp2040/dcd_rp2040.c.obj
                0x100081bc                dcd_init
 .text.dcd_edpt0_status_complete
                0x10008238       0x1c CMakeFiles/2104_Project.dir/C_/VSARM/sdk/pico/pico-sdk/lib/tinyusb/src/portable/raspberrypi/rp2040/dcd_rp2040.c.obj
                0x10008238                dcd_edpt0_status_complete
 .text.dcd_edpt_open
                0x10008254       0x40 CMakeFiles/2104_Project.dir/C_/VSARM/sdk/pico/pico-sdk/lib/tinyusb/src/portable/raspberrypi/rp2040/dcd_rp2040.c.obj
                0x10008254                dcd_edpt_open
 .text.dcd_edpt_close_all
                0x10008294        0x8 CMakeFiles/2104_Project.dir/C_/VSARM/sdk/pico/pico-sdk/lib/tinyusb/src/portable/raspberrypi/rp2040/dcd_rp2040.c.obj
                0x10008294                dcd_edpt_close_all
 .text.dcd_edpt_xfer
                0x1000829c       0x30 CMakeFiles/2104_Project.dir/C_/VSARM/sdk/pico/pico-sdk/lib/tinyusb/src/portable/raspberrypi/rp2040/dcd_rp2040.c.obj
                0x1000829c                dcd_edpt_xfer
 .text.dcd_edpt_stall
                0x100082cc       0x2c CMakeFiles/2104_Project.dir/C_/VSARM/sdk/pico/pico-sdk/lib/tinyusb/src/portable/raspberrypi/rp2040/dcd_rp2040.c.obj
                0x100082cc                dcd_edpt_stall
 .text.dcd_edpt_clear_stall
                0x100082f8       0x20 CMakeFiles/2104_Project.dir/C_/VSARM/sdk/pico/pico-sdk/lib/tinyusb/src/portable/raspberrypi/rp2040/dcd_rp2040.c.obj
                0x100082f8                dcd_edpt_clear_stall
 .text.prepare_ep_buffer
                0x10008318       0x6c CMakeFiles/2104_Project.dir/C_/VSARM/sdk/pico/pico-sdk/lib/tinyusb/src/portable/raspberrypi/rp2040/rp2040_usb.c.obj
 .text.sync_ep_buffer
                0x10008384       0x78 CMakeFiles/2104_Project.dir/C_/VSARM/sdk/pico/pico-sdk/lib/tinyusb/src/portable/raspberrypi/rp2040/rp2040_usb.c.obj
 .text._hw_endpoint_xfer_sync
                0x100083fc       0x28 CMakeFiles/2104_Project.dir/C_/VSARM/sdk/pico/pico-sdk/lib/tinyusb/src/portable/raspberrypi/rp2040/rp2040_usb.c.obj
 .text.rp2040_usb_init
                0x10008424       0x4c CMakeFiles/2104_Project.dir/C_/VSARM/sdk/pico/pico-sdk/lib/tinyusb/src/portable/raspberrypi/rp2040/rp2040_usb.c.obj
                0x10008424                rp2040_usb_init
 .text.hw_endpoint_reset_transfer
                0x10008470        0xc CMakeFiles/2104_Project.dir/C_/VSARM/sdk/pico/pico-sdk/lib/tinyusb/src/portable/raspberrypi/rp2040/rp2040_usb.c.obj
                0x10008470                hw_endpoint_reset_transfer
 .text._hw_endpoint_buffer_control_update32
                0x1000847c       0x58 CMakeFiles/2104_Project.dir/C_/VSARM/sdk/pico/pico-sdk/lib/tinyusb/src/portable/raspberrypi/rp2040/rp2040_usb.c.obj
                0x1000847c                _hw_endpoint_buffer_control_update32
 .text._hw_endpoint_start_next_buffer
                0x100084d4       0x74 CMakeFiles/2104_Project.dir/C_/VSARM/sdk/pico/pico-sdk/lib/tinyusb/src/portable/raspberrypi/rp2040/rp2040_usb.c.obj
 .text.hw_endpoint_xfer_start
                0x10008548       0x48 CMakeFiles/2104_Project.dir/C_/VSARM/sdk/pico/pico-sdk/lib/tinyusb/src/portable/raspberrypi/rp2040/rp2040_usb.c.obj
                0x10008548                hw_endpoint_xfer_start
 .text.hw_endpoint_xfer_continue
                0x10008590       0x38 CMakeFiles/2104_Project.dir/C_/VSARM/sdk/pico/pico-sdk/lib/tinyusb/src/portable/raspberrypi/rp2040/rp2040_usb.c.obj
                0x10008590                hw_endpoint_xfer_continue
 .text.configuration_reset
                0x100085c8       0x84 CMakeFiles/2104_Project.dir/C_/VSARM/sdk/pico/pico-sdk/lib/tinyusb/src/device/usbd.c.obj
 .text.usbd_reset
                0x1000864c        0xc CMakeFiles/2104_Project.dir/C_/VSARM/sdk/pico/pico-sdk/lib/tinyusb/src/device/usbd.c.obj
 .text.invoke_class_control
                0x10008658       0x1a CMakeFiles/2104_Project.dir/C_/VSARM/sdk/pico/pico-sdk/lib/tinyusb/src/device/usbd.c.obj
 *fill*         0x10008672        0x2 
 .text.process_set_config
                0x10008674      0x1b0 CMakeFiles/2104_Project.dir/C_/VSARM/sdk/pico/pico-sdk/lib/tinyusb/src/device/usbd.c.obj
 .text.process_get_descriptor
                0x10008824       0xec CMakeFiles/2104_Project.dir/C_/VSARM/sdk/pico/pico-sdk/lib/tinyusb/src/device/usbd.c.obj
 .text.tud_mounted
                0x10008910       0x10 CMakeFiles/2104_Project.dir/C_/VSARM/sdk/pico/pico-sdk/lib/tinyusb/src/device/usbd.c.obj
                0x10008910                tud_mounted
 .text.tud_suspended
                0x10008920       0x10 CMakeFiles/2104_Project.dir/C_/VSARM/sdk/pico/pico-sdk/lib/tinyusb/src/device/usbd.c.obj
                0x10008920                tud_suspended
 .text.tud_inited
                0x10008930        0xc CMakeFiles/2104_Project.dir/C_/VSARM/sdk/pico/pico-sdk/lib/tinyusb/src/device/usbd.c.obj
                0x10008930                tud_inited
 .text.tud_init
                0x1000893c       0xcc CMakeFiles/2104_Project.dir/C_/VSARM/sdk/pico/pico-sdk/lib/tinyusb/src/device/usbd.c.obj
                0x1000893c                tud_init
 .text.dcd_event_handler
                0x10008a08      0x1e0 CMakeFiles/2104_Project.dir/C_/VSARM/sdk/pico/pico-sdk/lib/tinyusb/src/device/usbd.c.obj
                0x10008a08                dcd_event_handler
 .text.dcd_event_bus_signal
                0x10008be8       0x26 CMakeFiles/2104_Project.dir/C_/VSARM/sdk/pico/pico-sdk/lib/tinyusb/src/device/usbd.c.obj
                0x10008be8                dcd_event_bus_signal
 .text.dcd_event_bus_reset
                0x10008c0e       0x2a CMakeFiles/2104_Project.dir/C_/VSARM/sdk/pico/pico-sdk/lib/tinyusb/src/device/usbd.c.obj
                0x10008c0e                dcd_event_bus_reset
 .text.dcd_event_setup_received
                0x10008c38       0x34 CMakeFiles/2104_Project.dir/C_/VSARM/sdk/pico/pico-sdk/lib/tinyusb/src/device/usbd.c.obj
                0x10008c38                dcd_event_setup_received
 .text.dcd_event_xfer_complete
                0x10008c6c       0x44 CMakeFiles/2104_Project.dir/C_/VSARM/sdk/pico/pico-sdk/lib/tinyusb/src/device/usbd.c.obj
                0x10008c6c                dcd_event_xfer_complete
 .text.usbd_edpt_open
                0x10008cb0       0x58 CMakeFiles/2104_Project.dir/C_/VSARM/sdk/pico/pico-sdk/lib/tinyusb/src/device/usbd.c.obj
                0x10008cb0                usbd_edpt_open
 .text.usbd_open_edpt_pair
                0x10008d08       0x8c CMakeFiles/2104_Project.dir/C_/VSARM/sdk/pico/pico-sdk/lib/tinyusb/src/device/usbd.c.obj
                0x10008d08                usbd_open_edpt_pair
 .text.usbd_edpt_claim
                0x10008d94       0x8c CMakeFiles/2104_Project.dir/C_/VSARM/sdk/pico/pico-sdk/lib/tinyusb/src/device/usbd.c.obj
                0x10008d94                usbd_edpt_claim
 .text.usbd_edpt_release
                0x10008e20       0x68 CMakeFiles/2104_Project.dir/C_/VSARM/sdk/pico/pico-sdk/lib/tinyusb/src/device/usbd.c.obj
                0x10008e20                usbd_edpt_release
 .text.usbd_edpt_xfer
                0x10008e88       0x84 CMakeFiles/2104_Project.dir/C_/VSARM/sdk/pico/pico-sdk/lib/tinyusb/src/device/usbd.c.obj
                0x10008e88                usbd_edpt_xfer
 .text.usbd_edpt_stall
                0x10008f0c       0x40 CMakeFiles/2104_Project.dir/C_/VSARM/sdk/pico/pico-sdk/lib/tinyusb/src/device/usbd.c.obj
                0x10008f0c                usbd_edpt_stall
 .text.usbd_edpt_clear_stall
                0x10008f4c       0x40 CMakeFiles/2104_Project.dir/C_/VSARM/sdk/pico/pico-sdk/lib/tinyusb/src/device/usbd.c.obj
                0x10008f4c                usbd_edpt_clear_stall
 .text.usbd_edpt_stalled
                0x10008f8c       0x1c CMakeFiles/2104_Project.dir/C_/VSARM/sdk/pico/pico-sdk/lib/tinyusb/src/device/usbd.c.obj
                0x10008f8c                usbd_edpt_stalled
 .text.process_control_request
                0x10008fa8      0x3b8 CMakeFiles/2104_Project.dir/C_/VSARM/sdk/pico/pico-sdk/lib/tinyusb/src/device/usbd.c.obj
 .text.tud_task
                0x10009360      0x218 CMakeFiles/2104_Project.dir/C_/VSARM/sdk/pico/pico-sdk/lib/tinyusb/src/device/usbd.c.obj
                0x10009360                tud_task
 .text._data_stage_xact
                0x10009578       0x58 CMakeFiles/2104_Project.dir/C_/VSARM/sdk/pico/pico-sdk/lib/tinyusb/src/device/usbd_control.c.obj
 .text.tud_control_status
                0x100095d0       0x38 CMakeFiles/2104_Project.dir/C_/VSARM/sdk/pico/pico-sdk/lib/tinyusb/src/device/usbd_control.c.obj
                0x100095d0                tud_control_status
 .text.tud_control_xfer
                0x10009608       0xa8 CMakeFiles/2104_Project.dir/C_/VSARM/sdk/pico/pico-sdk/lib/tinyusb/src/device/usbd_control.c.obj
                0x10009608                tud_control_xfer
 .text.usbd_control_reset
                0x100096b0       0x14 CMakeFiles/2104_Project.dir/C_/VSARM/sdk/pico/pico-sdk/lib/tinyusb/src/device/usbd_control.c.obj
                0x100096b0                usbd_control_reset
 .text.usbd_control_set_complete_callback
                0x100096c4        0xc CMakeFiles/2104_Project.dir/C_/VSARM/sdk/pico/pico-sdk/lib/tinyusb/src/device/usbd_control.c.obj
                0x100096c4                usbd_control_set_complete_callback
 .text.usbd_control_set_request
                0x100096d0       0x1c CMakeFiles/2104_Project.dir/C_/VSARM/sdk/pico/pico-sdk/lib/tinyusb/src/device/usbd_control.c.obj
                0x100096d0                usbd_control_set_request
 .text.usbd_control_xfer_cb
                0x100096ec       0xfc CMakeFiles/2104_Project.dir/C_/VSARM/sdk/pico/pico-sdk/lib/tinyusb/src/device/usbd_control.c.obj
                0x100096ec                usbd_control_xfer_cb
 .text._prep_out_transaction
                0x100097e8       0x46 CMakeFiles/2104_Project.dir/C_/VSARM/sdk/pico/pico-sdk/lib/tinyusb/src/class/cdc/cdc_device.c.obj
 *fill*         0x1000982e        0x2 
 .text.tud_cdc_n_connected
                0x10009830       0x44 CMakeFiles/2104_Project.dir/C_/VSARM/sdk/pico/pico-sdk/lib/tinyusb/src/class/cdc/cdc_device.c.obj
                0x10009830                tud_cdc_n_connected
 .text.tud_cdc_n_available
                0x10009874       0x18 CMakeFiles/2104_Project.dir/C_/VSARM/sdk/pico/pico-sdk/lib/tinyusb/src/class/cdc/cdc_device.c.obj
                0x10009874                tud_cdc_n_available
 .text.tud_cdc_n_read
                0x1000988c       0x28 CMakeFiles/2104_Project.dir/C_/VSARM/sdk/pico/pico-sdk/lib/tinyusb/src/class/cdc/cdc_device.c.obj
                0x1000988c                tud_cdc_n_read
 .text.tud_cdc_n_write_flush
                0x100098b4       0xcc CMakeFiles/2104_Project.dir/C_/VSARM/sdk/pico/pico-sdk/lib/tinyusb/src/class/cdc/cdc_device.c.obj
                0x100098b4                tud_cdc_n_write_flush
 .text.tud_cdc_n_write
                0x10009980       0x38 CMakeFiles/2104_Project.dir/C_/VSARM/sdk/pico/pico-sdk/lib/tinyusb/src/class/cdc/cdc_device.c.obj
                0x10009980                tud_cdc_n_write
 .text.tud_cdc_n_write_available
                0x100099b8       0x1c CMakeFiles/2104_Project.dir/C_/VSARM/sdk/pico/pico-sdk/lib/tinyusb/src/class/cdc/cdc_device.c.obj
                0x100099b8                tud_cdc_n_write_available
 .text.cdcd_init
                0x100099d4       0xbc CMakeFiles/2104_Project.dir/C_/VSARM/sdk/pico/pico-sdk/lib/tinyusb/src/class/cdc/cdc_device.c.obj
                0x100099d4                cdcd_init
 .text.cdcd_reset
                0x10009a90       0x44 CMakeFiles/2104_Project.dir/C_/VSARM/sdk/pico/pico-sdk/lib/tinyusb/src/class/cdc/cdc_device.c.obj
                0x10009a90                cdcd_reset
 .text.cdcd_open
                0x10009ad4       0xf8 CMakeFiles/2104_Project.dir/C_/VSARM/sdk/pico/pico-sdk/lib/tinyusb/src/class/cdc/cdc_device.c.obj
                0x10009ad4                cdcd_open
 .text.cdcd_control_xfer_cb
                0x10009bcc      0x134 CMakeFiles/2104_Project.dir/C_/VSARM/sdk/pico/pico-sdk/lib/tinyusb/src/class/cdc/cdc_device.c.obj
                0x10009bcc                cdcd_control_xfer_cb
 .text.cdcd_xfer_cb
                0x10009d00      0x144 CMakeFiles/2104_Project.dir/C_/VSARM/sdk/pico/pico-sdk/lib/tinyusb/src/class/cdc/cdc_device.c.obj
                0x10009d00                cdcd_xfer_cb
 .text.tusb_init
                0x10009e44       0x24 CMakeFiles/2104_Project.dir/C_/VSARM/sdk/pico/pico-sdk/lib/tinyusb/src/tusb.c.obj
                0x10009e44                tusb_init
 .text.tusb_inited
                0x10009e68        0xe CMakeFiles/2104_Project.dir/C_/VSARM/sdk/pico/pico-sdk/lib/tinyusb/src/tusb.c.obj
                0x10009e68                tusb_inited
 *fill*         0x10009e76        0x2 
 .text.tu_edpt_validate
                0x10009e78       0xa8 CMakeFiles/2104_Project.dir/C_/VSARM/sdk/pico/pico-sdk/lib/tinyusb/src/tusb.c.obj
                0x10009e78                tu_edpt_validate
 .text.tu_edpt_bind_driver
                0x10009f20       0x2a CMakeFiles/2104_Project.dir/C_/VSARM/sdk/pico/pico-sdk/lib/tinyusb/src/tusb.c.obj
                0x10009f20                tu_edpt_bind_driver
 .text.advance_pointer
                0x10009f4a       0x18 CMakeFiles/2104_Project.dir/C_/VSARM/sdk/pico/pico-sdk/lib/tinyusb/src/common/tusb_fifo.c.obj
 .text.backward_pointer
                0x10009f62       0x1e CMakeFiles/2104_Project.dir/C_/VSARM/sdk/pico/pico-sdk/lib/tinyusb/src/common/tusb_fifo.c.obj
 .text.get_relative_pointer
                0x10009f80       0x10 CMakeFiles/2104_Project.dir/C_/VSARM/sdk/pico/pico-sdk/lib/tinyusb/src/common/tusb_fifo.c.obj
 .text._tu_fifo_peek
                0x10009f90       0x50 CMakeFiles/2104_Project.dir/C_/VSARM/sdk/pico/pico-sdk/lib/tinyusb/src/common/tusb_fifo.c.obj
 .text._ff_pull_const_addr
                0x10009fe0       0x4c CMakeFiles/2104_Project.dir/C_/VSARM/sdk/pico/pico-sdk/lib/tinyusb/src/common/tusb_fifo.c.obj
 .text._ff_pull_n
                0x1000a02c      0x10c CMakeFiles/2104_Project.dir/C_/VSARM/sdk/pico/pico-sdk/lib/tinyusb/src/common/tusb_fifo.c.obj
 .text._tu_fifo_peek_n
                0x1000a138       0x5e CMakeFiles/2104_Project.dir/C_/VSARM/sdk/pico/pico-sdk/lib/tinyusb/src/common/tusb_fifo.c.obj
 .text._tu_fifo_read_n
                0x1000a196       0x4e CMakeFiles/2104_Project.dir/C_/VSARM/sdk/pico/pico-sdk/lib/tinyusb/src/common/tusb_fifo.c.obj
 .text._ff_push_const_addr
                0x1000a1e4       0x40 CMakeFiles/2104_Project.dir/C_/VSARM/sdk/pico/pico-sdk/lib/tinyusb/src/common/tusb_fifo.c.obj
 .text._ff_push_n
                0x1000a224      0x108 CMakeFiles/2104_Project.dir/C_/VSARM/sdk/pico/pico-sdk/lib/tinyusb/src/common/tusb_fifo.c.obj
 .text._tu_fifo_write_n
                0x1000a32c       0x9e CMakeFiles/2104_Project.dir/C_/VSARM/sdk/pico/pico-sdk/lib/tinyusb/src/common/tusb_fifo.c.obj
 .text.tu_fifo_config
                0x1000a3ca       0x72 CMakeFiles/2104_Project.dir/C_/VSARM/sdk/pico/pico-sdk/lib/tinyusb/src/common/tusb_fifo.c.obj
                0x1000a3ca                tu_fifo_config
 .text.tu_fifo_count
                0x1000a43c       0x26 CMakeFiles/2104_Project.dir/C_/VSARM/sdk/pico/pico-sdk/lib/tinyusb/src/common/tusb_fifo.c.obj
                0x1000a43c                tu_fifo_count
 .text.tu_fifo_empty
                0x1000a462        0xe CMakeFiles/2104_Project.dir/C_/VSARM/sdk/pico/pico-sdk/lib/tinyusb/src/common/tusb_fifo.c.obj
                0x1000a462                tu_fifo_empty
 .text.tu_fifo_remaining
                0x1000a470       0x20 CMakeFiles/2104_Project.dir/C_/VSARM/sdk/pico/pico-sdk/lib/tinyusb/src/common/tusb_fifo.c.obj
                0x1000a470                tu_fifo_remaining
 .text.tu_fifo_read
                0x1000a490       0x42 CMakeFiles/2104_Project.dir/C_/VSARM/sdk/pico/pico-sdk/lib/tinyusb/src/common/tusb_fifo.c.obj
                0x1000a490                tu_fifo_read
 .text.tu_fifo_read_n
                0x1000a4d2        0xa CMakeFiles/2104_Project.dir/C_/VSARM/sdk/pico/pico-sdk/lib/tinyusb/src/common/tusb_fifo.c.obj
                0x1000a4d2                tu_fifo_read_n
 .text.tu_fifo_write
                0x1000a4dc       0x6a CMakeFiles/2104_Project.dir/C_/VSARM/sdk/pico/pico-sdk/lib/tinyusb/src/common/tusb_fifo.c.obj
                0x1000a4dc                tu_fifo_write
 .text.tu_fifo_write_n
                0x1000a546        0xa CMakeFiles/2104_Project.dir/C_/VSARM/sdk/pico/pico-sdk/lib/tinyusb/src/common/tusb_fifo.c.obj
                0x1000a546                tu_fifo_write_n
 .text.tu_fifo_clear
                0x1000a550       0x4c CMakeFiles/2104_Project.dir/C_/VSARM/sdk/pico/pico-sdk/lib/tinyusb/src/common/tusb_fifo.c.obj
                0x1000a550                tu_fifo_clear
 .text.tu_fifo_set_overwritable
                0x1000a59c       0x3c CMakeFiles/2104_Project.dir/C_/VSARM/sdk/pico/pico-sdk/lib/tinyusb/src/common/tusb_fifo.c.obj
                0x1000a59c                tu_fifo_set_overwritable
 .text._retrieve_unique_id_on_boot
                0x1000a5d8       0x10 CMakeFiles/2104_Project.dir/C_/VSARM/sdk/pico/pico-sdk/src/rp2_common/pico_unique_id/unique_id.c.obj
 .text.pico_get_unique_board_id_string
                0x1000a5e8       0x5c CMakeFiles/2104_Project.dir/C_/VSARM/sdk/pico/pico-sdk/src/rp2_common/pico_unique_id/unique_id.c.obj
                0x1000a5e8                pico_get_unique_board_id_string
 .text.flash_get_unique_id
                0x1000a644       0x46 CMakeFiles/2104_Project.dir/C_/VSARM/sdk/pico/pico-sdk/src/rp2_common/hardware_flash/flash.c.obj
                0x1000a644                flash_get_unique_id
 .text.i2c_write_blocking_internal
                0x1000a68a      0x140 CMakeFiles/2104_Project.dir/C_/VSARM/sdk/pico/pico-sdk/src/rp2_common/hardware_i2c/i2c.c.obj
 .text.i2c_read_blocking_internal
                0x1000a7ca       0xea CMakeFiles/2104_Project.dir/C_/VSARM/sdk/pico/pico-sdk/src/rp2_common/hardware_i2c/i2c.c.obj
 .text.i2c_set_baudrate
                0x1000a8b4       0xf0 CMakeFiles/2104_Project.dir/C_/VSARM/sdk/pico/pico-sdk/src/rp2_common/hardware_i2c/i2c.c.obj
                0x1000a8b4                i2c_set_baudrate
 .text.i2c_init
                0x1000a9a4       0x58 CMakeFiles/2104_Project.dir/C_/VSARM/sdk/pico/pico-sdk/src/rp2_common/hardware_i2c/i2c.c.obj
                0x1000a9a4                i2c_init
 .text.i2c_write_blocking
                0x1000a9fc       0x18 CMakeFiles/2104_Project.dir/C_/VSARM/sdk/pico/pico-sdk/src/rp2_common/hardware_i2c/i2c.c.obj
                0x1000a9fc                i2c_write_blocking
 .text.i2c_read_blocking
                0x1000aa14       0x18 CMakeFiles/2104_Project.dir/C_/VSARM/sdk/pico/pico-sdk/src/rp2_common/hardware_i2c/i2c.c.obj
                0x1000aa14                i2c_read_blocking
 .text.adc_init
                0x1000aa2c       0x34 CMakeFiles/2104_Project.dir/C_/VSARM/sdk/pico/pico-sdk/src/rp2_common/hardware_adc/adc.c.obj
                0x1000aa2c                adc_init
 .text.strlen   0x1000aa60       0x5c c:/vsarm/armcc/1142da~1.3re/bin/../lib/gcc/arm-none-eabi/11.3.1/thumb/v6-m/nofp\libg.a(libc_a-strlen-stub.o)
                0x1000aa60                strlen
 *(.fini)
 .fini          0x1000aabc        0x4 c:/vsarm/armcc/1142da~1.3re/bin/../lib/gcc/arm-none-eabi/11.3.1/thumb/v6-m/nofp/crti.o
                0x1000aabc                _fini
 .fini.__stub   0x1000aac0       0x70 linker stubs
 *crtbegin.o(.ctors)
 *crtbegin?.o(.ctors)
 *(EXCLUDE_FILE(*crtend.o *crtend?.o) .ctors)
 *(SORT_BY_NAME(.ctors.*))
 *(.ctors)
 *crtbegin.o(.dtors)
 *crtbegin?.o(.dtors)
 *(EXCLUDE_FILE(*crtend.o *crtend?.o) .dtors)
 *(SORT_BY_NAME(.dtors.*))
 *(.dtors)
 *(.eh_frame*)
 .eh_frame      0x1000ab30        0x0 c:/vsarm/armcc/1142da~1.3re/bin/../lib/gcc/arm-none-eabi/11.3.1/thumb/v6-m/nofp/crtbegin.o
                0x1000ab30                . = ALIGN (0x4)

.glue_7         0x1000ab30        0x0
 .glue_7        0x1000ab30        0x0 linker stubs

.glue_7t        0x1000ab30        0x0
 .glue_7t       0x1000ab30        0x0 linker stubs

.vfp11_veneer   0x1000ab30        0x0
 .vfp11_veneer  0x1000ab30        0x0 linker stubs

.v4_bx          0x1000ab30        0x0
 .v4_bx         0x1000ab30        0x0 linker stubs

.iplt           0x1000ab30        0x0
 .iplt          0x1000ab30        0x0 c:/vsarm/armcc/1142da~1.3re/bin/../lib/gcc/arm-none-eabi/11.3.1/thumb/v6-m/nofp/crtbegin.o

.rodata         0x1000ab30     0x1dc8
 *(EXCLUDE_FILE(*libm.a: *libc.a:*lib_a-mem*.o *libgcc.a:) .rodata*)
 .rodata.Push.str1.4
                0x1000ab30        0xf CMakeFiles/2104_Project.dir/mapping.c.obj
 *fill*         0x1000ab3f        0x1 
 .rodata.Pop.str1.4
                0x1000ab40       0x10 CMakeFiles/2104_Project.dir/mapping.c.obj
 .rodata.SetCar.str1.4
                0x1000ab50        0xc CMakeFiles/2104_Project.dir/mapping.c.obj
 .rodata.targetLocator.str1.4
                0x1000ab5c       0x94 CMakeFiles/2104_Project.dir/mapping.c.obj
 .rodata.uart_read_data.str1.4
                0x1000abf0        0xf CMakeFiles/2104_Project.dir/comms_uart.c.obj
 *fill*         0x1000abff        0x1 
 .rodata.__bi_20.0
                0x1000ac00        0x8 CMakeFiles/2104_Project.dir/comms_i2c.c.obj
 .rodata.ISR_PID.str1.4
                0x1000ac08       0x17 CMakeFiles/2104_Project.dir/motor.c.obj
 *fill*         0x1000ac1f        0x1 
 .rodata.moveForwardBY.str1.4
                0x1000ac20       0x18 CMakeFiles/2104_Project.dir/motor.c.obj
 .rodata.getPulse.str1.4
                0x1000ac38       0x61 CMakeFiles/2104_Project.dir/ultrasonic.c.obj
 *fill*         0x1000ac99        0x3 
 .rodata.ultrasonicPulse.str1.4
                0x1000ac9c        0xd CMakeFiles/2104_Project.dir/ultrasonic.c.obj
 *fill*         0x1000aca9        0x3 
 .rodata.__func__.0
                0x1000acac       0x15 CMakeFiles/2104_Project.dir/ultrasonic.c.obj
 *fill*         0x1000acc1        0x3 
 .rodata.mpu6050_calibration.str1.4
                0x1000acc4       0x22 CMakeFiles/2104_Project.dir/mpu.c.obj
 *fill*         0x1000ace6        0x2 
 .rodata.checkBumpISR.str1.4
                0x1000ace8       0x2d CMakeFiles/2104_Project.dir/mpu.c.obj
 *fill*         0x1000ad15        0x3 
 .rodata.__bi_208.0
                0x1000ad18        0x8 CMakeFiles/2104_Project.dir/mpu.c.obj
 .rodata.printArray.str1.4
                0x1000ad20       0x24 CMakeFiles/2104_Project.dir/barcode.c.obj
 .rodata.decodeBarcode.str1.4
                0x1000ad44      0x313 CMakeFiles/2104_Project.dir/barcode.c.obj
 *fill*         0x1000b057        0x1 
 .rodata.detectBar_raw.str1.4
                0x1000b058       0x18 CMakeFiles/2104_Project.dir/barcode.c.obj
 .rodata        0x1000b070      0x141 CMakeFiles/2104_Project.dir/barcode.c.obj
 *fill*         0x1000b1b1        0x3 
 .rodata.spin_lock_claim_unused.str1.4
                0x1000b1b4       0x1b CMakeFiles/2104_Project.dir/C_/VSARM/sdk/pico/pico-sdk/src/rp2_common/hardware_sync/sync.c.obj
 *fill*         0x1000b1cf        0x1 
 .rodata.make_branch.str1.4
                0x1000b1d0       0x6d CMakeFiles/2104_Project.dir/C_/VSARM/sdk/pico/pico-sdk/src/rp2_common/hardware_irq/irq.c.obj
 *fill*         0x1000b23d        0x3 
 .rodata.insert_branch_and_link.str1.4
                0x1000b240       0x10 CMakeFiles/2104_Project.dir/C_/VSARM/sdk/pico/pico-sdk/src/rp2_common/hardware_irq/irq.c.obj
 .rodata.irq_set_exclusive_handler.str1.4
                0x1000b250       0x36 CMakeFiles/2104_Project.dir/C_/VSARM/sdk/pico/pico-sdk/src/rp2_common/hardware_irq/irq.c.obj
 *fill*         0x1000b286        0x2 
 .rodata.irq_add_shared_handler.str1.4
                0x1000b288       0xd9 CMakeFiles/2104_Project.dir/C_/VSARM/sdk/pico/pico-sdk/src/rp2_common/hardware_irq/irq.c.obj
 *fill*         0x1000b361        0x3 
 .rodata.irq_remove_handler.str1.4
                0x1000b364       0x2a CMakeFiles/2104_Project.dir/C_/VSARM/sdk/pico/pico-sdk/src/rp2_common/hardware_irq/irq.c.obj
 *fill*         0x1000b38e        0x2 
 .rodata.irq_add_tail_to_free_list.str1.4
                0x1000b390       0x3a CMakeFiles/2104_Project.dir/C_/VSARM/sdk/pico/pico-sdk/src/rp2_common/hardware_irq/irq.c.obj
 *fill*         0x1000b3ca        0x2 
 .rodata.user_irq_claim_unused.str1.4
                0x1000b3cc       0x1b CMakeFiles/2104_Project.dir/C_/VSARM/sdk/pico/pico-sdk/src/rp2_common/hardware_irq/irq.c.obj
 *fill*         0x1000b3e7        0x1 
 .rodata.__func__.0
                0x1000b3e8       0x1a CMakeFiles/2104_Project.dir/C_/VSARM/sdk/pico/pico-sdk/src/rp2_common/hardware_irq/irq.c.obj
 *fill*         0x1000b402        0x2 
 .rodata.__func__.1
                0x1000b404       0x17 CMakeFiles/2104_Project.dir/C_/VSARM/sdk/pico/pico-sdk/src/rp2_common/hardware_irq/irq.c.obj
 *fill*         0x1000b41b        0x1 
 .rodata.__func__.2
                0x1000b41c       0x13 CMakeFiles/2104_Project.dir/C_/VSARM/sdk/pico/pico-sdk/src/rp2_common/hardware_irq/irq.c.obj
 *fill*         0x1000b42f        0x1 
 .rodata.__func__.3
                0x1000b430        0xc CMakeFiles/2104_Project.dir/C_/VSARM/sdk/pico/pico-sdk/src/rp2_common/hardware_irq/irq.c.obj
 .rodata.__func__.4
                0x1000b43c        0xf CMakeFiles/2104_Project.dir/C_/VSARM/sdk/pico/pico-sdk/src/rp2_common/hardware_irq/irq.c.obj
 *fill*         0x1000b44b        0x1 
 .rodata.__func__.5
                0x1000b44c       0x17 CMakeFiles/2104_Project.dir/C_/VSARM/sdk/pico/pico-sdk/src/rp2_common/hardware_irq/irq.c.obj
 *fill*         0x1000b463        0x1 
 .rodata.__func__.6
                0x1000b464       0x1a CMakeFiles/2104_Project.dir/C_/VSARM/sdk/pico/pico-sdk/src/rp2_common/hardware_irq/irq.c.obj
 *fill*         0x1000b47e        0x2 
 .rodata.repeating_timer_callback.str1.4
                0x1000b480       0x4b CMakeFiles/2104_Project.dir/C_/VSARM/sdk/pico/pico-sdk/src/common/pico_time/time.c.obj
 *fill*         0x1000b4cb        0x1 
 .rodata.alarm_pool_dump_key.str1.4
                0x1000b4cc       0x33 CMakeFiles/2104_Project.dir/C_/VSARM/sdk/pico/pico-sdk/src/common/pico_time/time.c.obj
 *fill*         0x1000b4ff        0x1 
 .rodata.ph_add_child_node.str1.4
                0x1000b500       0x96 CMakeFiles/2104_Project.dir/C_/VSARM/sdk/pico/pico-sdk/src/common/pico_time/time.c.obj
 *fill*         0x1000b596        0x2 
 .rodata.add_alarm_under_lock.str1.4
                0x1000b598       0x28 CMakeFiles/2104_Project.dir/C_/VSARM/sdk/pico/pico-sdk/src/common/pico_time/time.c.obj
                                 0x2b (size before relaxing)
 .rodata.alarm_pool_alarm_callback.str1.4
                0x1000b5c0       0x82 CMakeFiles/2104_Project.dir/C_/VSARM/sdk/pico/pico-sdk/src/common/pico_time/time.c.obj
                                 0xe6 (size before relaxing)
 *fill*         0x1000b642        0x2 
 .rodata.alarm_pool_get_default.str1.4
                0x1000b644       0x21 CMakeFiles/2104_Project.dir/C_/VSARM/sdk/pico/pico-sdk/src/common/pico_time/time.c.obj
 *fill*         0x1000b665        0x3 
 .rodata.alarm_pool_cancel_alarm.str1.4
                0x1000b668       0x27 CMakeFiles/2104_Project.dir/C_/VSARM/sdk/pico/pico-sdk/src/common/pico_time/time.c.obj
 *fill*         0x1000b68f        0x1 
 .rodata.sleep_until.str1.4
                0x1000b690       0x4d CMakeFiles/2104_Project.dir/C_/VSARM/sdk/pico/pico-sdk/src/common/pico_time/time.c.obj
 *fill*         0x1000b6dd        0x3 
 .rodata.__func__.0
                0x1000b6e0       0x19 CMakeFiles/2104_Project.dir/C_/VSARM/sdk/pico/pico-sdk/src/common/pico_time/time.c.obj
 *fill*         0x1000b6f9        0x3 
 .rodata.__func__.1
                0x1000b6fc       0x18 CMakeFiles/2104_Project.dir/C_/VSARM/sdk/pico/pico-sdk/src/common/pico_time/time.c.obj
 .rodata.__func__.10
                0x1000b714       0x15 CMakeFiles/2104_Project.dir/C_/VSARM/sdk/pico/pico-sdk/src/common/pico_time/time.c.obj
 *fill*         0x1000b729        0x3 
 .rodata.__func__.11
                0x1000b72c       0x1a CMakeFiles/2104_Project.dir/C_/VSARM/sdk/pico/pico-sdk/src/common/pico_time/time.c.obj
 *fill*         0x1000b746        0x2 
 .rodata.__func__.12
                0x1000b748        0xa CMakeFiles/2104_Project.dir/C_/VSARM/sdk/pico/pico-sdk/src/common/pico_time/time.c.obj
 *fill*         0x1000b752        0x2 
 .rodata.__func__.3
                0x1000b754       0x17 CMakeFiles/2104_Project.dir/C_/VSARM/sdk/pico/pico-sdk/src/common/pico_time/time.c.obj
 *fill*         0x1000b76b        0x1 
 .rodata.__func__.4
                0x1000b76c       0x12 CMakeFiles/2104_Project.dir/C_/VSARM/sdk/pico/pico-sdk/src/common/pico_time/time.c.obj
 *fill*         0x1000b77e        0x2 
 .rodata.__func__.5
                0x1000b780        0xd CMakeFiles/2104_Project.dir/C_/VSARM/sdk/pico/pico-sdk/src/common/pico_time/time.c.obj
 *fill*         0x1000b78d        0x3 
 .rodata.__func__.6
                0x1000b790       0x12 CMakeFiles/2104_Project.dir/C_/VSARM/sdk/pico/pico-sdk/src/common/pico_time/time.c.obj
 *fill*         0x1000b7a2        0x2 
 .rodata.__func__.7
                0x1000b7a4        0xf CMakeFiles/2104_Project.dir/C_/VSARM/sdk/pico/pico-sdk/src/common/pico_time/time.c.obj
 *fill*         0x1000b7b3        0x1 
 .rodata.__func__.8
                0x1000b7b4        0xc CMakeFiles/2104_Project.dir/C_/VSARM/sdk/pico/pico-sdk/src/common/pico_time/time.c.obj
 .rodata.__func__.9
                0x1000b7c0       0x15 CMakeFiles/2104_Project.dir/C_/VSARM/sdk/pico/pico-sdk/src/common/pico_time/time.c.obj
 *fill*         0x1000b7d5        0x3 
 .rodata.hardware_alarm_claim.str1.4
                0x1000b7d8       0x22 CMakeFiles/2104_Project.dir/C_/VSARM/sdk/pico/pico-sdk/src/rp2_common/hardware_timer/timer.c.obj
 *fill*         0x1000b7fa        0x2 
 .rodata.hardware_alarm_set_target.str1.4
                0x1000b7fc       0x65 CMakeFiles/2104_Project.dir/C_/VSARM/sdk/pico/pico-sdk/src/rp2_common/hardware_timer/timer.c.obj
 *fill*         0x1000b861        0x3 
 .rodata.__func__.0
                0x1000b864       0x1a CMakeFiles/2104_Project.dir/C_/VSARM/sdk/pico/pico-sdk/src/rp2_common/hardware_timer/timer.c.obj
 .rodata.ph_add_child_node.str1.4
                0x1000b87e       0x96 CMakeFiles/2104_Project.dir/C_/VSARM/sdk/pico/pico-sdk/src/common/pico_util/pheap.c.obj
 *fill*         0x1000b87e        0x2 
 .rodata.ph_remove_any_head.str1.4
                0x1000b880       0x8c CMakeFiles/2104_Project.dir/C_/VSARM/sdk/pico/pico-sdk/src/common/pico_util/pheap.c.obj
 .rodata.ph_remove_and_free_node.str1.4
                0x1000b90c       0x1e CMakeFiles/2104_Project.dir/C_/VSARM/sdk/pico/pico-sdk/src/common/pico_util/pheap.c.obj
                                 0x26 (size before relaxing)
 *fill*         0x1000b92a        0x2 
 .rodata.__func__.0
                0x1000b92c       0x18 CMakeFiles/2104_Project.dir/C_/VSARM/sdk/pico/pico-sdk/src/common/pico_util/pheap.c.obj
 .rodata.__func__.1